[Mon 07/27/2026 12:09:06.12] ===== GitHell v2.0 Daily Run START ===== 
[Mon 07/27/2026 12:09:06.20] Compiling GitHell.java... 
[Mon 07/27/2026 12:09:07.83] Running daily mode... 
? Config loaded: d:\Xampp\htdocs\commit-automation-project\config.properties
????????????????????????????????????????????????
?   ? GitHell v2.0 - DAILY AUTO MODE          ?
?   Multi-Repo | Smart Msg | Retry | Stats     ?
????????????????????????????????????????????????
[2026-07-27 12:09:08] Memulai daily run...


? Repo: d:\Xampp\htdocs\commit-automation-project
???????????????????????????????????????????????????????
? Git pull...
    You are not currently on a branch.
    Please specify which branch you want to rebase against.
    See git-pull(1) for details.
    
        git pull <remote> <branch>
    
  ??  Exit code: 1
??  Pull gagal/konflik: Command failed with exit code: 1. Melakukan abort...
    fatal: no rebase in progress
  ??  Exit code: 128
    fatal: There is no merge to abort (MERGE_HEAD missing).
  ??  Exit code: 128
  [01/20] Commit #8557...
    warning: in the working copy of 'abyss/README.yml', LF will be replaced by CRLF the next time Git touches it
    [detached HEAD 5f574ebe] fix: resolve edge cases [2026-07-27 #1]
     1 file changed, 11 insertions(+), 10 deletions(-)
  [02/20] Commit #8558...
    warning: in the working copy of 'abyss/README.yml', LF will be replaced by CRLF the next time Git touches it
    [detached HEAD c94974d3] refactor: improve code structure [2026-07-27 #2]
     1 file changed, 4 insertions(+), 4 deletions(-)
  [03/20] Commit #8559...
    warning: in the working copy of 'abyss/README.yml', LF will be replaced by CRLF the next time Git touches it
    [detached HEAD 82552560] docs: update documentation [2026-07-27 #3]
     1 file changed, 4 insertions(+), 4 deletions(-)
  [04/20] Commit #8560...
    warning: in the working copy of 'abyss/README.yml', LF will be replaced by CRLF the next time Git touches it
    [detached HEAD 153436f3] chore: remove unused code [2026-07-27 #4]
     1 file changed, 4 insertions(+), 4 deletions(-)
  [05/20] Commit #8561...
    warning: in the working copy of 'abyss/README.yml', LF will be replaced by CRLF the next time Git touches it
    [detached HEAD 7aa35643] test: add missing test cases [2026-07-27 #5]
     1 file changed, 3 insertions(+), 3 deletions(-)
  [06/20] Commit #8562...
    warning: in the working copy of 'abyss/README.yml', LF will be replaced by CRLF the next time Git touches it
    [detached HEAD 180fbc2f] refactor: extract common utilities [2026-07-27 #6]
     1 file changed, 4 insertions(+), 4 deletions(-)
  [07/20] Commit #8563...
    warning: in the working copy of 'abyss/README.yml', LF will be replaced by CRLF the next time Git touches it
    [detached HEAD 774991cd] feat: add new utility functions [2026-07-27 #7]
     1 file changed, 4 insertions(+), 4 deletions(-)
  [08/20] Commit #8564...
    warning: in the working copy of 'abyss/README.yml', LF will be replaced by CRLF the next time Git touches it
    [detached HEAD 9c85156b] fix: minor bug fixes [2026-07-27 #8]
     1 file changed, 4 insertions(+), 4 deletions(-)
  [09/20] Commit #8565...
    warning: in the working copy of 'abyss/README.yml', LF will be replaced by CRLF the next time Git touches it
    [detached HEAD a9ad71f0] ci: update automation pipeline [2026-07-27 #9]
     1 file changed, 4 insertions(+), 4 deletions(-)
  [10/20] Commit #8566...
    warning: in the working copy of 'abyss/README.yml', LF will be replaced by CRLF the next time Git touches it
    [detached HEAD 64863135] ci: update automation pipeline [2026-07-27 #10]
     1 file changed, 3 insertions(+), 3 deletions(-)
  [11/20] Commit #8567...
    warning: in the working copy of 'abyss/README.yml', LF will be replaced by CRLF the next time Git touches it
    [detached HEAD 55fcfe59] chore: update dependencies [2026-07-27 #11]
     1 file changed, 4 insertions(+), 4 deletions(-)
  [12/20] Commit #8568...
    warning: in the working copy of 'abyss/README.yml', LF will be replaced by CRLF the next time Git touches it
    [detached HEAD 33da77f1] fix: handle error gracefully [2026-07-27 #12]
     1 file changed, 4 insertions(+), 4 deletions(-)
  [13/20] Commit #8569...
    warning: in the working copy of 'abyss/README.yml', LF will be replaced by CRLF the next time Git touches it
    [detached HEAD eb815512] feat: implement new helper methods [2026-07-27 #13]
     1 file changed, 4 insertions(+), 4 deletions(-)
  [14/20] Commit #8570...
    warning: in the working copy of 'abyss/README.yml', LF will be replaced by CRLF the next time Git touches it
    [detached HEAD cfed35df] refactor: extract common utilities [2026-07-27 #14]
     1 file changed, 4 insertions(+), 4 deletions(-)
  [15/20] Commit #8571...
    warning: in the working copy of 'abyss/README.yml', LF will be replaced by CRLF the next time Git touches it
    [detached HEAD 4d168361] refactor: reorganize file structure [2026-07-27 #15]
     1 file changed, 4 insertions(+), 4 deletions(-)
  [16/20] Commit #8572...
    warning: in the working copy of 'abyss/README.yml', LF will be replaced by CRLF the next time Git touches it
    [detached HEAD 2d59593e] chore: remove unused code [2026-07-27 #16]
     1 file changed, 4 insertions(+), 4 deletions(-)
  [17/20] Commit #8573...
    warning: in the working copy of 'abyss/README.yml', LF will be replaced by CRLF the next time Git touches it
    [detached HEAD 6bef78e2] fix: minor bug fixes [2026-07-27 #17]
     1 file changed, 4 insertions(+), 4 deletions(-)
  [18/20] Commit #8574...
    warning: in the working copy of 'abyss/README.yml', LF will be replaced by CRLF the next time Git touches it
    [detached HEAD adc165bb] chore: update project files [2026-07-27 #18]
     1 file changed, 4 insertions(+), 4 deletions(-)
  [19/20] Commit #8575...
    warning: in the working copy of 'abyss/README.yml', LF will be replaced by CRLF the next time Git touches it
    [detached HEAD 5a7b515e] fix: handle error gracefully [2026-07-27 #19]
     1 file changed, 4 insertions(+), 4 deletions(-)
  [20/20] Commit #8576...
    warning: in the working copy of 'abyss/README.yml', LF will be replaced by CRLF the next time Git touches it
    [detached HEAD 75d23242] style: improve code formatting [2026-07-27 #20]
     1 file changed, 4 insertions(+), 4 deletions(-)

? Pushing ke remote...
  ? Branch: main
    To https://github.com/dimasrahmandaalfarizi/commit-automation.git
       c8b61ce6..75d23242  HEAD -> main
  ? Branch: abbys
    To https://github.com/dimasrahmandaalfarizi/commit-automation.git
     + 276c3dc2...75d23242 HEAD -> abbys (forced update)

????????????????????????????????????????????????
?  ? Selesai! 20 commit | 1/1 repo | 36s
????????????????????????????????????????????????
[2026-07-27 12:09:44] Program selesai.

? Stats saved ? d:\Xampp\htdocs\commit-automation-project\stats.csv
? Windows Toast sent.
[Mon 07/27/2026 12:09:45.17] ===== GitHell v2.0 Daily Run END ===== 
 
