[Mon 07/06/2026 21:23:55.70] ===== GitHell v2.0 Daily Run START ===== 
[Mon 07/06/2026 21:23:55.71] Compiling GitHell.java... 
[Mon 07/06/2026 21:23:56.83] Running daily mode... 
? Config loaded: d:\Xampp\htdocs\commit-automation-project\config.properties
????????????????????????????????????????????????
?   ? GitHell v2.0 - DAILY AUTO MODE          ?
?   Multi-Repo | Smart Msg | Retry | Stats     ?
????????????????????????????????????????????????
[2026-07-06 21:23:57] Memulai daily run...


? Repo: d:\Xampp\htdocs\commit-automation-project
???????????????????????????????????????????????????????
? Git pull...
    error: cannot pull with rebase: You have unstaged changes.
    error: Please commit or stash them.
  ??  Exit code: 128
  [01/20] Commit #8137...
    warning: in the working copy of 'abyss/README.yml', LF will be replaced by CRLF the next time Git touches it
    [main fad57771] feat: implement new helper methods [2026-07-06 #1]
     1 file changed, 4 insertions(+), 4 deletions(-)
  [02/20] Commit #8138...
    warning: in the working copy of 'abyss/README.yml', LF will be replaced by CRLF the next time Git touches it
    [main 7486f677] refactor: improve code structure [2026-07-06 #2]
     1 file changed, 4 insertions(+), 4 deletions(-)
  [03/20] Commit #8139...
    warning: in the working copy of 'abyss/README.yml', LF will be replaced by CRLF the next time Git touches it
    [main caf422e0] feat: add new utility functions [2026-07-06 #3]
     1 file changed, 4 insertions(+), 4 deletions(-)
  [04/20] Commit #8140...
    warning: in the working copy of 'abyss/README.yml', LF will be replaced by CRLF the next time Git touches it
    [main 5256ad47] chore: cleanup and maintenance [2026-07-06 #4]
     1 file changed, 4 insertions(+), 4 deletions(-)
  [05/20] Commit #8141...
    warning: in the working copy of 'abyss/README.yml', LF will be replaced by CRLF the next time Git touches it
    [main b65560b4] feat: add new utility functions [2026-07-06 #5]
     1 file changed, 3 insertions(+), 3 deletions(-)
  [06/20] Commit #8142...
    warning: in the working copy of 'abyss/README.yml', LF will be replaced by CRLF the next time Git touches it
    [main d5116bbd] feat: enhance existing features [2026-07-06 #6]
     1 file changed, 4 insertions(+), 4 deletions(-)
  [07/20] Commit #8143...
    warning: in the working copy of 'abyss/README.yml', LF will be replaced by CRLF the next time Git touches it
    [main 546fd5b2] fix: minor bug fixes [2026-07-06 #7]
     1 file changed, 4 insertions(+), 4 deletions(-)
  [08/20] Commit #8144...
    warning: in the working copy of 'abyss/README.yml', LF will be replaced by CRLF the next time Git touches it
    [main e63723a9] feat: enhance existing features [2026-07-06 #8]
     1 file changed, 4 insertions(+), 4 deletions(-)
  [09/20] Commit #8145...
    warning: in the working copy of 'abyss/README.yml', LF will be replaced by CRLF the next time Git touches it
    [main 64687d24] feat: add new utility functions [2026-07-06 #9]
     1 file changed, 4 insertions(+), 4 deletions(-)
  [10/20] Commit #8146...
    warning: in the working copy of 'abyss/README.yml', LF will be replaced by CRLF the next time Git touches it
    [main 6c0aadf2] chore: remove unused code [2026-07-06 #10]
     1 file changed, 3 insertions(+), 3 deletions(-)
  [11/20] Commit #8147...
    warning: in the working copy of 'abyss/README.yml', LF will be replaced by CRLF the next time Git touches it
    [main 5324e44d] docs: update documentation [2026-07-06 #11]
     1 file changed, 4 insertions(+), 4 deletions(-)
  [12/20] Commit #8148...
    warning: in the working copy of 'abyss/README.yml', LF will be replaced by CRLF the next time Git touches it
    [main d4b4f8ac] feat: add new utility functions [2026-07-06 #12]
     1 file changed, 3 insertions(+), 3 deletions(-)
  [13/20] Commit #8149...
    warning: in the working copy of 'abyss/README.yml', LF will be replaced by CRLF the next time Git touches it
    [main e4ca69fa] build: update build scripts [2026-07-06 #13]
     1 file changed, 4 insertions(+), 4 deletions(-)
  [14/20] Commit #8150...
    warning: in the working copy of 'abyss/README.yml', LF will be replaced by CRLF the next time Git touches it
    [main 5f60c59f] refactor: reorganize file structure [2026-07-06 #14]
     1 file changed, 4 insertions(+), 4 deletions(-)
  [15/20] Commit #8151...
    warning: in the working copy of 'abyss/README.yml', LF will be replaced by CRLF the next time Git touches it
    [main d79b0a60] feat: implement new helper methods [2026-07-06 #15]
     1 file changed, 4 insertions(+), 4 deletions(-)
  [16/20] Commit #8152...
    warning: in the working copy of 'abyss/README.yml', LF will be replaced by CRLF the next time Git touches it
    [main c436eec2] chore: update dependencies [2026-07-06 #16]
     1 file changed, 4 insertions(+), 4 deletions(-)
  [17/20] Commit #8153...
    warning: in the working copy of 'abyss/README.yml', LF will be replaced by CRLF the next time Git touches it
    [main ddc8e16e] build: update build scripts [2026-07-06 #17]
     1 file changed, 4 insertions(+), 4 deletions(-)
  [18/20] Commit #8154...
    warning: in the working copy of 'abyss/README.yml', LF will be replaced by CRLF the next time Git touches it
    [main 1d64c87d] chore: cleanup and maintenance [2026-07-06 #18]
     1 file changed, 4 insertions(+), 4 deletions(-)
  [19/20] Commit #8155...
    warning: in the working copy of 'abyss/README.yml', LF will be replaced by CRLF the next time Git touches it
    [main 64225193] ci: update automation pipeline [2026-07-06 #19]
     1 file changed, 4 insertions(+), 4 deletions(-)
  [20/20] Commit #8156...
    warning: in the working copy of 'abyss/README.yml', LF will be replaced by CRLF the next time Git touches it
    [main e8170e68] fix: handle error gracefully [2026-07-06 #20]
     1 file changed, 4 insertions(+), 4 deletions(-)

? Pushing ke remote...
  ? Branch: main
    To https://github.com/dimasrahmandaalfarizi/commit-automation.git
     + 76d175a5...e8170e68 HEAD -> main (forced update)
  ? Branch: abbys
    To https://github.com/dimasrahmandaalfarizi/commit-automation.git
     + 76d175a5...e8170e68 HEAD -> abbys (forced update)

????????????????????????????????????????????????
?  ? Selesai! 20 commit | 1/1 repo | 35s
????????????????????????????????????????????????
[2026-07-06 21:24:32] Program selesai.

? Stats saved ? d:\Xampp\htdocs\commit-automation-project\stats.csv
? Windows Toast sent.
[Mon 07/06/2026 21:24:32.71] ===== GitHell v2.0 Daily Run END ===== 
 
