[Sat 07/04/2026 11:04:26.09] ===== GitHell v2.0 Daily Run START ===== 
[Sat 07/04/2026 11:04:26.09] Compiling GitHell.java... 
[Sat 07/04/2026 11:04:27.83] Running daily mode... 
? Config loaded: d:\Xampp\htdocs\commit-automation-project\config.properties
????????????????????????????????????????????????
?   ? GitHell v2.0 - DAILY AUTO MODE          ?
?   Multi-Repo | Smart Msg | Retry | Stats     ?
????????????????????????????????????????????????
[2026-07-04 11:04:28] Memulai daily run...


? Repo: d:\Xampp\htdocs\commit-automation-project
???????????????????????????????????????????????????????
? Git pull...
    error: cannot pull with rebase: You have unstaged changes.
    error: Please commit or stash them.
  ??  Exit code: 128
  [01/20] Commit #8097...
    warning: in the working copy of 'abyss/README.yml', LF will be replaced by CRLF the next time Git touches it
    [main 6cc89863] build: update build scripts [2026-07-04 #1]
     1 file changed, 4 insertions(+), 4 deletions(-)
  [02/20] Commit #8098...
    warning: in the working copy of 'abyss/README.yml', LF will be replaced by CRLF the next time Git touches it
    [main eb452822] fix: resolve edge cases [2026-07-04 #2]
     1 file changed, 4 insertions(+), 4 deletions(-)
  [03/20] Commit #8099...
    warning: in the working copy of 'abyss/README.yml', LF will be replaced by CRLF the next time Git touches it
    [main a03e893a] perf: optimize performance [2026-07-04 #3]
     1 file changed, 4 insertions(+), 4 deletions(-)
  [04/20] Commit #8100...
    warning: in the working copy of 'abyss/README.yml', LF will be replaced by CRLF the next time Git touches it
    [main 70203f73] feat: add new utility functions [2026-07-04 #4]
     1 file changed, 3 insertions(+), 3 deletions(-)
  [05/20] Commit #8101...
    warning: in the working copy of 'abyss/README.yml', LF will be replaced by CRLF the next time Git touches it
    [main efee2179] feat: enhance existing features [2026-07-04 #5]
     1 file changed, 4 insertions(+), 4 deletions(-)
  [06/20] Commit #8102...
    warning: in the working copy of 'abyss/README.yml', LF will be replaced by CRLF the next time Git touches it
    [main 4027ca19] chore: remove unused code [2026-07-04 #6]
     1 file changed, 4 insertions(+), 4 deletions(-)
  [07/20] Commit #8103...
    warning: in the working copy of 'abyss/README.yml', LF will be replaced by CRLF the next time Git touches it
    [main de0b3665] fix: minor bug fixes [2026-07-04 #7]
     1 file changed, 4 insertions(+), 4 deletions(-)
  [08/20] Commit #8104...
    warning: in the working copy of 'abyss/README.yml', LF will be replaced by CRLF the next time Git touches it
    [main d786df1c] fix: resolve edge cases [2026-07-04 #8]
     1 file changed, 4 insertions(+), 4 deletions(-)
  [09/20] Commit #8105...
    warning: in the working copy of 'abyss/README.yml', LF will be replaced by CRLF the next time Git touches it
    [main 151dc9cc] refactor: reorganize file structure [2026-07-04 #9]
     1 file changed, 4 insertions(+), 4 deletions(-)
  [10/20] Commit #8106...
    warning: in the working copy of 'abyss/README.yml', LF will be replaced by CRLF the next time Git touches it
    [main 2f509084] style: improve code formatting [2026-07-04 #10]
     1 file changed, 3 insertions(+), 3 deletions(-)
  [11/20] Commit #8107...
    warning: in the working copy of 'abyss/README.yml', LF will be replaced by CRLF the next time Git touches it
    [main 7ecb1991] style: improve code formatting [2026-07-04 #11]
     1 file changed, 4 insertions(+), 4 deletions(-)
  [12/20] Commit #8108...
    warning: in the working copy of 'abyss/README.yml', LF will be replaced by CRLF the next time Git touches it
    [main 35e46273] fix: minor bug fixes [2026-07-04 #12]
     1 file changed, 4 insertions(+), 4 deletions(-)
  [13/20] Commit #8109...
    warning: in the working copy of 'abyss/README.yml', LF will be replaced by CRLF the next time Git touches it
    [main d04dad6a] build: update build scripts [2026-07-04 #13]
     1 file changed, 4 insertions(+), 4 deletions(-)
  [14/20] Commit #8110...
    warning: in the working copy of 'abyss/README.yml', LF will be replaced by CRLF the next time Git touches it
    [main 53123a20] fix: resolve edge cases [2026-07-04 #14]
     1 file changed, 4 insertions(+), 4 deletions(-)
  [15/20] Commit #8111...
    warning: in the working copy of 'abyss/README.yml', LF will be replaced by CRLF the next time Git touches it
    [main 4a3e9e20] fix: minor bug fixes [2026-07-04 #15]
     1 file changed, 4 insertions(+), 4 deletions(-)
  [16/20] Commit #8112...
    warning: in the working copy of 'abyss/README.yml', LF will be replaced by CRLF the next time Git touches it
    [main 7ade9e19] feat: implement new helper methods [2026-07-04 #16]
     1 file changed, 4 insertions(+), 4 deletions(-)
  [17/20] Commit #8113...
    warning: in the working copy of 'abyss/README.yml', LF will be replaced by CRLF the next time Git touches it
    [main d2e26522] docs: update documentation [2026-07-04 #17]
     1 file changed, 4 insertions(+), 4 deletions(-)
  [18/20] Commit #8114...
    warning: in the working copy of 'abyss/README.yml', LF will be replaced by CRLF the next time Git touches it
    [main e909649b] refactor: improve code structure [2026-07-04 #18]
     1 file changed, 3 insertions(+), 3 deletions(-)
  [19/20] Commit #8115...
    warning: in the working copy of 'abyss/README.yml', LF will be replaced by CRLF the next time Git touches it
    [main 194e0317] chore: update dependencies [2026-07-04 #19]
     1 file changed, 4 insertions(+), 4 deletions(-)
  [20/20] Commit #8116...
    warning: in the working copy of 'abyss/README.yml', LF will be replaced by CRLF the next time Git touches it
    [main 01604fef] fix: minor bug fixes [2026-07-04 #20]
     1 file changed, 4 insertions(+), 4 deletions(-)

? Pushing ke remote...
  ? Branch: main
    To https://github.com/dimasrahmandaalfarizi/commit-automation.git
     + c0413917...01604fef HEAD -> main (forced update)
  ? Branch: abbys
    To https://github.com/dimasrahmandaalfarizi/commit-automation.git
     + c0413917...01604fef HEAD -> abbys (forced update)

????????????????????????????????????????????????
?  ? Selesai! 20 commit | 1/1 repo | 34s
????????????????????????????????????????????????
[2026-07-04 11:05:02] Program selesai.

? Stats saved ? d:\Xampp\htdocs\commit-automation-project\stats.csv
? Windows Toast sent.
[Sat 07/04/2026 11:05:02.99] ===== GitHell v2.0 Daily Run END ===== 
 
