[Sat 07/11/2026 13:36:28.08] ===== GitHell v2.0 Daily Run START ===== 
[Sat 07/11/2026 13:36:28.08] Compiling GitHell.java... 
[Sat 07/11/2026 13:36:30.43] Running daily mode... 
? Config loaded: d:\Xampp\htdocs\commit-automation-project\config.properties
????????????????????????????????????????????????
?   ? GitHell v2.0 - DAILY AUTO MODE          ?
?   Multi-Repo | Smart Msg | Retry | Stats     ?
????????????????????????????????????????????????
[2026-07-11 13:36:30] Memulai daily run...


? Repo: d:\Xampp\htdocs\commit-automation-project
???????????????????????????????????????????????????????
? Git pull...
    error: cannot pull with rebase: You have unstaged changes.
    error: Please commit or stash them.
  ??  Exit code: 128
  [01/20] Commit #8237...
    warning: in the working copy of 'abyss/README.yml', LF will be replaced by CRLF the next time Git touches it
    [main 26a4bddb] ci: update automation pipeline [2026-07-11 #1]
     1 file changed, 4 insertions(+), 4 deletions(-)
  [02/20] Commit #8238...
    warning: in the working copy of 'abyss/README.yml', LF will be replaced by CRLF the next time Git touches it
    [main 1deda96f] feat: enhance existing features [2026-07-11 #2]
     1 file changed, 4 insertions(+), 4 deletions(-)
  [03/20] Commit #8239...
    warning: in the working copy of 'abyss/README.yml', LF will be replaced by CRLF the next time Git touches it
    [main ae8146f6] chore: update project files [2026-07-11 #3]
     1 file changed, 4 insertions(+), 4 deletions(-)
  [04/20] Commit #8240...
    warning: in the working copy of 'abyss/README.yml', LF will be replaced by CRLF the next time Git touches it
    [main 1dc4d76f] style: improve code formatting [2026-07-11 #4]
     1 file changed, 4 insertions(+), 4 deletions(-)
  [05/20] Commit #8241...
    warning: in the working copy of 'abyss/README.yml', LF will be replaced by CRLF the next time Git touches it
    [main 0ee1b1b8] refactor: improve code structure [2026-07-11 #5]
     1 file changed, 4 insertions(+), 4 deletions(-)
  [06/20] Commit #8242...
    warning: in the working copy of 'abyss/README.yml', LF will be replaced by CRLF the next time Git touches it
    [main 607b437f] perf: optimize performance [2026-07-11 #6]
     1 file changed, 4 insertions(+), 4 deletions(-)
  [07/20] Commit #8243...
    warning: in the working copy of 'abyss/README.yml', LF will be replaced by CRLF the next time Git touches it
    [main 38e8ae0f] refactor: reorganize file structure [2026-07-11 #7]
     1 file changed, 4 insertions(+), 4 deletions(-)
  [08/20] Commit #8244...
    warning: in the working copy of 'abyss/README.yml', LF will be replaced by CRLF the next time Git touches it
    [main ec738df1] test: add missing test cases [2026-07-11 #8]
     1 file changed, 4 insertions(+), 4 deletions(-)
  [09/20] Commit #8245...
    warning: in the working copy of 'abyss/README.yml', LF will be replaced by CRLF the next time Git touches it
    [main ca629c28] refactor: improve code structure [2026-07-11 #9]
     1 file changed, 4 insertions(+), 4 deletions(-)
  [10/20] Commit #8246...
    warning: in the working copy of 'abyss/README.yml', LF will be replaced by CRLF the next time Git touches it
    [main b4c3d16c] chore: update dependencies [2026-07-11 #10]
     1 file changed, 4 insertions(+), 4 deletions(-)
  [11/20] Commit #8247...
    warning: in the working copy of 'abyss/README.yml', LF will be replaced by CRLF the next time Git touches it
    [main aaa378e9] refactor: reorganize file structure [2026-07-11 #11]
     1 file changed, 4 insertions(+), 4 deletions(-)
  [12/20] Commit #8248...
    warning: in the working copy of 'abyss/README.yml', LF will be replaced by CRLF the next time Git touches it
    [main 40fdb2dd] refactor: reorganize file structure [2026-07-11 #12]
     1 file changed, 4 insertions(+), 4 deletions(-)
  [13/20] Commit #8249...
    warning: in the working copy of 'abyss/README.yml', LF will be replaced by CRLF the next time Git touches it
    [main 659dd745] docs: update documentation [2026-07-11 #13]
     1 file changed, 4 insertions(+), 4 deletions(-)
  [14/20] Commit #8250...
    warning: in the working copy of 'abyss/README.yml', LF will be replaced by CRLF the next time Git touches it
    [main b1866ba8] feat: add new utility functions [2026-07-11 #14]
     1 file changed, 4 insertions(+), 4 deletions(-)
  [15/20] Commit #8251...
    warning: in the working copy of 'abyss/README.yml', LF will be replaced by CRLF the next time Git touches it
    [main 925cfafb] ci: update automation pipeline [2026-07-11 #15]
     1 file changed, 3 insertions(+), 3 deletions(-)
  [16/20] Commit #8252...
    warning: in the working copy of 'abyss/README.yml', LF will be replaced by CRLF the next time Git touches it
    [main 1d5d55af] chore: remove unused code [2026-07-11 #16]
     1 file changed, 4 insertions(+), 4 deletions(-)
  [17/20] Commit #8253...
    warning: in the working copy of 'abyss/README.yml', LF will be replaced by CRLF the next time Git touches it
    [main 41a9ffa8] refactor: reorganize file structure [2026-07-11 #17]
     1 file changed, 4 insertions(+), 4 deletions(-)
  [18/20] Commit #8254...
    warning: in the working copy of 'abyss/README.yml', LF will be replaced by CRLF the next time Git touches it
    [main 22d78d55] style: improve code formatting [2026-07-11 #18]
     1 file changed, 4 insertions(+), 4 deletions(-)
  [19/20] Commit #8255...
    warning: in the working copy of 'abyss/README.yml', LF will be replaced by CRLF the next time Git touches it
    [main 611749c4] fix: handle error gracefully [2026-07-11 #19]
     1 file changed, 4 insertions(+), 4 deletions(-)
  [20/20] Commit #8256...
    warning: in the working copy of 'abyss/README.yml', LF will be replaced by CRLF the next time Git touches it
    [main eff056a2] chore: remove unused code [2026-07-11 #20]
     1 file changed, 4 insertions(+), 4 deletions(-)

? Pushing ke remote...
  ? Branch: main
    To https://github.com/dimasrahmandaalfarizi/commit-automation.git
     + 03f9e190...eff056a2 HEAD -> main (forced update)
  ? Branch: abbys
    To https://github.com/dimasrahmandaalfarizi/commit-automation.git
     + 03f9e190...eff056a2 HEAD -> abbys (forced update)

????????????????????????????????????????????????
?  ? Selesai! 20 commit | 1/1 repo | 34s
????????????????????????????????????????????????
[2026-07-11 13:37:05] Program selesai.

? Stats saved ? d:\Xampp\htdocs\commit-automation-project\stats.csv
? Windows Toast sent.
[Sat 07/11/2026 13:37:05.63] ===== GitHell v2.0 Daily Run END ===== 
 
