[Sat 07/18/2026 18:09:04.67] ===== GitHell v2.0 Daily Run START ===== 
[Sat 07/18/2026 18:09:04.72] Compiling GitHell.java... 
[Sat 07/18/2026 18:09:06.55] Running daily mode... 
? Config loaded: d:\Xampp\htdocs\commit-automation-project\config.properties
????????????????????????????????????????????????
?   ? GitHell v2.0 - DAILY AUTO MODE          ?
?   Multi-Repo | Smart Msg | Retry | Stats     ?
????????????????????????????????????????????????
[2026-07-18 18:09:06] Memulai daily run...


? Repo: d:\Xampp\htdocs\commit-automation-project
???????????????????????????????????????????????????????
? Git pull...
    error: cannot pull with rebase: You have unstaged changes.
    error: Please commit or stash them.
  ??  Exit code: 128
  [01/20] Commit #8377...
    warning: in the working copy of 'abyss/README.yml', LF will be replaced by CRLF the next time Git touches it
    [main a32d9459] refactor: extract common utilities [2026-07-18 #1]
     1 file changed, 4 insertions(+), 4 deletions(-)
  [02/20] Commit #8378...
    warning: in the working copy of 'abyss/README.yml', LF will be replaced by CRLF the next time Git touches it
    [main 9dbb629e] feat: add new utility functions [2026-07-18 #2]
     1 file changed, 4 insertions(+), 4 deletions(-)
  [03/20] Commit #8379...
    warning: in the working copy of 'abyss/README.yml', LF will be replaced by CRLF the next time Git touches it
    [main 27ea9840] chore: update project files [2026-07-18 #3]
     1 file changed, 4 insertions(+), 4 deletions(-)
  [04/20] Commit #8380...
    warning: in the working copy of 'abyss/README.yml', LF will be replaced by CRLF the next time Git touches it
    [main 018d3c7f] docs: update documentation [2026-07-18 #4]
     1 file changed, 4 insertions(+), 4 deletions(-)
  [05/20] Commit #8381...
    warning: in the working copy of 'abyss/README.yml', LF will be replaced by CRLF the next time Git touches it
    [main 7e3566dd] fix: handle error gracefully [2026-07-18 #5]
     1 file changed, 4 insertions(+), 4 deletions(-)
  [06/20] Commit #8382...
    warning: in the working copy of 'abyss/README.yml', LF will be replaced by CRLF the next time Git touches it
    [main be6cbf21] feat: enhance existing features [2026-07-18 #6]
     1 file changed, 4 insertions(+), 4 deletions(-)
  [07/20] Commit #8383...
    warning: in the working copy of 'abyss/README.yml', LF will be replaced by CRLF the next time Git touches it
    [main 0154dfc1] fix: handle error gracefully [2026-07-18 #7]
     1 file changed, 3 insertions(+), 3 deletions(-)
  [08/20] Commit #8384...
    warning: in the working copy of 'abyss/README.yml', LF will be replaced by CRLF the next time Git touches it
    [main c6fc16bd] docs: improve README [2026-07-18 #8]
     1 file changed, 4 insertions(+), 4 deletions(-)
  [09/20] Commit #8385...
    warning: in the working copy of 'abyss/README.yml', LF will be replaced by CRLF the next time Git touches it
    [main 3b32f685] refactor: extract common utilities [2026-07-18 #9]
     1 file changed, 4 insertions(+), 4 deletions(-)
  [10/20] Commit #8386...
    warning: in the working copy of 'abyss/README.yml', LF will be replaced by CRLF the next time Git touches it
    [main 73e2f5e4] ci: update automation pipeline [2026-07-18 #10]
     1 file changed, 4 insertions(+), 4 deletions(-)
  [11/20] Commit #8387...
    warning: in the working copy of 'abyss/README.yml', LF will be replaced by CRLF the next time Git touches it
    [main 64386cc2] chore: update project files [2026-07-18 #11]
     1 file changed, 4 insertions(+), 4 deletions(-)
  [12/20] Commit #8388...
    warning: in the working copy of 'abyss/README.yml', LF will be replaced by CRLF the next time Git touches it
    [main de768059] docs: update documentation [2026-07-18 #12]
     1 file changed, 4 insertions(+), 4 deletions(-)
  [13/20] Commit #8389...
    warning: in the working copy of 'abyss/README.yml', LF will be replaced by CRLF the next time Git touches it
    [main 59df4e50] docs: update documentation [2026-07-18 #13]
     1 file changed, 4 insertions(+), 4 deletions(-)
  [14/20] Commit #8390...
    warning: in the working copy of 'abyss/README.yml', LF will be replaced by CRLF the next time Git touches it
    [main 6e7bf7e0] feat: add new utility functions [2026-07-18 #14]
     1 file changed, 4 insertions(+), 4 deletions(-)
  [15/20] Commit #8391...
    warning: in the working copy of 'abyss/README.yml', LF will be replaced by CRLF the next time Git touches it
    [main 394067a5] perf: optimize performance [2026-07-18 #15]
     1 file changed, 4 insertions(+), 4 deletions(-)
  [16/20] Commit #8392...
    warning: in the working copy of 'abyss/README.yml', LF will be replaced by CRLF the next time Git touches it
    [main bc620416] fix: resolve edge cases [2026-07-18 #16]
     1 file changed, 3 insertions(+), 3 deletions(-)
  [17/20] Commit #8393...
    warning: in the working copy of 'abyss/README.yml', LF will be replaced by CRLF the next time Git touches it
    [main 0eafa997] docs: improve README [2026-07-18 #17]
     1 file changed, 4 insertions(+), 4 deletions(-)
  [18/20] Commit #8394...
    warning: in the working copy of 'abyss/README.yml', LF will be replaced by CRLF the next time Git touches it
    [main 3ebe3d97] chore: remove unused code [2026-07-18 #18]
     1 file changed, 4 insertions(+), 4 deletions(-)
  [19/20] Commit #8395...
    warning: in the working copy of 'abyss/README.yml', LF will be replaced by CRLF the next time Git touches it
    [main 4030fe65] docs: update documentation [2026-07-18 #19]
     1 file changed, 4 insertions(+), 4 deletions(-)
  [20/20] Commit #8396...
    warning: in the working copy of 'abyss/README.yml', LF will be replaced by CRLF the next time Git touches it
    [main 73d8b5fd] refactor: extract common utilities [2026-07-18 #20]
     1 file changed, 3 insertions(+), 3 deletions(-)

? Pushing ke remote...
  ? Branch: main
    To https://github.com/dimasrahmandaalfarizi/commit-automation.git
     + 589c36c4...73d8b5fd HEAD -> main (forced update)
  ? Branch: abbys
    To https://github.com/dimasrahmandaalfarizi/commit-automation.git
     + 589c36c4...73d8b5fd HEAD -> abbys (forced update)

????????????????????????????????????????????????
?  ? Selesai! 20 commit | 1/1 repo | 37s
????????????????????????????????????????????????
[2026-07-18 18:09:44] Program selesai.

? Stats saved ? d:\Xampp\htdocs\commit-automation-project\stats.csv
? Windows Toast sent.
[Sat 07/18/2026 18:09:45.26] ===== GitHell v2.0 Daily Run END ===== 
 
