[Wed 07/22/2026 11:46:58.27] ===== GitHell v2.0 Daily Run START ===== 
[Wed 07/22/2026 11:46:58.27] Compiling GitHell.java... 
[Wed 07/22/2026 11:47:00.35] Running daily mode... 
? Config loaded: d:\Xampp\htdocs\commit-automation-project\config.properties
????????????????????????????????????????????????
?   ? GitHell v2.0 - DAILY AUTO MODE          ?
?   Multi-Repo | Smart Msg | Retry | Stats     ?
????????????????????????????????????????????????
[2026-07-22 11:47:00] Memulai daily run...


? Repo: d:\Xampp\htdocs\commit-automation-project
???????????????????????????????????????????????????????
? Git pull...
    error: cannot pull with rebase: You have unstaged changes.
    error: Please commit or stash them.
  ??  Exit code: 128
  [01/20] Commit #8457...
    warning: in the working copy of 'abyss/README.yml', LF will be replaced by CRLF the next time Git touches it
    [main aa3f53a5] feat: enhance existing features [2026-07-22 #1]
     1 file changed, 4 insertions(+), 4 deletions(-)
  [02/20] Commit #8458...
    warning: in the working copy of 'abyss/README.yml', LF will be replaced by CRLF the next time Git touches it
    [main a3b0e9f0] feat: implement new helper methods [2026-07-22 #2]
     1 file changed, 4 insertions(+), 4 deletions(-)
  [03/20] Commit #8459...
    warning: in the working copy of 'abyss/README.yml', LF will be replaced by CRLF the next time Git touches it
    [main 7abc151b] feat: implement new helper methods [2026-07-22 #3]
     1 file changed, 3 insertions(+), 3 deletions(-)
  [04/20] Commit #8460...
    warning: in the working copy of 'abyss/README.yml', LF will be replaced by CRLF the next time Git touches it
    [main 51fcbd92] fix: handle error gracefully [2026-07-22 #4]
     1 file changed, 4 insertions(+), 4 deletions(-)
  [05/20] Commit #8461...
    warning: in the working copy of 'abyss/README.yml', LF will be replaced by CRLF the next time Git touches it
    [main d36aa59d] fix: handle error gracefully [2026-07-22 #5]
     1 file changed, 4 insertions(+), 4 deletions(-)
  [06/20] Commit #8462...
    warning: in the working copy of 'abyss/README.yml', LF will be replaced by CRLF the next time Git touches it
    [main 71d5914d] test: add missing test cases [2026-07-22 #6]
     1 file changed, 4 insertions(+), 4 deletions(-)
  [07/20] Commit #8463...
    warning: in the working copy of 'abyss/README.yml', LF will be replaced by CRLF the next time Git touches it
    [main 4a0e11e9] feat: add new utility functions [2026-07-22 #7]
     1 file changed, 4 insertions(+), 4 deletions(-)
  [08/20] Commit #8464...
    warning: in the working copy of 'abyss/README.yml', LF will be replaced by CRLF the next time Git touches it
    [main b3fd9a3c] chore: remove unused code [2026-07-22 #8]
     1 file changed, 4 insertions(+), 4 deletions(-)
  [09/20] Commit #8465...
    warning: in the working copy of 'abyss/README.yml', LF will be replaced by CRLF the next time Git touches it
    [main c7f2cfc3] ci: update automation pipeline [2026-07-22 #9]
     1 file changed, 4 insertions(+), 4 deletions(-)
  [10/20] Commit #8466...
    warning: in the working copy of 'abyss/README.yml', LF will be replaced by CRLF the next time Git touches it
    [main c1185f5a] build: update build scripts [2026-07-22 #10]
     1 file changed, 4 insertions(+), 4 deletions(-)
  [11/20] Commit #8467...
    warning: in the working copy of 'abyss/README.yml', LF will be replaced by CRLF the next time Git touches it
    [main 09097052] refactor: extract common utilities [2026-07-22 #11]
     1 file changed, 4 insertions(+), 4 deletions(-)
  [12/20] Commit #8468...
    warning: in the working copy of 'abyss/README.yml', LF will be replaced by CRLF the next time Git touches it
    [main 3736546a] feat: add new utility functions [2026-07-22 #12]
     1 file changed, 4 insertions(+), 4 deletions(-)
  [13/20] Commit #8469...
    warning: in the working copy of 'abyss/README.yml', LF will be replaced by CRLF the next time Git touches it
    [main 9101f738] ci: update automation pipeline [2026-07-22 #13]
     1 file changed, 4 insertions(+), 4 deletions(-)
  [14/20] Commit #8470...
    warning: in the working copy of 'abyss/README.yml', LF will be replaced by CRLF the next time Git touches it
    [main 3dcdcf86] refactor: extract common utilities [2026-07-22 #14]
     1 file changed, 4 insertions(+), 4 deletions(-)
  [15/20] Commit #8471...
    warning: in the working copy of 'abyss/README.yml', LF will be replaced by CRLF the next time Git touches it
    [main 7903c9d9] refactor: improve code structure [2026-07-22 #15]
     1 file changed, 3 insertions(+), 3 deletions(-)
  [16/20] Commit #8472...
    warning: in the working copy of 'abyss/README.yml', LF will be replaced by CRLF the next time Git touches it
    [main f3b7ac0f] feat: add new utility functions [2026-07-22 #16]
     1 file changed, 4 insertions(+), 4 deletions(-)
  [17/20] Commit #8473...
    warning: in the working copy of 'abyss/README.yml', LF will be replaced by CRLF the next time Git touches it
    [main 95f8cf7e] build: update build scripts [2026-07-22 #17]
     1 file changed, 4 insertions(+), 4 deletions(-)
  [18/20] Commit #8474...
    warning: in the working copy of 'abyss/README.yml', LF will be replaced by CRLF the next time Git touches it
    [main 438fa46c] docs: improve README [2026-07-22 #18]
     1 file changed, 4 insertions(+), 4 deletions(-)
  [19/20] Commit #8475...
    warning: in the working copy of 'abyss/README.yml', LF will be replaced by CRLF the next time Git touches it
    [main 0e008e65] docs: improve README [2026-07-22 #19]
     1 file changed, 4 insertions(+), 4 deletions(-)
  [20/20] Commit #8476...
    warning: in the working copy of 'abyss/README.yml', LF will be replaced by CRLF the next time Git touches it
    [main df2eb9e8] feat: enhance existing features [2026-07-22 #20]
     1 file changed, 4 insertions(+), 4 deletions(-)

? Pushing ke remote...
  ? Branch: main
    To https://github.com/dimasrahmandaalfarizi/commit-automation.git
       a03a204e..df2eb9e8  HEAD -> main
  ? Branch: abbys
    To https://github.com/dimasrahmandaalfarizi/commit-automation.git
       a03a204e..df2eb9e8  HEAD -> abbys

????????????????????????????????????????????????
?  ? Selesai! 20 commit | 1/1 repo | 34s
????????????????????????????????????????????????
[2026-07-22 11:47:35] Program selesai.

? Stats saved ? d:\Xampp\htdocs\commit-automation-project\stats.csv
? Windows Toast sent.
[Wed 07/22/2026 11:47:36.67] ===== GitHell v2.0 Daily Run END ===== 
 
