[Fri 07/24/2026 14:57:03.09] ===== GitHell v2.0 Daily Run START ===== 
[Fri 07/24/2026 14:57:03.10] Compiling GitHell.java... 
[Fri 07/24/2026 14:57:05.07] Running daily mode... 
? Config loaded: d:\Xampp\htdocs\commit-automation-project\config.properties
????????????????????????????????????????????????
?   ? GitHell v2.0 - DAILY AUTO MODE          ?
?   Multi-Repo | Smart Msg | Retry | Stats     ?
????????????????????????????????????????????????
[2026-07-24 14:57:05] Memulai daily run...


? Repo: d:\Xampp\htdocs\commit-automation-project
???????????????????????????????????????????????????????
? Git pull...
    error: cannot pull with rebase: You have unstaged changes.
    error: Please commit or stash them.
  ??  Exit code: 128
  [01/20] Commit #8497...
    warning: in the working copy of 'abyss/README.yml', LF will be replaced by CRLF the next time Git touches it
    [main d694491b] style: improve code formatting [2026-07-24 #1]
     1 file changed, 4 insertions(+), 4 deletions(-)
  [02/20] Commit #8498...
    warning: in the working copy of 'abyss/README.yml', LF will be replaced by CRLF the next time Git touches it
    [main fb0191e6] fix: resolve edge cases [2026-07-24 #2]
     1 file changed, 4 insertions(+), 4 deletions(-)
  [03/20] Commit #8499...
    warning: in the working copy of 'abyss/README.yml', LF will be replaced by CRLF the next time Git touches it
    [main a95d6cab] style: improve code formatting [2026-07-24 #3]
     1 file changed, 4 insertions(+), 4 deletions(-)
  [04/20] Commit #8500...
    warning: in the working copy of 'abyss/README.yml', LF will be replaced by CRLF the next time Git touches it
    [main 4487d673] fix: handle error gracefully [2026-07-24 #4]
     1 file changed, 4 insertions(+), 4 deletions(-)
  [05/20] Commit #8501...
    warning: in the working copy of 'abyss/README.yml', LF will be replaced by CRLF the next time Git touches it
    [main b5680ce0] chore: cleanup and maintenance [2026-07-24 #5]
     1 file changed, 4 insertions(+), 4 deletions(-)
  [06/20] Commit #8502...
    warning: in the working copy of 'abyss/README.yml', LF will be replaced by CRLF the next time Git touches it
    [main 34d46c42] chore: update dependencies [2026-07-24 #6]
     1 file changed, 4 insertions(+), 4 deletions(-)
  [07/20] Commit #8503...
    warning: in the working copy of 'abyss/README.yml', LF will be replaced by CRLF the next time Git touches it
    [main 4ad988d8] feat: implement new helper methods [2026-07-24 #7]
     1 file changed, 3 insertions(+), 3 deletions(-)
  [08/20] Commit #8504...
    warning: in the working copy of 'abyss/README.yml', LF will be replaced by CRLF the next time Git touches it
    [main aed8945f] chore: cleanup and maintenance [2026-07-24 #8]
     1 file changed, 4 insertions(+), 4 deletions(-)
  [09/20] Commit #8505...
    warning: in the working copy of 'abyss/README.yml', LF will be replaced by CRLF the next time Git touches it
    [main 123a49bf] docs: improve README [2026-07-24 #9]
     1 file changed, 4 insertions(+), 4 deletions(-)
  [10/20] Commit #8506...
    warning: in the working copy of 'abyss/README.yml', LF will be replaced by CRLF the next time Git touches it
    [main 10d295cc] refactor: reorganize file structure [2026-07-24 #10]
     1 file changed, 4 insertions(+), 4 deletions(-)
  [11/20] Commit #8507...
    warning: in the working copy of 'abyss/README.yml', LF will be replaced by CRLF the next time Git touches it
    [main 6cdc8b2c] docs: update documentation [2026-07-24 #11]
     1 file changed, 4 insertions(+), 4 deletions(-)
  [12/20] Commit #8508...
    warning: in the working copy of 'abyss/README.yml', LF will be replaced by CRLF the next time Git touches it
    [main a95458c9] chore: cleanup and maintenance [2026-07-24 #12]
     1 file changed, 4 insertions(+), 4 deletions(-)
  [13/20] Commit #8509...
    warning: in the working copy of 'abyss/README.yml', LF will be replaced by CRLF the next time Git touches it
    [main 7170f67b] fix: handle error gracefully [2026-07-24 #13]
     1 file changed, 4 insertions(+), 4 deletions(-)
  [14/20] Commit #8510...
    warning: in the working copy of 'abyss/README.yml', LF will be replaced by CRLF the next time Git touches it
    [main 23ff1bf4] fix: minor bug fixes [2026-07-24 #14]
     1 file changed, 4 insertions(+), 4 deletions(-)
  [15/20] Commit #8511...
    warning: in the working copy of 'abyss/README.yml', LF will be replaced by CRLF the next time Git touches it
    [main 78a0549b] refactor: extract common utilities [2026-07-24 #15]
     1 file changed, 4 insertions(+), 4 deletions(-)
  [16/20] Commit #8512...
    warning: in the working copy of 'abyss/README.yml', LF will be replaced by CRLF the next time Git touches it
    [main e5848a75] refactor: improve code structure [2026-07-24 #16]
     1 file changed, 4 insertions(+), 4 deletions(-)
  [17/20] Commit #8513...
    warning: in the working copy of 'abyss/README.yml', LF will be replaced by CRLF the next time Git touches it
    [main 2c12c1d5] feat: add new utility functions [2026-07-24 #17]
     1 file changed, 3 insertions(+), 3 deletions(-)
  [18/20] Commit #8514...
    warning: in the working copy of 'abyss/README.yml', LF will be replaced by CRLF the next time Git touches it
    [main dd135cd3] feat: enhance existing features [2026-07-24 #18]
     1 file changed, 4 insertions(+), 4 deletions(-)
  [19/20] Commit #8515...
    warning: in the working copy of 'abyss/README.yml', LF will be replaced by CRLF the next time Git touches it
    [main 7671e4c8] feat: enhance existing features [2026-07-24 #19]
     1 file changed, 4 insertions(+), 4 deletions(-)
  [20/20] Commit #8516...
    warning: in the working copy of 'abyss/README.yml', LF will be replaced by CRLF the next time Git touches it
    [main 65b222a0] feat: implement new helper methods [2026-07-24 #20]
     1 file changed, 4 insertions(+), 4 deletions(-)

? Pushing ke remote...
  ? Branch: main
