[Thu 07/23/2026 14:12:29.76] ===== GitHell v2.0 Daily Run START ===== 
[Thu 07/23/2026 14:12:29.77] Compiling GitHell.java... 
[Thu 07/23/2026 14:12:31.28] Running daily mode... 
? Config loaded: d:\Xampp\htdocs\commit-automation-project\config.properties
????????????????????????????????????????????????
?   ? GitHell v2.0 - DAILY AUTO MODE          ?
?   Multi-Repo | Smart Msg | Retry | Stats     ?
????????????????????????????????????????????????
[2026-07-23 14:12:31] Memulai daily run...


? Repo: d:\Xampp\htdocs\commit-automation-project
???????????????????????????????????????????????????????
? Git pull...
    error: cannot pull with rebase: You have unstaged changes.
    error: Please commit or stash them.
  ??  Exit code: 128
  [01/20] Commit #8477...
    warning: in the working copy of 'abyss/README.yml', LF will be replaced by CRLF the next time Git touches it
    [main f860954c] docs: update documentation [2026-07-23 #1]
     1 file changed, 4 insertions(+), 4 deletions(-)
  [02/20] Commit #8478...
    warning: in the working copy of 'abyss/README.yml', LF will be replaced by CRLF the next time Git touches it
    [main e326e37c] refactor: reorganize file structure [2026-07-23 #2]
     1 file changed, 4 insertions(+), 4 deletions(-)
  [03/20] Commit #8479...
    warning: in the working copy of 'abyss/README.yml', LF will be replaced by CRLF the next time Git touches it
    [main bb17e40c] chore: cleanup and maintenance [2026-07-23 #3]
     1 file changed, 4 insertions(+), 4 deletions(-)
  [04/20] Commit #8480...
    warning: in the working copy of 'abyss/README.yml', LF will be replaced by CRLF the next time Git touches it
    [main 5c956d5a] fix: minor bug fixes [2026-07-23 #4]
     1 file changed, 3 insertions(+), 3 deletions(-)
  [05/20] Commit #8481...
    warning: in the working copy of 'abyss/README.yml', LF will be replaced by CRLF the next time Git touches it
    [main 2ededad6] feat: add new utility functions [2026-07-23 #5]
     1 file changed, 4 insertions(+), 4 deletions(-)
  [06/20] Commit #8482...
    warning: in the working copy of 'abyss/README.yml', LF will be replaced by CRLF the next time Git touches it
    [main b2ab8bff] docs: improve README [2026-07-23 #6]
     1 file changed, 4 insertions(+), 4 deletions(-)
  [07/20] Commit #8483...
    warning: in the working copy of 'abyss/README.yml', LF will be replaced by CRLF the next time Git touches it
    [main ae404932] ci: update automation pipeline [2026-07-23 #7]
     1 file changed, 4 insertions(+), 4 deletions(-)
  [08/20] Commit #8484...
    warning: in the working copy of 'abyss/README.yml', LF will be replaced by CRLF the next time Git touches it
    [main 255851ba] refactor: reorganize file structure [2026-07-23 #8]
     1 file changed, 4 insertions(+), 4 deletions(-)
  [09/20] Commit #8485...
    warning: in the working copy of 'abyss/README.yml', LF will be replaced by CRLF the next time Git touches it
    [main a889c4bb] chore: cleanup and maintenance [2026-07-23 #9]
     1 file changed, 4 insertions(+), 4 deletions(-)
  [10/20] Commit #8486...
    warning: in the working copy of 'abyss/README.yml', LF will be replaced by CRLF the next time Git touches it
    [main 7d2cb7cb] fix: handle error gracefully [2026-07-23 #10]
     1 file changed, 4 insertions(+), 4 deletions(-)
  [11/20] Commit #8487...
    warning: in the working copy of 'abyss/README.yml', LF will be replaced by CRLF the next time Git touches it
    [main d40ff61b] chore: cleanup and maintenance [2026-07-23 #11]
     1 file changed, 4 insertions(+), 4 deletions(-)
  [12/20] Commit #8488...
    warning: in the working copy of 'abyss/README.yml', LF will be replaced by CRLF the next time Git touches it
    [main 4f7fcabf] feat: enhance existing features [2026-07-23 #12]
     1 file changed, 4 insertions(+), 4 deletions(-)
  [13/20] Commit #8489...
    warning: in the working copy of 'abyss/README.yml', LF will be replaced by CRLF the next time Git touches it
    [main ea6b3161] build: update build scripts [2026-07-23 #13]
     1 file changed, 4 insertions(+), 4 deletions(-)
  [14/20] Commit #8490...
    warning: in the working copy of 'abyss/README.yml', LF will be replaced by CRLF the next time Git touches it
    [main 704472ba] chore: cleanup and maintenance [2026-07-23 #14]
     1 file changed, 4 insertions(+), 4 deletions(-)
  [15/20] Commit #8491...
    warning: in the working copy of 'abyss/README.yml', LF will be replaced by CRLF the next time Git touches it
    [main 9a860155] fix: handle error gracefully [2026-07-23 #15]
     1 file changed, 4 insertions(+), 4 deletions(-)
  [16/20] Commit #8492...
    warning: in the working copy of 'abyss/README.yml', LF will be replaced by CRLF the next time Git touches it
    [main e1d5b217] fix: resolve edge cases [2026-07-23 #16]
     1 file changed, 3 insertions(+), 3 deletions(-)
  [17/20] Commit #8493...
    warning: in the working copy of 'abyss/README.yml', LF will be replaced by CRLF the next time Git touches it
    [main 42790cfe] chore: update dependencies [2026-07-23 #17]
     1 file changed, 4 insertions(+), 4 deletions(-)
  [18/20] Commit #8494...
    warning: in the working copy of 'abyss/README.yml', LF will be replaced by CRLF the next time Git touches it
    [main 59b26c95] feat: implement new helper methods [2026-07-23 #18]
     1 file changed, 4 insertions(+), 4 deletions(-)
  [19/20] Commit #8495...
    warning: in the working copy of 'abyss/README.yml', LF will be replaced by CRLF the next time Git touches it
    [main f451a2f3] feat: enhance existing features [2026-07-23 #19]
     1 file changed, 3 insertions(+), 3 deletions(-)
  [20/20] Commit #8496...
    warning: in the working copy of 'abyss/README.yml', LF will be replaced by CRLF the next time Git touches it
    [main e68489dd] fix: handle error gracefully [2026-07-23 #20]
     1 file changed, 4 insertions(+), 4 deletions(-)

? Pushing ke remote...
  ? Branch: main
    To https://github.com/dimasrahmandaalfarizi/commit-automation.git
     + b0d229f2...e68489dd HEAD -> main (forced update)
  ? Branch: abbys
    To https://github.com/dimasrahmandaalfarizi/commit-automation.git
     + b0d229f2...e68489dd HEAD -> abbys (forced update)

????????????????????????????????????????????????
?  ? Selesai! 20 commit | 1/1 repo | 39s
????????????????????????????????????????????????
[2026-07-23 14:13:10] Program selesai.

? Stats saved ? d:\Xampp\htdocs\commit-automation-project\stats.csv
? Windows Toast sent.
[Thu 07/23/2026 14:13:11.46] ===== GitHell v2.0 Daily Run END ===== 
 
