[Tue 07/14/2026 11:28:22.33] ===== GitHell v2.0 Daily Run START ===== 
[Tue 07/14/2026 11:28:22.33] Compiling GitHell.java... 
[Tue 07/14/2026 11:28:23.39] Running daily mode... 
? Config loaded: d:\Xampp\htdocs\commit-automation-project\config.properties
????????????????????????????????????????????????
?   ? GitHell v2.0 - DAILY AUTO MODE          ?
?   Multi-Repo | Smart Msg | Retry | Stats     ?
????????????????????????????????????????????????
[2026-07-14 11:28:23] Memulai daily run...


? Repo: d:\Xampp\htdocs\commit-automation-project
???????????????????????????????????????????????????????
? Git pull...
    error: cannot pull with rebase: You have unstaged changes.
    error: Please commit or stash them.
  ??  Exit code: 128
  [01/20] Commit #8297...
    warning: in the working copy of 'abyss/README.yml', LF will be replaced by CRLF the next time Git touches it
    [main 4ac67711] refactor: extract common utilities [2026-07-14 #1]
     1 file changed, 4 insertions(+), 4 deletions(-)
  [02/20] Commit #8298...
    warning: in the working copy of 'abyss/README.yml', LF will be replaced by CRLF the next time Git touches it
    [main d66a90b5] refactor: extract common utilities [2026-07-14 #2]
     1 file changed, 4 insertions(+), 4 deletions(-)
  [03/20] Commit #8299...
    warning: in the working copy of 'abyss/README.yml', LF will be replaced by CRLF the next time Git touches it
    [main bbf02c7f] feat: add new utility functions [2026-07-14 #3]
     1 file changed, 4 insertions(+), 4 deletions(-)
  [04/20] Commit #8300...
    warning: in the working copy of 'abyss/README.yml', LF will be replaced by CRLF the next time Git touches it
    [main 182998ee] ci: update automation pipeline [2026-07-14 #4]
     1 file changed, 4 insertions(+), 4 deletions(-)
  [05/20] Commit #8301...
    warning: in the working copy of 'abyss/README.yml', LF will be replaced by CRLF the next time Git touches it
    [main 0896add1] chore: cleanup and maintenance [2026-07-14 #5]
     1 file changed, 4 insertions(+), 4 deletions(-)
  [06/20] Commit #8302...
    warning: in the working copy of 'abyss/README.yml', LF will be replaced by CRLF the next time Git touches it
    [main bce26e83] fix: resolve edge cases [2026-07-14 #6]
     1 file changed, 3 insertions(+), 3 deletions(-)
  [07/20] Commit #8303...
    warning: in the working copy of 'abyss/README.yml', LF will be replaced by CRLF the next time Git touches it
    [main 1077b839] refactor: improve code structure [2026-07-14 #7]
     1 file changed, 4 insertions(+), 4 deletions(-)
  [08/20] Commit #8304...
    warning: in the working copy of 'abyss/README.yml', LF will be replaced by CRLF the next time Git touches it
    [main 602f32d2] fix: handle error gracefully [2026-07-14 #8]
     1 file changed, 4 insertions(+), 4 deletions(-)
  [09/20] Commit #8305...
    warning: in the working copy of 'abyss/README.yml', LF will be replaced by CRLF the next time Git touches it
    [main a9bbca43] refactor: reorganize file structure [2026-07-14 #9]
     1 file changed, 4 insertions(+), 4 deletions(-)
  [10/20] Commit #8306...
    warning: in the working copy of 'abyss/README.yml', LF will be replaced by CRLF the next time Git touches it
    [main 5ffdfc7c] ci: update automation pipeline [2026-07-14 #10]
     1 file changed, 4 insertions(+), 4 deletions(-)
  [11/20] Commit #8307...
    warning: in the working copy of 'abyss/README.yml', LF will be replaced by CRLF the next time Git touches it
    [main babda7d2] feat: implement new helper methods [2026-07-14 #11]
     1 file changed, 4 insertions(+), 4 deletions(-)
  [12/20] Commit #8308...
    warning: in the working copy of 'abyss/README.yml', LF will be replaced by CRLF the next time Git touches it
    [main efd0dc94] feat: implement new helper methods [2026-07-14 #12]
     1 file changed, 4 insertions(+), 4 deletions(-)
  [13/20] Commit #8309...
    warning: in the working copy of 'abyss/README.yml', LF will be replaced by CRLF the next time Git touches it
    [main 04741276] feat: add new utility functions [2026-07-14 #13]
     1 file changed, 4 insertions(+), 4 deletions(-)
  [14/20] Commit #8310...
    warning: in the working copy of 'abyss/README.yml', LF will be replaced by CRLF the next time Git touches it
    [main 30808d0e] docs: update documentation [2026-07-14 #14]
     1 file changed, 4 insertions(+), 4 deletions(-)
  [15/20] Commit #8311...
    warning: in the working copy of 'abyss/README.yml', LF will be replaced by CRLF the next time Git touches it
    [main 0f56af72] fix: minor bug fixes [2026-07-14 #15]
     1 file changed, 4 insertions(+), 4 deletions(-)
  [16/20] Commit #8312...
    warning: in the working copy of 'abyss/README.yml', LF will be replaced by CRLF the next time Git touches it
    [main 7776719d] perf: optimize performance [2026-07-14 #16]
     1 file changed, 4 insertions(+), 4 deletions(-)
  [17/20] Commit #8313...
    warning: in the working copy of 'abyss/README.yml', LF will be replaced by CRLF the next time Git touches it
    [main 8452a8ef] style: improve code formatting [2026-07-14 #17]
     1 file changed, 4 insertions(+), 4 deletions(-)
  [18/20] Commit #8314...
    warning: in the working copy of 'abyss/README.yml', LF will be replaced by CRLF the next time Git touches it
    [main 8d105286] docs: improve README [2026-07-14 #18]
     1 file changed, 3 insertions(+), 3 deletions(-)
  [19/20] Commit #8315...
    warning: in the working copy of 'abyss/README.yml', LF will be replaced by CRLF the next time Git touches it
    [main 94a2fe90] feat: add new utility functions [2026-07-14 #19]
     1 file changed, 4 insertions(+), 4 deletions(-)
  [20/20] Commit #8316...
    warning: in the working copy of 'abyss/README.yml', LF will be replaced by CRLF the next time Git touches it
    [main ce611c6e] chore: update project files [2026-07-14 #20]
     1 file changed, 4 insertions(+), 4 deletions(-)

? Pushing ke remote...
  ? Branch: main
    To https://github.com/dimasrahmandaalfarizi/commit-automation.git
       65d329bb..ce611c6e  HEAD -> main
  ? Branch: abbys
    To https://github.com/dimasrahmandaalfarizi/commit-automation.git
       65d329bb..ce611c6e  HEAD -> abbys

????????????????????????????????????????????????
?  ? Selesai! 20 commit | 1/1 repo | 32s
????????????????????????????????????????????????
[2026-07-14 11:28:56] Program selesai.

? Stats saved ? d:\Xampp\htdocs\commit-automation-project\stats.csv
? Windows Toast sent.
[Tue 07/14/2026 11:28:56.83] ===== GitHell v2.0 Daily Run END ===== 
 
