[Thu 07/09/2026 18:58:34.00] ===== GitHell v2.0 Daily Run START ===== 
[Thu 07/09/2026 18:58:34.00] Compiling GitHell.java... 
[Thu 07/09/2026 18:58:36.38] Running daily mode... 
? Config loaded: d:\Xampp\htdocs\commit-automation-project\config.properties
????????????????????????????????????????????????
?   ? GitHell v2.0 - DAILY AUTO MODE          ?
?   Multi-Repo | Smart Msg | Retry | Stats     ?
????????????????????????????????????????????????
[2026-07-09 18:58:36] Memulai daily run...


? Repo: d:\Xampp\htdocs\commit-automation-project
???????????????????????????????????????????????????????
? Git pull...
    error: cannot pull with rebase: You have unstaged changes.
    error: Please commit or stash them.
  ??  Exit code: 128
  [01/20] Commit #8197...
    warning: in the working copy of 'abyss/README.yml', LF will be replaced by CRLF the next time Git touches it
    [main 12e722d2] refactor: improve code structure [2026-07-09 #1]
     1 file changed, 4 insertions(+), 4 deletions(-)
  [02/20] Commit #8198...
    warning: in the working copy of 'abyss/README.yml', LF will be replaced by CRLF the next time Git touches it
    [main 9488660f] refactor: reorganize file structure [2026-07-09 #2]
     1 file changed, 4 insertions(+), 4 deletions(-)
  [03/20] Commit #8199...
    warning: in the working copy of 'abyss/README.yml', LF will be replaced by CRLF the next time Git touches it
    [main 772aa6b9] fix: handle error gracefully [2026-07-09 #3]
     1 file changed, 4 insertions(+), 4 deletions(-)
  [04/20] Commit #8200...
    warning: in the working copy of 'abyss/README.yml', LF will be replaced by CRLF the next time Git touches it
    [main 8dee4d0e] chore: cleanup and maintenance [2026-07-09 #4]
     1 file changed, 4 insertions(+), 4 deletions(-)
  [05/20] Commit #8201...
    warning: in the working copy of 'abyss/README.yml', LF will be replaced by CRLF the next time Git touches it
    [main 42d564b9] fix: minor bug fixes [2026-07-09 #5]
     1 file changed, 4 insertions(+), 4 deletions(-)
  [06/20] Commit #8202...
    warning: in the working copy of 'abyss/README.yml', LF will be replaced by CRLF the next time Git touches it
    [main 319c50b0] chore: update project files [2026-07-09 #6]
     1 file changed, 4 insertions(+), 4 deletions(-)
  [07/20] Commit #8203...
    warning: in the working copy of 'abyss/README.yml', LF will be replaced by CRLF the next time Git touches it
    [main 5dc5f9f5] style: improve code formatting [2026-07-09 #7]
     1 file changed, 4 insertions(+), 4 deletions(-)
  [08/20] Commit #8204...
    warning: in the working copy of 'abyss/README.yml', LF will be replaced by CRLF the next time Git touches it
    [main 7e79a413] chore: update dependencies [2026-07-09 #8]
     1 file changed, 4 insertions(+), 4 deletions(-)
  [09/20] Commit #8205...
    warning: in the working copy of 'abyss/README.yml', LF will be replaced by CRLF the next time Git touches it
    [main d066e1e7] style: improve code formatting [2026-07-09 #9]
     1 file changed, 4 insertions(+), 4 deletions(-)
  [10/20] Commit #8206...
    warning: in the working copy of 'abyss/README.yml', LF will be replaced by CRLF the next time Git touches it
    [main 88b36d62] fix: handle error gracefully [2026-07-09 #10]
     1 file changed, 4 insertions(+), 4 deletions(-)
  [11/20] Commit #8207...
    warning: in the working copy of 'abyss/README.yml', LF will be replaced by CRLF the next time Git touches it
    [main 71d78d9b] fix: handle error gracefully [2026-07-09 #11]
     1 file changed, 4 insertions(+), 4 deletions(-)
  [12/20] Commit #8208...
    warning: in the working copy of 'abyss/README.yml', LF will be replaced by CRLF the next time Git touches it
    [main a7c042a0] refactor: reorganize file structure [2026-07-09 #12]
     1 file changed, 4 insertions(+), 4 deletions(-)
  [13/20] Commit #8209...
    warning: in the working copy of 'abyss/README.yml', LF will be replaced by CRLF the next time Git touches it
    [main c74c7b17] refactor: improve code structure [2026-07-09 #13]
     1 file changed, 4 insertions(+), 4 deletions(-)
  [14/20] Commit #8210...
    warning: in the working copy of 'abyss/README.yml', LF will be replaced by CRLF the next time Git touches it
    [main d576b4d3] fix: handle error gracefully [2026-07-09 #14]
     1 file changed, 4 insertions(+), 4 deletions(-)
  [15/20] Commit #8211...
    warning: in the working copy of 'abyss/README.yml', LF will be replaced by CRLF the next time Git touches it
    [main b53c85e6] style: improve code formatting [2026-07-09 #15]
     1 file changed, 4 insertions(+), 4 deletions(-)
  [16/20] Commit #8212...
    warning: in the working copy of 'abyss/README.yml', LF will be replaced by CRLF the next time Git touches it
    [main 4851b01f] test: add missing test cases [2026-07-09 #16]
     1 file changed, 4 insertions(+), 4 deletions(-)
  [17/20] Commit #8213...
    warning: in the working copy of 'abyss/README.yml', LF will be replaced by CRLF the next time Git touches it
    [main 7e50828e] feat: implement new helper methods [2026-07-09 #17]
     1 file changed, 4 insertions(+), 4 deletions(-)
  [18/20] Commit #8214...
    warning: in the working copy of 'abyss/README.yml', LF will be replaced by CRLF the next time Git touches it
    [main 60bb8233] build: update build scripts [2026-07-09 #18]
     1 file changed, 4 insertions(+), 4 deletions(-)
  [19/20] Commit #8215...
    warning: in the working copy of 'abyss/README.yml', LF will be replaced by CRLF the next time Git touches it
    [main ab5c040] build: update build scripts [2026-07-09 #19]
     1 file changed, 4 insertions(+), 4 deletions(-)
  [20/20] Commit #8216...
    warning: in the working copy of 'abyss/README.yml', LF will be replaced by CRLF the next time Git touches it
    [main 46fe828d] chore: cleanup and maintenance [2026-07-09 #20]
     1 file changed, 4 insertions(+), 4 deletions(-)

? Pushing ke remote...
  ? Branch: main
    To https://github.com/dimasrahmandaalfarizi/commit-automation.git
     + e0543614...46fe828d HEAD -> main (forced update)
  ? Branch: abbys
    To https://github.com/dimasrahmandaalfarizi/commit-automation.git
     + e0543614...46fe828d HEAD -> abbys (forced update)

????????????????????????????????????????????????
?  ? Selesai! 20 commit | 1/1 repo | 52s
????????????????????????????????????????????????
[2026-07-09 18:59:29] Program selesai.

? Stats saved ? d:\Xampp\htdocs\commit-automation-project\stats.csv
? Windows Toast sent.
[Thu 07/09/2026 18:59:30.56] ===== GitHell v2.0 Daily Run END ===== 
 
