[Wed 07/29/2026 11:29:09.93] ===== GitHell v2.0 Daily Run START ===== 
[Wed 07/29/2026 11:29:09.94] Compiling GitHell.java... 
[Wed 07/29/2026 11:29:12.08] Running daily mode... 
? Config loaded: d:\Xampp\htdocs\commit-automation-project\config.properties
????????????????????????????????????????????????
?   ? GitHell v2.0 - DAILY AUTO MODE          ?
?   Multi-Repo | Smart Msg | Retry | Stats     ?
????????????????????????????????????????????????
[2026-07-29 11:29:12] Memulai daily run...


? Repo: d:\Xampp\htdocs\commit-automation-project
???????????????????????????????????????????????????????
? Git pull...
    error: cannot pull with rebase: You have unstaged changes.
    error: Please commit or stash them.
  ??  Exit code: 128
??  Pull gagal/konflik: Command failed with exit code: 128. Melakukan abort...
    fatal: no rebase in progress
  ??  Exit code: 128
    fatal: There is no merge to abort (MERGE_HEAD missing).
  ??  Exit code: 128
  [01/20] Commit #8597...
    warning: in the working copy of 'abyss/README.yml', LF will be replaced by CRLF the next time Git touches it
    [detached HEAD 5d811c5e] ci: update automation pipeline [2026-07-29 #1]
     1 file changed, 4 insertions(+), 4 deletions(-)
  [02/20] Commit #8598...
    warning: in the working copy of 'abyss/README.yml', LF will be replaced by CRLF the next time Git touches it
    [detached HEAD 0290c71b] docs: improve README [2026-07-29 #2]
     1 file changed, 4 insertions(+), 4 deletions(-)
  [03/20] Commit #8599...
    warning: in the working copy of 'abyss/README.yml', LF will be replaced by CRLF the next time Git touches it
    [detached HEAD 4241ac37] chore: update project files [2026-07-29 #3]
     1 file changed, 4 insertions(+), 4 deletions(-)
  [04/20] Commit #8600...
    warning: in the working copy of 'abyss/README.yml', LF will be replaced by CRLF the next time Git touches it
    [detached HEAD e99ac4e0] refactor: reorganize file structure [2026-07-29 #4]
     1 file changed, 4 insertions(+), 4 deletions(-)
  [05/20] Commit #8601...
    warning: in the working copy of 'abyss/README.yml', LF will be replaced by CRLF the next time Git touches it
    [detached HEAD c04c16ff] docs: update documentation [2026-07-29 #5]
     1 file changed, 4 insertions(+), 4 deletions(-)
  [06/20] Commit #8602...
    warning: in the working copy of 'abyss/README.yml', LF will be replaced by CRLF the next time Git touches it
    [detached HEAD 816fe7dd] chore: remove unused code [2026-07-29 #6]
     1 file changed, 4 insertions(+), 4 deletions(-)
  [07/20] Commit #8603...
    warning: in the working copy of 'abyss/README.yml', LF will be replaced by CRLF the next time Git touches it
    [detached HEAD 52434eed] chore: cleanup and maintenance [2026-07-29 #7]
     1 file changed, 4 insertions(+), 4 deletions(-)
  [08/20] Commit #8604...
    warning: in the working copy of 'abyss/README.yml', LF will be replaced by CRLF the next time Git touches it
    [detached HEAD 5cc0701f] docs: improve README [2026-07-29 #8]
     1 file changed, 4 insertions(+), 4 deletions(-)
  [09/20] Commit #8605...
    warning: in the working copy of 'abyss/README.yml', LF will be replaced by CRLF the next time Git touches it
    [detached HEAD 5670b4dd] feat: add new utility functions [2026-07-29 #9]
     1 file changed, 4 insertions(+), 4 deletions(-)
  [10/20] Commit #8606...
    warning: in the working copy of 'abyss/README.yml', LF will be replaced by CRLF the next time Git touches it
    [detached HEAD 884446a1] chore: update dependencies [2026-07-29 #10]
     1 file changed, 4 insertions(+), 4 deletions(-)
  [11/20] Commit #8607...
    warning: in the working copy of 'abyss/README.yml', LF will be replaced by CRLF the next time Git touches it
    [detached HEAD 483f384a] chore: cleanup and maintenance [2026-07-29 #11]
     1 file changed, 4 insertions(+), 4 deletions(-)
  [12/20] Commit #8608...
    warning: in the working copy of 'abyss/README.yml', LF will be replaced by CRLF the next time Git touches it
    [detached HEAD 644e1695] chore: update project files [2026-07-29 #12]
     1 file changed, 4 insertions(+), 4 deletions(-)
  [13/20] Commit #8609...
    warning: in the working copy of 'abyss/README.yml', LF will be replaced by CRLF the next time Git touches it
    [detached HEAD 4519f4b7] style: improve code formatting [2026-07-29 #13]
     1 file changed, 4 insertions(+), 4 deletions(-)
  [14/20] Commit #8610...
    warning: in the working copy of 'abyss/README.yml', LF will be replaced by CRLF the next time Git touches it
    [detached HEAD 5e98225e] test: add missing test cases [2026-07-29 #14]
     1 file changed, 4 insertions(+), 4 deletions(-)
  [15/20] Commit #8611...
    warning: in the working copy of 'abyss/README.yml', LF will be replaced by CRLF the next time Git touches it
    [detached HEAD e5324970] docs: update documentation [2026-07-29 #15]
     1 file changed, 4 insertions(+), 4 deletions(-)
  [16/20] Commit #8612...
    warning: in the working copy of 'abyss/README.yml', LF will be replaced by CRLF the next time Git touches it
    [detached HEAD 2e28cf09] chore: remove unused code [2026-07-29 #16]
     1 file changed, 3 insertions(+), 3 deletions(-)
  [17/20] Commit #8613...
    warning: in the working copy of 'abyss/README.yml', LF will be replaced by CRLF the next time Git touches it
    [detached HEAD cc571de3] ci: update automation pipeline [2026-07-29 #17]
     1 file changed, 4 insertions(+), 4 deletions(-)
  [18/20] Commit #8614...
    warning: in the working copy of 'abyss/README.yml', LF will be replaced by CRLF the next time Git touches it
    [detached HEAD de4badfc] fix: resolve edge cases [2026-07-29 #18]
     1 file changed, 4 insertions(+), 4 deletions(-)
  [19/20] Commit #8615...
    warning: in the working copy of 'abyss/README.yml', LF will be replaced by CRLF the next time Git touches it
    [detached HEAD dec9635d] chore: remove unused code [2026-07-29 #19]
     1 file changed, 4 insertions(+), 4 deletions(-)
  [20/20] Commit #8616...
    warning: in the working copy of 'abyss/README.yml', LF will be replaced by CRLF the next time Git touches it
    [detached HEAD 41aad2e4] build: update build scripts [2026-07-29 #20]
     1 file changed, 4 insertions(+), 4 deletions(-)

? Pushing ke remote...
  ? Branch: main
    To https://github.com/dimasrahmandaalfarizi/commit-automation.git
       a6f0998c..41aad2e4  HEAD -> main
  ? Branch: abbys
    To https://github.com/dimasrahmandaalfarizi/commit-automation.git
       a6f0998c..41aad2e4  HEAD -> abbys

????????????????????????????????????????????????
?  ? Selesai! 20 commit | 1/1 repo | 35s
????????????????????????????????????????????????
[2026-07-29 11:29:47] Program selesai.

? Stats saved ? d:\Xampp\htdocs\commit-automation-project\stats.csv
? Windows Toast sent.
[Wed 07/29/2026 11:29:48.88] ===== GitHell v2.0 Daily Run END ===== 
 
