[Wed 07/01/2026 12:31:04.95] ===== GitHell v2.0 Daily Run START ===== 
[Wed 07/01/2026 12:31:04.99] Compiling GitHell.java... 
[Wed 07/01/2026 12:31:07.90] Running daily mode... 
? Config loaded: d:\Xampp\htdocs\commit-automation-project\config.properties
????????????????????????????????????????????????
?   ? GitHell v2.0 - DAILY AUTO MODE          ?
?   Multi-Repo | Smart Msg | Retry | Stats     ?
????????????????????????????????????????????????
[2026-07-01 12:31:08] Memulai daily run...


? Repo: d:\Xampp\htdocs\commit-automation-project
???????????????????????????????????????????????????????
? Git pull...
    error: cannot pull with rebase: You have unstaged changes.
    error: Please commit or stash them.
  ??  Exit code: 128
  [01/20] Commit #8057...
    warning: in the working copy of 'abyss/README.yml', LF will be replaced by CRLF the next time Git touches it
    [main 64c8760c] chore: cleanup and maintenance [2026-07-01 #1]
     1 file changed, 4 insertions(+), 4 deletions(-)
  [02/20] Commit #8058...
    warning: in the working copy of 'abyss/README.yml', LF will be replaced by CRLF the next time Git touches it
    [main 0f665c14] refactor: reorganize file structure [2026-07-01 #2]
     1 file changed, 4 insertions(+), 4 deletions(-)
  [03/20] Commit #8059...
    warning: in the working copy of 'abyss/README.yml', LF will be replaced by CRLF the next time Git touches it
    [main ede13a4c] feat: enhance existing features [2026-07-01 #3]
     1 file changed, 4 insertions(+), 4 deletions(-)
  [04/20] Commit #8060...
    warning: in the working copy of 'abyss/README.yml', LF will be replaced by CRLF the next time Git touches it
    [main 669c66c4] chore: remove unused code [2026-07-01 #4]
     1 file changed, 3 insertions(+), 3 deletions(-)
  [05/20] Commit #8061...
    warning: in the working copy of 'abyss/README.yml', LF will be replaced by CRLF the next time Git touches it
    [main 44dad37e] feat: add new utility functions [2026-07-01 #5]
     1 file changed, 4 insertions(+), 4 deletions(-)
  [06/20] Commit #8062...
    warning: in the working copy of 'abyss/README.yml', LF will be replaced by CRLF the next time Git touches it
    [main 7d9f4f25] perf: optimize performance [2026-07-01 #6]
     1 file changed, 4 insertions(+), 4 deletions(-)
  [07/20] Commit #8063...
    warning: in the working copy of 'abyss/README.yml', LF will be replaced by CRLF the next time Git touches it
    [main a20c61c8] fix: handle error gracefully [2026-07-01 #7]
     1 file changed, 4 insertions(+), 4 deletions(-)
  [08/20] Commit #8064...
    warning: in the working copy of 'abyss/README.yml', LF will be replaced by CRLF the next time Git touches it
    [main 323bbc08] chore: update project files [2026-07-01 #8]
     1 file changed, 4 insertions(+), 4 deletions(-)
  [09/20] Commit #8065...
    warning: in the working copy of 'abyss/README.yml', LF will be replaced by CRLF the next time Git touches it
    [main 5a31d3a7] build: update build scripts [2026-07-01 #9]
     1 file changed, 4 insertions(+), 4 deletions(-)
  [10/20] Commit #8066...
    warning: in the working copy of 'abyss/README.yml', LF will be replaced by CRLF the next time Git touches it
    [main 9c819f80] fix: handle error gracefully [2026-07-01 #10]
     1 file changed, 4 insertions(+), 4 deletions(-)
  [11/20] Commit #8067...
    warning: in the working copy of 'abyss/README.yml', LF will be replaced by CRLF the next time Git touches it
    [main 94e36b9a] docs: update documentation [2026-07-01 #11]
     1 file changed, 4 insertions(+), 4 deletions(-)
  [12/20] Commit #8068...
    warning: in the working copy of 'abyss/README.yml', LF will be replaced by CRLF the next time Git touches it
    [main 248956c5] perf: optimize performance [2026-07-01 #12]
     1 file changed, 4 insertions(+), 4 deletions(-)
  [13/20] Commit #8069...
    warning: in the working copy of 'abyss/README.yml', LF will be replaced by CRLF the next time Git touches it
    [main c5606216] feat: enhance existing features [2026-07-01 #13]
     1 file changed, 4 insertions(+), 4 deletions(-)
  [14/20] Commit #8070...
    warning: in the working copy of 'abyss/README.yml', LF will be replaced by CRLF the next time Git touches it
    [main f6e4fe82] fix: resolve edge cases [2026-07-01 #14]
     1 file changed, 4 insertions(+), 4 deletions(-)
  [15/20] Commit #8071...
    warning: in the working copy of 'abyss/README.yml', LF will be replaced by CRLF the next time Git touches it
    [main 0b3c65e0] build: update build scripts [2026-07-01 #15]
     1 file changed, 3 insertions(+), 3 deletions(-)
  [16/20] Commit #8072...
    warning: in the working copy of 'abyss/README.yml', LF will be replaced by CRLF the next time Git touches it
    [main f08e8a1b] refactor: improve code structure [2026-07-01 #16]
     1 file changed, 4 insertions(+), 4 deletions(-)
  [17/20] Commit #8073...
    warning: in the working copy of 'abyss/README.yml', LF will be replaced by CRLF the next time Git touches it
    [main 3d4e57ce] fix: handle error gracefully [2026-07-01 #17]
     1 file changed, 4 insertions(+), 4 deletions(-)
  [18/20] Commit #8074...
    warning: in the working copy of 'abyss/README.yml', LF will be replaced by CRLF the next time Git touches it
    [main d3702821] chore: update dependencies [2026-07-01 #18]
     1 file changed, 4 insertions(+), 4 deletions(-)
  [19/20] Commit #8075...
    warning: in the working copy of 'abyss/README.yml', LF will be replaced by CRLF the next time Git touches it
    [main b4374728] refactor: extract common utilities [2026-07-01 #19]
     1 file changed, 4 insertions(+), 4 deletions(-)
  [20/20] Commit #8076...
    warning: in the working copy of 'abyss/README.yml', LF will be replaced by CRLF the next time Git touches it
    [main e4f30f40] chore: update project files [2026-07-01 #20]
     1 file changed, 4 insertions(+), 4 deletions(-)

? Pushing ke remote...
  ? Branch: main
    To https://github.com/dimasrahmandaalfarizi/commit-automation.git
       a4ffb986..e4f30f40  HEAD -> main
  ? Branch: abbys
    To https://github.com/dimasrahmandaalfarizi/commit-automation.git
       a4ffb986..e4f30f40  HEAD -> abbys

????????????????????????????????????????????????
?  ? Selesai! 20 commit | 1/1 repo | 38s
????????????????????????????????????????????????
[2026-07-01 12:31:47] Program selesai.

? Stats saved ? d:\Xampp\htdocs\commit-automation-project\stats.csv
? Windows Toast sent.
[Wed 07/01/2026 12:31:48.97] ===== GitHell v2.0 Daily Run END ===== 
 
