[Wed 07/15/2026 20:49:59.38] ===== GitHell v2.0 Daily Run START ===== 
[Wed 07/15/2026 20:49:59.38] Compiling GitHell.java... 
[Wed 07/15/2026 20:50:00.90] Running daily mode... 
? Config loaded: d:\Xampp\htdocs\commit-automation-project\config.properties
????????????????????????????????????????????????
?   ? GitHell v2.0 - DAILY AUTO MODE          ?
?   Multi-Repo | Smart Msg | Retry | Stats     ?
????????????????????????????????????????????????
[2026-07-15 20:50:01] Memulai daily run...


? Repo: d:\Xampp\htdocs\commit-automation-project
???????????????????????????????????????????????????????
? Git pull...
    error: cannot pull with rebase: You have unstaged changes.
    error: Please commit or stash them.
  ??  Exit code: 128
  [01/20] Commit #8317...
    warning: in the working copy of 'abyss/README.yml', LF will be replaced by CRLF the next time Git touches it
    [main dd477e04] docs: update documentation [2026-07-15 #1]
     1 file changed, 4 insertions(+), 4 deletions(-)
  [02/20] Commit #8318...
    warning: in the working copy of 'abyss/README.yml', LF will be replaced by CRLF the next time Git touches it
    [main 4898eb39] chore: update project files [2026-07-15 #2]
     1 file changed, 4 insertions(+), 4 deletions(-)
  [03/20] Commit #8319...
    warning: in the working copy of 'abyss/README.yml', LF will be replaced by CRLF the next time Git touches it
    [main 2e93df9b] docs: improve README [2026-07-15 #3]
     1 file changed, 4 insertions(+), 4 deletions(-)
  [04/20] Commit #8320...
    warning: in the working copy of 'abyss/README.yml', LF will be replaced by CRLF the next time Git touches it
    [main ca7a119b] feat: enhance existing features [2026-07-15 #4]
     1 file changed, 4 insertions(+), 4 deletions(-)
  [05/20] Commit #8321...
    warning: in the working copy of 'abyss/README.yml', LF will be replaced by CRLF the next time Git touches it
    [main ed7339a5] style: improve code formatting [2026-07-15 #5]
     1 file changed, 4 insertions(+), 4 deletions(-)
  [06/20] Commit #8322...
    warning: in the working copy of 'abyss/README.yml', LF will be replaced by CRLF the next time Git touches it
    [main 7f866484] chore: update project files [2026-07-15 #6]
     1 file changed, 4 insertions(+), 4 deletions(-)
  [07/20] Commit #8323...
    warning: in the working copy of 'abyss/README.yml', LF will be replaced by CRLF the next time Git touches it
    [main db6d38fc] docs: improve README [2026-07-15 #7]
     1 file changed, 4 insertions(+), 4 deletions(-)
  [08/20] Commit #8324...
    warning: in the working copy of 'abyss/README.yml', LF will be replaced by CRLF the next time Git touches it
    [main 55607196] refactor: improve code structure [2026-07-15 #8]
     1 file changed, 4 insertions(+), 4 deletions(-)
  [09/20] Commit #8325...
    warning: in the working copy of 'abyss/README.yml', LF will be replaced by CRLF the next time Git touches it
    [main 2915c57a] feat: enhance existing features [2026-07-15 #9]
     1 file changed, 4 insertions(+), 4 deletions(-)
  [10/20] Commit #8326...
    warning: in the working copy of 'abyss/README.yml', LF will be replaced by CRLF the next time Git touches it
    [main b7237dc3] docs: update documentation [2026-07-15 #10]
     1 file changed, 4 insertions(+), 4 deletions(-)
  [11/20] Commit #8327...
    warning: in the working copy of 'abyss/README.yml', LF will be replaced by CRLF the next time Git touches it
    [main 162eb3f7] feat: add new utility functions [2026-07-15 #11]
     1 file changed, 4 insertions(+), 4 deletions(-)
  [12/20] Commit #8328...
    warning: in the working copy of 'abyss/README.yml', LF will be replaced by CRLF the next time Git touches it
    [main 6b207b16] docs: improve README [2026-07-15 #12]
     1 file changed, 4 insertions(+), 4 deletions(-)
  [13/20] Commit #8329...
    warning: in the working copy of 'abyss/README.yml', LF will be replaced by CRLF the next time Git touches it
    [main 755c685f] style: improve code formatting [2026-07-15 #13]
     1 file changed, 4 insertions(+), 4 deletions(-)
  [14/20] Commit #8330...
    warning: in the working copy of 'abyss/README.yml', LF will be replaced by CRLF the next time Git touches it
    [main 49e0c4fd] feat: enhance existing features [2026-07-15 #14]
     1 file changed, 4 insertions(+), 4 deletions(-)
  [15/20] Commit #8331...
    warning: in the working copy of 'abyss/README.yml', LF will be replaced by CRLF the next time Git touches it
    [main 10ed1af7] docs: improve README [2026-07-15 #15]
     1 file changed, 4 insertions(+), 4 deletions(-)
  [16/20] Commit #8332...
    warning: in the working copy of 'abyss/README.yml', LF will be replaced by CRLF the next time Git touches it
    [main 534080c0] fix: resolve edge cases [2026-07-15 #16]
     1 file changed, 4 insertions(+), 4 deletions(-)
  [17/20] Commit #8333...
    warning: in the working copy of 'abyss/README.yml', LF will be replaced by CRLF the next time Git touches it
    [main 413139ed] chore: remove unused code [2026-07-15 #17]
     1 file changed, 4 insertions(+), 4 deletions(-)
  [18/20] Commit #8334...
    warning: in the working copy of 'abyss/README.yml', LF will be replaced by CRLF the next time Git touches it
    [main 50c5f246] test: add missing test cases [2026-07-15 #18]
     1 file changed, 3 insertions(+), 3 deletions(-)
  [19/20] Commit #8335...
    warning: in the working copy of 'abyss/README.yml', LF will be replaced by CRLF the next time Git touches it
    [main 7a131704] ci: update automation pipeline [2026-07-15 #19]
     1 file changed, 4 insertions(+), 4 deletions(-)
  [20/20] Commit #8336...
    warning: in the working copy of 'abyss/README.yml', LF will be replaced by CRLF the next time Git touches it
    [main da513f5f] fix: resolve edge cases [2026-07-15 #20]
     1 file changed, 4 insertions(+), 4 deletions(-)

? Pushing ke remote...
  ? Branch: main
    To https://github.com/dimasrahmandaalfarizi/commit-automation.git
     + 3e2babfd...da513f5f HEAD -> main (forced update)
  ? Branch: abbys
    To https://github.com/dimasrahmandaalfarizi/commit-automation.git
     + 3e2babfd...da513f5f HEAD -> abbys (forced update)

????????????????????????????????????????????????
?  ? Selesai! 20 commit | 1/1 repo | 36s
????????????????????????????????????????????????
[2026-07-15 20:50:37] Program selesai.

? Stats saved ? d:\Xampp\htdocs\commit-automation-project\stats.csv
? Windows Toast sent.
[Wed 07/15/2026 20:50:38.24] ===== GitHell v2.0 Daily Run END ===== 
 
