[Fri 07/10/2026 20:27:58.94] ===== GitHell v2.0 Daily Run START ===== 
[Fri 07/10/2026 20:27:59.27] Compiling GitHell.java... 
[Fri 07/10/2026 20:28:01.51] Running daily mode... 
? Config loaded: d:\Xampp\htdocs\commit-automation-project\config.properties
????????????????????????????????????????????????
?   ? GitHell v2.0 - DAILY AUTO MODE          ?
?   Multi-Repo | Smart Msg | Retry | Stats     ?
????????????????????????????????????????????????
[2026-07-10 20:28:01] Memulai daily run...


? Repo: d:\Xampp\htdocs\commit-automation-project
???????????????????????????????????????????????????????
? Git pull...
    error: cannot pull with rebase: You have unstaged changes.
    error: Please commit or stash them.
  ??  Exit code: 128
  [01/20] Commit #8217...
    warning: in the working copy of 'abyss/README.yml', LF will be replaced by CRLF the next time Git touches it
    [main 989479dd] feat: add new utility functions [2026-07-10 #1]
     1 file changed, 4 insertions(+), 4 deletions(-)
  [02/20] Commit #8218...
    warning: in the working copy of 'abyss/README.yml', LF will be replaced by CRLF the next time Git touches it
    [main 595bbcdf] docs: update documentation [2026-07-10 #2]
     1 file changed, 4 insertions(+), 4 deletions(-)
  [03/20] Commit #8219...
    warning: in the working copy of 'abyss/README.yml', LF will be replaced by CRLF the next time Git touches it
    [main 6cb49bd9] docs: improve README [2026-07-10 #3]
     1 file changed, 4 insertions(+), 4 deletions(-)
  [04/20] Commit #8220...
    warning: in the working copy of 'abyss/README.yml', LF will be replaced by CRLF the next time Git touches it
    [main 67b1bf7a] refactor: reorganize file structure [2026-07-10 #4]
     1 file changed, 4 insertions(+), 4 deletions(-)
  [05/20] Commit #8221...
    warning: in the working copy of 'abyss/README.yml', LF will be replaced by CRLF the next time Git touches it
    [main 22a01367] ci: update automation pipeline [2026-07-10 #5]
     1 file changed, 4 insertions(+), 4 deletions(-)
  [06/20] Commit #8222...
    warning: in the working copy of 'abyss/README.yml', LF will be replaced by CRLF the next time Git touches it
    [main 2fa3be73] refactor: extract common utilities [2026-07-10 #6]
     1 file changed, 4 insertions(+), 4 deletions(-)
  [07/20] Commit #8223...
    warning: in the working copy of 'abyss/README.yml', LF will be replaced by CRLF the next time Git touches it
    [main 489eb955] docs: improve README [2026-07-10 #7]
     1 file changed, 4 insertions(+), 4 deletions(-)
  [08/20] Commit #8224...
    warning: in the working copy of 'abyss/README.yml', LF will be replaced by CRLF the next time Git touches it
    [main 661937fb] refactor: improve code structure [2026-07-10 #8]
     1 file changed, 4 insertions(+), 4 deletions(-)
  [09/20] Commit #8225...
    warning: in the working copy of 'abyss/README.yml', LF will be replaced by CRLF the next time Git touches it
    [main d2d0be2b] feat: enhance existing features [2026-07-10 #9]
     1 file changed, 4 insertions(+), 4 deletions(-)
  [10/20] Commit #8226...
    warning: in the working copy of 'abyss/README.yml', LF will be replaced by CRLF the next time Git touches it
    [main 047937e9] feat: enhance existing features [2026-07-10 #10]
     1 file changed, 4 insertions(+), 4 deletions(-)
  [11/20] Commit #8227...
    warning: in the working copy of 'abyss/README.yml', LF will be replaced by CRLF the next time Git touches it
    [main c5b034d4] perf: optimize performance [2026-07-10 #11]
     1 file changed, 4 insertions(+), 4 deletions(-)
  [12/20] Commit #8228...
    warning: in the working copy of 'abyss/README.yml', LF will be replaced by CRLF the next time Git touches it
    [main f239321b] test: add missing test cases [2026-07-10 #12]
     1 file changed, 4 insertions(+), 4 deletions(-)
  [13/20] Commit #8229...
    warning: in the working copy of 'abyss/README.yml', LF will be replaced by CRLF the next time Git touches it
    [main 400252ad] test: add missing test cases [2026-07-10 #13]
     1 file changed, 4 insertions(+), 4 deletions(-)
  [14/20] Commit #8230...
    warning: in the working copy of 'abyss/README.yml', LF will be replaced by CRLF the next time Git touches it
    [main 84c5c3f0] perf: optimize performance [2026-07-10 #14]
     1 file changed, 4 insertions(+), 4 deletions(-)
  [15/20] Commit #8231...
    warning: in the working copy of 'abyss/README.yml', LF will be replaced by CRLF the next time Git touches it
    [main 9c4d6929] build: update build scripts [2026-07-10 #15]
     1 file changed, 4 insertions(+), 4 deletions(-)
  [16/20] Commit #8232...
    warning: in the working copy of 'abyss/README.yml', LF will be replaced by CRLF the next time Git touches it
    [main e20b7f59] chore: remove unused code [2026-07-10 #16]
     1 file changed, 4 insertions(+), 4 deletions(-)
  [17/20] Commit #8233...
    warning: in the working copy of 'abyss/README.yml', LF will be replaced by CRLF the next time Git touches it
    [main 946fb858] test: add missing test cases [2026-07-10 #17]
     1 file changed, 4 insertions(+), 4 deletions(-)
  [18/20] Commit #8234...
    warning: in the working copy of 'abyss/README.yml', LF will be replaced by CRLF the next time Git touches it
    [main 43c5acc3] style: improve code formatting [2026-07-10 #18]
     1 file changed, 4 insertions(+), 4 deletions(-)
  [19/20] Commit #8235...
    warning: in the working copy of 'abyss/README.yml', LF will be replaced by CRLF the next time Git touches it
    [main 81122d4d] ci: update automation pipeline [2026-07-10 #19]
     1 file changed, 4 insertions(+), 4 deletions(-)
  [20/20] Commit #8236...
    warning: in the working copy of 'abyss/README.yml', LF will be replaced by CRLF the next time Git touches it
    [main 78fe4322] refactor: improve code structure [2026-07-10 #20]
     1 file changed, 4 insertions(+), 4 deletions(-)

? Pushing ke remote...
  ? Branch: main
    To https://github.com/dimasrahmandaalfarizi/commit-automation.git
     + ec57f95a...78fe4322 HEAD -> main (forced update)
  ? Branch: abbys
    To https://github.com/dimasrahmandaalfarizi/commit-automation.git
     + ec57f95a...78fe4322 HEAD -> abbys (forced update)

????????????????????????????????????????????????
?  ? Selesai! 20 commit | 1/1 repo | 40s
????????????????????????????????????????????????
[2026-07-10 20:28:42] Program selesai.

? Stats saved ? d:\Xampp\htdocs\commit-automation-project\stats.csv
? Windows Toast sent.
[Fri 07/10/2026 20:28:42.85] ===== GitHell v2.0 Daily Run END ===== 
 
