[Sun 07/05/2026 12:48:00.89] ===== GitHell v2.0 Daily Run START ===== 
[Sun 07/05/2026 12:48:00.89] Compiling GitHell.java... 
[Sun 07/05/2026 12:48:02.85] Running daily mode... 
? Config loaded: d:\Xampp\htdocs\commit-automation-project\config.properties
????????????????????????????????????????????????
?   ? GitHell v2.0 - DAILY AUTO MODE          ?
?   Multi-Repo | Smart Msg | Retry | Stats     ?
????????????????????????????????????????????????
[2026-07-05 12:48:03] Memulai daily run...


? Repo: d:\Xampp\htdocs\commit-automation-project
???????????????????????????????????????????????????????
? Git pull...
    error: cannot pull with rebase: You have unstaged changes.
    error: Please commit or stash them.
  ??  Exit code: 128
  [01/20] Commit #8117...
    warning: in the working copy of 'abyss/README.yml', LF will be replaced by CRLF the next time Git touches it
    [main 7db0c360] fix: resolve edge cases [2026-07-05 #1]
     1 file changed, 4 insertions(+), 4 deletions(-)
  [02/20] Commit #8118...
    warning: in the working copy of 'abyss/README.yml', LF will be replaced by CRLF the next time Git touches it
    [main 1bb1af14] docs: improve README [2026-07-05 #2]
     1 file changed, 4 insertions(+), 4 deletions(-)
  [03/20] Commit #8119...
    warning: in the working copy of 'abyss/README.yml', LF will be replaced by CRLF the next time Git touches it
    [main 71670175] ci: update automation pipeline [2026-07-05 #3]
     1 file changed, 4 insertions(+), 4 deletions(-)
  [04/20] Commit #8120...
    warning: in the working copy of 'abyss/README.yml', LF will be replaced by CRLF the next time Git touches it
    [main fa5053c5] feat: add new utility functions [2026-07-05 #4]
     1 file changed, 4 insertions(+), 4 deletions(-)
  [05/20] Commit #8121...
    warning: in the working copy of 'abyss/README.yml', LF will be replaced by CRLF the next time Git touches it
    [main 0611bc9a] perf: optimize performance [2026-07-05 #5]
     1 file changed, 4 insertions(+), 4 deletions(-)
  [06/20] Commit #8122...
    warning: in the working copy of 'abyss/README.yml', LF will be replaced by CRLF the next time Git touches it
    [main b617c598] refactor: improve code structure [2026-07-05 #6]
     1 file changed, 4 insertions(+), 4 deletions(-)
  [07/20] Commit #8123...
    warning: in the working copy of 'abyss/README.yml', LF will be replaced by CRLF the next time Git touches it
    [main 2fe4c766] fix: minor bug fixes [2026-07-05 #7]
     1 file changed, 3 insertions(+), 3 deletions(-)
  [08/20] Commit #8124...
    warning: in the working copy of 'abyss/README.yml', LF will be replaced by CRLF the next time Git touches it
    [main acde3f39] perf: optimize performance [2026-07-05 #8]
     1 file changed, 4 insertions(+), 4 deletions(-)
  [09/20] Commit #8125...
    warning: in the working copy of 'abyss/README.yml', LF will be replaced by CRLF the next time Git touches it
    [main ec95571d] ci: update automation pipeline [2026-07-05 #9]
     1 file changed, 4 insertions(+), 4 deletions(-)
  [10/20] Commit #8126...
    warning: in the working copy of 'abyss/README.yml', LF will be replaced by CRLF the next time Git touches it
    [main b86b8904] ci: update automation pipeline [2026-07-05 #10]
     1 file changed, 4 insertions(+), 4 deletions(-)
  [11/20] Commit #8127...
    warning: in the working copy of 'abyss/README.yml', LF will be replaced by CRLF the next time Git touches it
    [main f4e30a26] docs: improve README [2026-07-05 #11]
     1 file changed, 4 insertions(+), 4 deletions(-)
  [12/20] Commit #8128...
    warning: in the working copy of 'abyss/README.yml', LF will be replaced by CRLF the next time Git touches it
    [main e4592be7] chore: cleanup and maintenance [2026-07-05 #12]
     1 file changed, 4 insertions(+), 4 deletions(-)
  [13/20] Commit #8129...
    warning: in the working copy of 'abyss/README.yml', LF will be replaced by CRLF the next time Git touches it
    [main 3abb6800] chore: update dependencies [2026-07-05 #13]
     1 file changed, 4 insertions(+), 4 deletions(-)
  [14/20] Commit #8130...
    warning: in the working copy of 'abyss/README.yml', LF will be replaced by CRLF the next time Git touches it
    [main 6b97e7ba] chore: remove unused code [2026-07-05 #14]
     1 file changed, 4 insertions(+), 4 deletions(-)
  [15/20] Commit #8131...
    warning: in the working copy of 'abyss/README.yml', LF will be replaced by CRLF the next time Git touches it
    [main 21e9506f] build: update build scripts [2026-07-05 #15]
     1 file changed, 4 insertions(+), 4 deletions(-)
  [16/20] Commit #8132...
    warning: in the working copy of 'abyss/README.yml', LF will be replaced by CRLF the next time Git touches it
    [main d4d85846] chore: remove unused code [2026-07-05 #16]
     1 file changed, 3 insertions(+), 3 deletions(-)
  [17/20] Commit #8133...
    warning: in the working copy of 'abyss/README.yml', LF will be replaced by CRLF the next time Git touches it
    [main e300e391] feat: enhance existing features [2026-07-05 #17]
     1 file changed, 4 insertions(+), 4 deletions(-)
  [18/20] Commit #8134...
    warning: in the working copy of 'abyss/README.yml', LF will be replaced by CRLF the next time Git touches it
    [main ed54c281] perf: optimize performance [2026-07-05 #18]
     1 file changed, 4 insertions(+), 4 deletions(-)
  [19/20] Commit #8135...
    warning: in the working copy of 'abyss/README.yml', LF will be replaced by CRLF the next time Git touches it
    [main a73dc5b3] feat: enhance existing features [2026-07-05 #19]
     1 file changed, 4 insertions(+), 4 deletions(-)
  [20/20] Commit #8136...
    warning: in the working copy of 'abyss/README.yml', LF will be replaced by CRLF the next time Git touches it
    [main 88153aca] feat: enhance existing features [2026-07-05 #20]
     1 file changed, 4 insertions(+), 4 deletions(-)

? Pushing ke remote...
  ? Branch: main
    To https://github.com/dimasrahmandaalfarizi/commit-automation.git
     + c65329ff...88153aca HEAD -> main (forced update)
  ? Branch: abbys
    To https://github.com/dimasrahmandaalfarizi/commit-automation.git
     + c65329ff...88153aca HEAD -> abbys (forced update)

????????????????????????????????????????????????
?  ? Selesai! 20 commit | 1/1 repo | 30s
????????????????????????????????????????????????
[2026-07-05 12:48:33] Program selesai.

? Stats saved ? d:\Xampp\htdocs\commit-automation-project\stats.csv
? Windows Toast sent.
[Sun 07/05/2026 12:48:34.00] ===== GitHell v2.0 Daily Run END ===== 
 
