[Tue 07/07/2026 18:20:52.69] ===== GitHell v2.0 Daily Run START ===== 
[Tue 07/07/2026 18:20:52.70] Compiling GitHell.java... 
[Tue 07/07/2026 18:20:54.87] Running daily mode... 
? Config loaded: d:\Xampp\htdocs\commit-automation-project\config.properties
????????????????????????????????????????????????
?   ? GitHell v2.0 - DAILY AUTO MODE          ?
?   Multi-Repo | Smart Msg | Retry | Stats     ?
????????????????????????????????????????????????
[2026-07-07 18:20:55] Memulai daily run...


? Repo: d:\Xampp\htdocs\commit-automation-project
???????????????????????????????????????????????????????
? Git pull...
    error: cannot pull with rebase: You have unstaged changes.
    error: Please commit or stash them.
  ??  Exit code: 128
  [01/20] Commit #8157...
    warning: in the working copy of 'abyss/README.yml', LF will be replaced by CRLF the next time Git touches it
    [main 719b3a7b] chore: cleanup and maintenance [2026-07-07 #1]
     1 file changed, 4 insertions(+), 4 deletions(-)
  [02/20] Commit #8158...
    warning: in the working copy of 'abyss/README.yml', LF will be replaced by CRLF the next time Git touches it
    [main ba107413] chore: update dependencies [2026-07-07 #2]
     1 file changed, 4 insertions(+), 4 deletions(-)
  [03/20] Commit #8159...
    warning: in the working copy of 'abyss/README.yml', LF will be replaced by CRLF the next time Git touches it
    [main 6bc6eb44] build: update build scripts [2026-07-07 #3]
     1 file changed, 4 insertions(+), 4 deletions(-)
  [04/20] Commit #8160...
    warning: in the working copy of 'abyss/README.yml', LF will be replaced by CRLF the next time Git touches it
    [main b31e1798] fix: resolve edge cases [2026-07-07 #4]
     1 file changed, 4 insertions(+), 4 deletions(-)
  [05/20] Commit #8161...
    warning: in the working copy of 'abyss/README.yml', LF will be replaced by CRLF the next time Git touches it
    [main 443cc2d8] docs: improve README [2026-07-07 #5]
     1 file changed, 4 insertions(+), 4 deletions(-)
  [06/20] Commit #8162...
    warning: in the working copy of 'abyss/README.yml', LF will be replaced by CRLF the next time Git touches it
    [main e87c4f60] ci: update automation pipeline [2026-07-07 #6]
     1 file changed, 4 insertions(+), 4 deletions(-)
  [07/20] Commit #8163...
    warning: in the working copy of 'abyss/README.yml', LF will be replaced by CRLF the next time Git touches it
    [main 2eccb2db] fix: minor bug fixes [2026-07-07 #7]
     1 file changed, 4 insertions(+), 4 deletions(-)
  [08/20] Commit #8164...
    warning: in the working copy of 'abyss/README.yml', LF will be replaced by CRLF the next time Git touches it
    [main ede41e28] fix: handle error gracefully [2026-07-07 #8]
     1 file changed, 4 insertions(+), 4 deletions(-)
  [09/20] Commit #8165...
    warning: in the working copy of 'abyss/README.yml', LF will be replaced by CRLF the next time Git touches it
    [main 59eabb68] test: add missing test cases [2026-07-07 #9]
     1 file changed, 4 insertions(+), 4 deletions(-)
  [10/20] Commit #8166...
    warning: in the working copy of 'abyss/README.yml', LF will be replaced by CRLF the next time Git touches it
    [main 4e82f1d3] test: add missing test cases [2026-07-07 #10]
     1 file changed, 4 insertions(+), 4 deletions(-)
  [11/20] Commit #8167...
    warning: in the working copy of 'abyss/README.yml', LF will be replaced by CRLF the next time Git touches it
    [main f95b02af] style: improve code formatting [2026-07-07 #11]
     1 file changed, 4 insertions(+), 4 deletions(-)
  [12/20] Commit #8168...
    warning: in the working copy of 'abyss/README.yml', LF will be replaced by CRLF the next time Git touches it
    [main 6a561761] refactor: improve code structure [2026-07-07 #12]
     1 file changed, 4 insertions(+), 4 deletions(-)
  [13/20] Commit #8169...
    warning: in the working copy of 'abyss/README.yml', LF will be replaced by CRLF the next time Git touches it
    [main 5580c7eb] chore: cleanup and maintenance [2026-07-07 #13]
     1 file changed, 4 insertions(+), 4 deletions(-)
  [14/20] Commit #8170...
    warning: in the working copy of 'abyss/README.yml', LF will be replaced by CRLF the next time Git touches it
    [main 103779dd] perf: optimize performance [2026-07-07 #14]
     1 file changed, 4 insertions(+), 4 deletions(-)
  [15/20] Commit #8171...
    warning: in the working copy of 'abyss/README.yml', LF will be replaced by CRLF the next time Git touches it
    [main 65b37243] feat: implement new helper methods [2026-07-07 #15]
     1 file changed, 4 insertions(+), 4 deletions(-)
  [16/20] Commit #8172...
    warning: in the working copy of 'abyss/README.yml', LF will be replaced by CRLF the next time Git touches it
    [main fb07e88b] chore: update project files [2026-07-07 #16]
     1 file changed, 4 insertions(+), 4 deletions(-)
  [17/20] Commit #8173...
    warning: in the working copy of 'abyss/README.yml', LF will be replaced by CRLF the next time Git touches it
    [main 1f00ee5f] test: add missing test cases [2026-07-07 #17]
     1 file changed, 4 insertions(+), 4 deletions(-)
  [18/20] Commit #8174...
    warning: in the working copy of 'abyss/README.yml', LF will be replaced by CRLF the next time Git touches it
    [main d4fe0650] refactor: extract common utilities [2026-07-07 #18]
     1 file changed, 4 insertions(+), 4 deletions(-)
  [19/20] Commit #8175...
    warning: in the working copy of 'abyss/README.yml', LF will be replaced by CRLF the next time Git touches it
    [main 5d1e1821] chore: update dependencies [2026-07-07 #19]
     1 file changed, 4 insertions(+), 4 deletions(-)
  [20/20] Commit #8176...
    warning: in the working copy of 'abyss/README.yml', LF will be replaced by CRLF the next time Git touches it
    [main 971cd18f] chore: cleanup and maintenance [2026-07-07 #20]
     1 file changed, 4 insertions(+), 4 deletions(-)

? Pushing ke remote...
  ? Branch: main
    To https://github.com/dimasrahmandaalfarizi/commit-automation.git
     + 09e711d4...971cd18f HEAD -> main (forced update)
  ? Branch: abbys
    To https://github.com/dimasrahmandaalfarizi/commit-automation.git
     + 09e711d4...971cd18f HEAD -> abbys (forced update)

????????????????????????????????????????????????
?  ? Selesai! 20 commit | 1/1 repo | 40s
????????????????????????????????????????????????
[2026-07-07 18:21:35] Program selesai.

? Stats saved ? d:\Xampp\htdocs\commit-automation-project\stats.csv
? Windows Toast sent.
[Tue 07/07/2026 18:21:38.02] ===== GitHell v2.0 Daily Run END ===== 
 
