[Sun 07/12/2026 22:45:18.71] ===== GitHell v2.0 Daily Run START ===== 
[Sun 07/12/2026 22:45:18.71] Compiling GitHell.java... 
[Sun 07/12/2026 22:45:19.66] Running daily mode... 
? Config loaded: d:\Xampp\htdocs\commit-automation-project\config.properties
????????????????????????????????????????????????
?   ? GitHell v2.0 - DAILY AUTO MODE          ?
?   Multi-Repo | Smart Msg | Retry | Stats     ?
????????????????????????????????????????????????
[2026-07-12 22:45:19] Memulai daily run...


? Repo: d:\Xampp\htdocs\commit-automation-project
???????????????????????????????????????????????????????
? Git pull...
    error: cannot pull with rebase: You have unstaged changes.
    error: Please commit or stash them.
  ??  Exit code: 128
  [01/20] Commit #8257...
    warning: in the working copy of 'abyss/README.yml', LF will be replaced by CRLF the next time Git touches it
    [main 3d3de76a] ci: update automation pipeline [2026-07-12 #1]
     1 file changed, 4 insertions(+), 4 deletions(-)
  [02/20] Commit #8258...
    warning: in the working copy of 'abyss/README.yml', LF will be replaced by CRLF the next time Git touches it
    [main 7e0f4457] chore: update project files [2026-07-12 #2]
     1 file changed, 4 insertions(+), 4 deletions(-)
  [03/20] Commit #8259...
    warning: in the working copy of 'abyss/README.yml', LF will be replaced by CRLF the next time Git touches it
    [main d9eb57a7] docs: update documentation [2026-07-12 #3]
     1 file changed, 4 insertions(+), 4 deletions(-)
  [04/20] Commit #8260...
    warning: in the working copy of 'abyss/README.yml', LF will be replaced by CRLF the next time Git touches it
    [main 9b517b04] chore: remove unused code [2026-07-12 #4]
     1 file changed, 4 insertions(+), 4 deletions(-)
  [05/20] Commit #8261...
    warning: in the working copy of 'abyss/README.yml', LF will be replaced by CRLF the next time Git touches it
    [main f2632b8e] fix: minor bug fixes [2026-07-12 #5]
     1 file changed, 4 insertions(+), 4 deletions(-)
  [06/20] Commit #8262...
    warning: in the working copy of 'abyss/README.yml', LF will be replaced by CRLF the next time Git touches it
    [main 89924053] fix: resolve edge cases [2026-07-12 #6]
     1 file changed, 3 insertions(+), 3 deletions(-)
  [07/20] Commit #8263...
    warning: in the working copy of 'abyss/README.yml', LF will be replaced by CRLF the next time Git touches it
    [main cb2270a6] refactor: extract common utilities [2026-07-12 #7]
     1 file changed, 4 insertions(+), 4 deletions(-)
  [08/20] Commit #8264...
    warning: in the working copy of 'abyss/README.yml', LF will be replaced by CRLF the next time Git touches it
    [main d8989426] refactor: reorganize file structure [2026-07-12 #8]
     1 file changed, 4 insertions(+), 4 deletions(-)
  [09/20] Commit #8265...
    warning: in the working copy of 'abyss/README.yml', LF will be replaced by CRLF the next time Git touches it
    [main e63fb4c3] feat: add new utility functions [2026-07-12 #9]
     1 file changed, 4 insertions(+), 4 deletions(-)
  [10/20] Commit #8266...
    warning: in the working copy of 'abyss/README.yml', LF will be replaced by CRLF the next time Git touches it
    [main 80214755] docs: improve README [2026-07-12 #10]
     1 file changed, 4 insertions(+), 4 deletions(-)
  [11/20] Commit #8267...
    warning: in the working copy of 'abyss/README.yml', LF will be replaced by CRLF the next time Git touches it
    [main 1164f399] fix: handle error gracefully [2026-07-12 #11]
     1 file changed, 4 insertions(+), 4 deletions(-)
  [12/20] Commit #8268...
    warning: in the working copy of 'abyss/README.yml', LF will be replaced by CRLF the next time Git touches it
    [main b0b83445] feat: implement new helper methods [2026-07-12 #12]
     1 file changed, 3 insertions(+), 3 deletions(-)
  [13/20] Commit #8269...
    warning: in the working copy of 'abyss/README.yml', LF will be replaced by CRLF the next time Git touches it
    [main d0497c2d] refactor: reorganize file structure [2026-07-12 #13]
     1 file changed, 4 insertions(+), 4 deletions(-)
  [14/20] Commit #8270...
    warning: in the working copy of 'abyss/README.yml', LF will be replaced by CRLF the next time Git touches it
    [main efad8959] perf: optimize performance [2026-07-12 #14]
     1 file changed, 3 insertions(+), 3 deletions(-)
  [15/20] Commit #8271...
    warning: in the working copy of 'abyss/README.yml', LF will be replaced by CRLF the next time Git touches it
    [main 1f2b26bc] feat: implement new helper methods [2026-07-12 #15]
     1 file changed, 4 insertions(+), 4 deletions(-)
  [16/20] Commit #8272...
    warning: in the working copy of 'abyss/README.yml', LF will be replaced by CRLF the next time Git touches it
    [main f092ca4e] docs: improve README [2026-07-12 #16]
     1 file changed, 4 insertions(+), 4 deletions(-)
  [17/20] Commit #8273...
    warning: in the working copy of 'abyss/README.yml', LF will be replaced by CRLF the next time Git touches it
    [main dbad58dc] docs: improve README [2026-07-12 #17]
     1 file changed, 3 insertions(+), 3 deletions(-)
  [18/20] Commit #8274...
    warning: in the working copy of 'abyss/README.yml', LF will be replaced by CRLF the next time Git touches it
    [main 3a5a6592] refactor: reorganize file structure [2026-07-12 #18]
     1 file changed, 4 insertions(+), 4 deletions(-)
  [19/20] Commit #8275...
    warning: in the working copy of 'abyss/README.yml', LF will be replaced by CRLF the next time Git touches it
    [main b5d6c9d3] feat: add new utility functions [2026-07-12 #19]
     1 file changed, 4 insertions(+), 4 deletions(-)
  [20/20] Commit #8276...
    warning: in the working copy of 'abyss/README.yml', LF will be replaced by CRLF the next time Git touches it
    [main af0434a8] chore: cleanup and maintenance [2026-07-12 #20]
     1 file changed, 3 insertions(+), 3 deletions(-)

? Pushing ke remote...
  ? Branch: main
    To https://github.com/dimasrahmandaalfarizi/commit-automation.git
     + 233d5698...af0434a8 HEAD -> main (forced update)
  ? Branch: abbys
    To https://github.com/dimasrahmandaalfarizi/commit-automation.git
     + 233d5698...af0434a8 HEAD -> abbys (forced update)

????????????????????????????????????????????????
?  ? Selesai! 20 commit | 1/1 repo | 34s
????????????????????????????????????????????????
[2026-07-12 22:45:54] Program selesai.

? Stats saved ? d:\Xampp\htdocs\commit-automation-project\stats.csv
? Windows Toast sent.
[Sun 07/12/2026 22:45:54.44] ===== GitHell v2.0 Daily Run END ===== 
 
