[Mon 07/20/2026 19:48:07.50] ===== GitHell v2.0 Daily Run START ===== 
[Mon 07/20/2026 19:48:07.51] Compiling GitHell.java... 
[Mon 07/20/2026 19:48:09.10] Running daily mode... 
? Config loaded: d:\Xampp\htdocs\commit-automation-project\config.properties
????????????????????????????????????????????????
?   ? GitHell v2.0 - DAILY AUTO MODE          ?
?   Multi-Repo | Smart Msg | Retry | Stats     ?
????????????????????????????????????????????????
[2026-07-20 19:48:09] Memulai daily run...


? Repo: d:\Xampp\htdocs\commit-automation-project
???????????????????????????????????????????????????????
? Git pull...
    error: cannot pull with rebase: You have unstaged changes.
    error: Please commit or stash them.
  ??  Exit code: 128
  [01/20] Commit #8417...
    warning: in the working copy of 'abyss/README.yml', LF will be replaced by CRLF the next time Git touches it
    [main 96c182f3] refactor: extract common utilities [2026-07-20 #1]
     1 file changed, 4 insertions(+), 4 deletions(-)
  [02/20] Commit #8418...
    warning: in the working copy of 'abyss/README.yml', LF will be replaced by CRLF the next time Git touches it
    [main 217df590] build: update build scripts [2026-07-20 #2]
     1 file changed, 4 insertions(+), 4 deletions(-)
  [03/20] Commit #8419...
    warning: in the working copy of 'abyss/README.yml', LF will be replaced by CRLF the next time Git touches it
    [main 6823352e] perf: optimize performance [2026-07-20 #3]
     1 file changed, 4 insertions(+), 4 deletions(-)
  [04/20] Commit #8420...
    warning: in the working copy of 'abyss/README.yml', LF will be replaced by CRLF the next time Git touches it
    [main 82905236] perf: optimize performance [2026-07-20 #4]
     1 file changed, 4 insertions(+), 4 deletions(-)
  [05/20] Commit #8421...
    warning: in the working copy of 'abyss/README.yml', LF will be replaced by CRLF the next time Git touches it
    [main 8d51983a] style: improve code formatting [2026-07-20 #5]
     1 file changed, 4 insertions(+), 4 deletions(-)
  [06/20] Commit #8422...
    warning: in the working copy of 'abyss/README.yml', LF will be replaced by CRLF the next time Git touches it
    [main 208c9131] test: add missing test cases [2026-07-20 #6]
     1 file changed, 4 insertions(+), 4 deletions(-)
  [07/20] Commit #8423...
    warning: in the working copy of 'abyss/README.yml', LF will be replaced by CRLF the next time Git touches it
    [main c2817126] chore: update dependencies [2026-07-20 #7]
     1 file changed, 4 insertions(+), 4 deletions(-)
  [08/20] Commit #8424...
    warning: in the working copy of 'abyss/README.yml', LF will be replaced by CRLF the next time Git touches it
    [main 3407c107] perf: optimize performance [2026-07-20 #8]
     1 file changed, 4 insertions(+), 4 deletions(-)
  [09/20] Commit #8425...
    warning: in the working copy of 'abyss/README.yml', LF will be replaced by CRLF the next time Git touches it
    [main d414a679] docs: improve README [2026-07-20 #9]
     1 file changed, 3 insertions(+), 3 deletions(-)
  [10/20] Commit #8426...
    warning: in the working copy of 'abyss/README.yml', LF will be replaced by CRLF the next time Git touches it
    [main 6bff5d77] fix: minor bug fixes [2026-07-20 #10]
     1 file changed, 4 insertions(+), 4 deletions(-)
  [11/20] Commit #8427...
    warning: in the working copy of 'abyss/README.yml', LF will be replaced by CRLF the next time Git touches it
    [main 79ff36ae] chore: cleanup and maintenance [2026-07-20 #11]
     1 file changed, 4 insertions(+), 4 deletions(-)
  [12/20] Commit #8428...
    warning: in the working copy of 'abyss/README.yml', LF will be replaced by CRLF the next time Git touches it
    [main 0d61555b] chore: cleanup and maintenance [2026-07-20 #12]
     1 file changed, 4 insertions(+), 4 deletions(-)
  [13/20] Commit #8429...
    warning: in the working copy of 'abyss/README.yml', LF will be replaced by CRLF the next time Git touches it
    [main 5ea9eaa1] build: update build scripts [2026-07-20 #13]
     1 file changed, 4 insertions(+), 4 deletions(-)
  [14/20] Commit #8430...
    warning: in the working copy of 'abyss/README.yml', LF will be replaced by CRLF the next time Git touches it
    [main cb5525c5] refactor: improve code structure [2026-07-20 #14]
     1 file changed, 4 insertions(+), 4 deletions(-)
  [15/20] Commit #8431...
    warning: in the working copy of 'abyss/README.yml', LF will be replaced by CRLF the next time Git touches it
    [main fe996719] chore: cleanup and maintenance [2026-07-20 #15]
     1 file changed, 4 insertions(+), 4 deletions(-)
  [16/20] Commit #8432...
    warning: in the working copy of 'abyss/README.yml', LF will be replaced by CRLF the next time Git touches it
    [main 1c4e88c6] build: update build scripts [2026-07-20 #16]
     1 file changed, 4 insertions(+), 4 deletions(-)
  [17/20] Commit #8433...
    warning: in the working copy of 'abyss/README.yml', LF will be replaced by CRLF the next time Git touches it
    [main 21efd0d9] perf: optimize performance [2026-07-20 #17]
     1 file changed, 4 insertions(+), 4 deletions(-)
  [18/20] Commit #8434...
    warning: in the working copy of 'abyss/README.yml', LF will be replaced by CRLF the next time Git touches it
    [main bb74fa72] docs: update documentation [2026-07-20 #18]
     1 file changed, 4 insertions(+), 4 deletions(-)
  [19/20] Commit #8435...
    warning: in the working copy of 'abyss/README.yml', LF will be replaced by CRLF the next time Git touches it
    [main e63af4b5] refactor: improve code structure [2026-07-20 #19]
     1 file changed, 4 insertions(+), 4 deletions(-)
  [20/20] Commit #8436...
    warning: in the working copy of 'abyss/README.yml', LF will be replaced by CRLF the next time Git touches it
    [main 6ca47389] fix: minor bug fixes [2026-07-20 #20]
     1 file changed, 4 insertions(+), 4 deletions(-)

? Pushing ke remote...
  ? Branch: main
    To https://github.com/dimasrahmandaalfarizi/commit-automation.git
     + 397d4396...6ca47389 HEAD -> main (forced update)
  ? Branch: abbys
    To https://github.com/dimasrahmandaalfarizi/commit-automation.git
     + 397d4396...6ca47389 HEAD -> abbys (forced update)

????????????????????????????????????????????????
?  ? Selesai! 20 commit | 1/1 repo | 37s
????????????????????????????????????????????????
[2026-07-20 19:48:46] Program selesai.

? Stats saved ? d:\Xampp\htdocs\commit-automation-project\stats.csv
? Windows Toast sent.
[Mon 07/20/2026 19:48:47.48] ===== GitHell v2.0 Daily Run END ===== 
 
