[Fri 05/29/2026  0:26:33.62] ===== GitHell Daily Run START ===== 
[Fri 05/29/2026  0:26:33.62] Compiling... 
[Fri 05/29/2026  0:26:35.22] Running daily mode... 
????????????????????????????????????????
?   ? GitHell - DAILY AUTO MODE       ?
?   Target: 20 commits ? push ? exit     ?
????????????????????????????????????????
[Fri May 29 00:26:35 ICT 2026] Memulai daily run...

  [01/20] Commit #7243...
  warning: in the working copy of 'abyss/README.yml', LF will be replaced by CRLF the next time Git touches it
  [main 7fe169ef] ? Daily auto-commit (1/20) | Fri May 29 00:26:35 ICT 2026
   1 file changed, 4 insertions(+), 4 deletions(-)
  [02/20] Commit #7244...
  warning: in the working copy of 'abyss/README.yml', LF will be replaced by CRLF the next time Git touches it
  [main 0dbbd11f] ? Daily auto-commit (2/20) | Fri May 29 00:26:36 ICT 2026
   1 file changed, 4 insertions(+), 4 deletions(-)
  [03/20] Commit #7245...
  warning: in the working copy of 'abyss/README.yml', LF will be replaced by CRLF the next time Git touches it
  [main 4d21d0b6] ? Daily auto-commit (3/20) | Fri May 29 00:26:37 ICT 2026
   1 file changed, 4 insertions(+), 4 deletions(-)
  [04/20] Commit #7246...
  warning: in the working copy of 'abyss/README.yml', LF will be replaced by CRLF the next time Git touches it
  [main 0980a657] ? Daily auto-commit (4/20) | Fri May 29 00:26:37 ICT 2026
   1 file changed, 3 insertions(+), 3 deletions(-)
  [05/20] Commit #7247...
  warning: in the working copy of 'abyss/README.yml', LF will be replaced by CRLF the next time Git touches it
  [main 7bbfc299] ? Daily auto-commit (5/20) | Fri May 29 00:26:38 ICT 2026
   1 file changed, 4 insertions(+), 4 deletions(-)
  [06/20] Commit #7248...
  warning: in the working copy of 'abyss/README.yml', LF will be replaced by CRLF the next time Git touches it
  [main b6318d21] ? Daily auto-commit (6/20) | Fri May 29 00:26:39 ICT 2026
   1 file changed, 4 insertions(+), 4 deletions(-)
  [07/20] Commit #7249...
  warning: in the working copy of 'abyss/README.yml', LF will be replaced by CRLF the next time Git touches it
  [main 2ed52529] ? Daily auto-commit (7/20) | Fri May 29 00:26:40 ICT 2026
   1 file changed, 4 insertions(+), 4 deletions(-)
  [08/20] Commit #7250...
  warning: in the working copy of 'abyss/README.yml', LF will be replaced by CRLF the next time Git touches it
  [main fbe5957e] ? Daily auto-commit (8/20) | Fri May 29 00:26:40 ICT 2026
   1 file changed, 3 insertions(+), 3 deletions(-)
  [09/20] Commit #7251...
  warning: in the working copy of 'abyss/README.yml', LF will be replaced by CRLF the next time Git touches it
  [main 1406f371] ? Daily auto-commit (9/20) | Fri May 29 00:26:41 ICT 2026
   1 file changed, 4 insertions(+), 4 deletions(-)
  [10/20] Commit #7252...
  warning: in the working copy of 'abyss/README.yml', LF will be replaced by CRLF the next time Git touches it
  [main 12cb3ec7] ? Daily auto-commit (10/20) | Fri May 29 00:26:42 ICT 2026
   1 file changed, 4 insertions(+), 4 deletions(-)
  [11/20] Commit #7253...
  warning: in the working copy of 'abyss/README.yml', LF will be replaced by CRLF the next time Git touches it
  [main fc55b026] ? Daily auto-commit (11/20) | Fri May 29 00:26:43 ICT 2026
   1 file changed, 4 insertions(+), 4 deletions(-)
  [12/20] Commit #7254...
  warning: in the working copy of 'abyss/README.yml', LF will be replaced by CRLF the next time Git touches it
  [main 2dd9caad] ? Daily auto-commit (12/20) | Fri May 29 00:26:43 ICT 2026
   1 file changed, 3 insertions(+), 3 deletions(-)
  [13/20] Commit #7255...
  warning: in the working copy of 'abyss/README.yml', LF will be replaced by CRLF the next time Git touches it
  [main e213b451] ? Daily auto-commit (13/20) | Fri May 29 00:26:44 ICT 2026
   1 file changed, 4 insertions(+), 4 deletions(-)
  [14/20] Commit #7256...
  warning: in the working copy of 'abyss/README.yml', LF will be replaced by CRLF the next time Git touches it
  [main 8d9182cd] ? Daily auto-commit (14/20) | Fri May 29 00:26:45 ICT 2026
   1 file changed, 4 insertions(+), 4 deletions(-)
  [15/20] Commit #7257...
  warning: in the working copy of 'abyss/README.yml', LF will be replaced by CRLF the next time Git touches it
  [main da2a9d35] ? Daily auto-commit (15/20) | Fri May 29 00:26:45 ICT 2026
   1 file changed, 3 insertions(+), 3 deletions(-)
  [16/20] Commit #7258...
  warning: in the working copy of 'abyss/README.yml', LF will be replaced by CRLF the next time Git touches it
  [main 7d2c2f9c] ? Daily auto-commit (16/20) | Fri May 29 00:26:46 ICT 2026
   1 file changed, 4 insertions(+), 4 deletions(-)
  [17/20] Commit #7259...
  warning: in the working copy of 'abyss/README.yml', LF will be replaced by CRLF the next time Git touches it
  [main e641bd17] ? Daily auto-commit (17/20) | Fri May 29 00:26:47 ICT 2026
   1 file changed, 4 insertions(+), 4 deletions(-)
  [18/20] Commit #7260...
  warning: in the working copy of 'abyss/README.yml', LF will be replaced by CRLF the next time Git touches it
  [main af76eb01] ? Daily auto-commit (18/20) | Fri May 29 00:26:47 ICT 2026
   1 file changed, 3 insertions(+), 3 deletions(-)
  [19/20] Commit #7261...
  warning: in the working copy of 'abyss/README.yml', LF will be replaced by CRLF the next time Git touches it
  [main ccae8c44] ? Daily auto-commit (19/20) | Fri May 29 00:26:48 ICT 2026
   1 file changed, 4 insertions(+), 4 deletions(-)
  [20/20] Commit #7262...
  warning: in the working copy of 'abyss/README.yml', LF will be replaced by CRLF the next time Git touches it
  [main 120ae50a] ? Daily auto-commit (20/20) | Fri May 29 00:26:49 ICT 2026
   1 file changed, 4 insertions(+), 4 deletions(-)

? Pushing ke remote...
  ? Push ke branch: main
  To https://github.com/dimasrahmandaalfarizi/commit-automation.git
     bdc6ab5f..120ae50a  HEAD -> main
  ? Push ke branch: abbys
  To https://github.com/dimasrahmandaalfarizi/commit-automation.git
     7ffbc542..120ae50a  HEAD -> abbys

? Daily run selesai! 20 commit berhasil di-push.
[Fri May 29 00:26:56 ICT 2026] Program selesai.

[Fri 05/29/2026  0:26:56.22] ===== GitHell Daily Run END ===== 
 
[Fri 05/29/2026 12:25:50.78] ===== GitHell Daily Run START ===== 
[Fri 05/29/2026 12:25:50.81] Compiling... 
[Fri 05/29/2026 12:25:52.67] Running daily mode... 
????????????????????????????????????????
?   ? GitHell - DAILY AUTO MODE       ?
?   Target: 20 commits ? push ? exit     ?
????????????????????????????????????????
[Fri May 29 12:25:52 ICT 2026] Memulai daily run...

  [01/20] Commit #7263...
  warning: in the working copy of 'abyss/README.yml', LF will be replaced by CRLF the next time Git touches it
  [main 536be8ab] ? Daily auto-commit (1/20) | Fri May 29 12:25:53 ICT 2026
   1 file changed, 4 insertions(+), 4 deletions(-)
  [02/20] Commit #7264...
  warning: in the working copy of 'abyss/README.yml', LF will be replaced by CRLF the next time Git touches it
  [main 3a5e921c] ? Daily auto-commit (2/20) | Fri May 29 12:25:54 ICT 2026
   1 file changed, 4 insertions(+), 4 deletions(-)
  [03/20] Commit #7265...
  warning: in the working copy of 'abyss/README.yml', LF will be replaced by CRLF the next time Git touches it
  [main 9b1410d6] ? Daily auto-commit (3/20) | Fri May 29 12:25:55 ICT 2026
   1 file changed, 4 insertions(+), 4 deletions(-)
  [04/20] Commit #7266...
  warning: in the working copy of 'abyss/README.yml', LF will be replaced by CRLF the next time Git touches it
  [main dd5fcb99] ? Daily auto-commit (4/20) | Fri May 29 12:25:55 ICT 2026
   1 file changed, 3 insertions(+), 3 deletions(-)
  [05/20] Commit #7267...
  warning: in the working copy of 'abyss/README.yml', LF will be replaced by CRLF the next time Git touches it
  [main 960a1b93] ? Daily auto-commit (5/20) | Fri May 29 12:25:56 ICT 2026
   1 file changed, 4 insertions(+), 4 deletions(-)
  [06/20] Commit #7268...
  warning: in the working copy of 'abyss/README.yml', LF will be replaced by CRLF the next time Git touches it
  [main 36534867] ? Daily auto-commit (6/20) | Fri May 29 12:25:57 ICT 2026
   1 file changed, 4 insertions(+), 4 deletions(-)
  [07/20] Commit #7269...
  warning: in the working copy of 'abyss/README.yml', LF will be replaced by CRLF the next time Git touches it
  [main d741df23] ? Daily auto-commit (7/20) | Fri May 29 12:25:57 ICT 2026
   1 file changed, 3 insertions(+), 3 deletions(-)
  [08/20] Commit #7270...
  warning: in the working copy of 'abyss/README.yml', LF will be replaced by CRLF the next time Git touches it
  [main 36726478] ? Daily auto-commit (8/20) | Fri May 29 12:25:58 ICT 2026
   1 file changed, 4 insertions(+), 4 deletions(-)
  [09/20] Commit #7271...
  warning: in the working copy of 'abyss/README.yml', LF will be replaced by CRLF the next time Git touches it
  [main 9c91bc73] ? Daily auto-commit (9/20) | Fri May 29 12:25:59 ICT 2026
   1 file changed, 4 insertions(+), 4 deletions(-)
  [10/20] Commit #7272...
  warning: in the working copy of 'abyss/README.yml', LF will be replaced by CRLF the next time Git touches it
  [main 5dc3b61b] ? Daily auto-commit (10/20) | Fri May 29 12:26:00 ICT 2026
   1 file changed, 4 insertions(+), 4 deletions(-)
  [11/20] Commit #7273...
  warning: in the working copy of 'abyss/README.yml', LF will be replaced by CRLF the next time Git touches it
  [main eb9af13a] ? Daily auto-commit (11/20) | Fri May 29 12:26:02 ICT 2026
   1 file changed, 4 insertions(+), 4 deletions(-)
  [12/20] Commit #7274...
  warning: in the working copy of 'abyss/README.yml', LF will be replaced by CRLF the next time Git touches it
  [main 183f51b3] ? Daily auto-commit (12/20) | Fri May 29 12:26:02 ICT 2026
   1 file changed, 3 insertions(+), 3 deletions(-)
  [13/20] Commit #7275...
  warning: in the working copy of 'abyss/README.yml', LF will be replaced by CRLF the next time Git touches it
  [main 9653b334] ? Daily auto-commit (13/20) | Fri May 29 12:26:04 ICT 2026
   1 file changed, 4 insertions(+), 4 deletions(-)
  [14/20] Commit #7276...
  warning: in the working copy of 'abyss/README.yml', LF will be replaced by CRLF the next time Git touches it
  [main edec72d7] ? Daily auto-commit (14/20) | Fri May 29 12:26:05 ICT 2026
   1 file changed, 4 insertions(+), 4 deletions(-)
  [15/20] Commit #7277...
  warning: in the working copy of 'abyss/README.yml', LF will be replaced by CRLF the next time Git touches it
  [main 51ec5c0c] ? Daily auto-commit (15/20) | Fri May 29 12:26:07 ICT 2026
   1 file changed, 4 insertions(+), 4 deletions(-)
  [16/20] Commit #7278...
  warning: in the working copy of 'abyss/README.yml', LF will be replaced by CRLF the next time Git touches it
  [main 061fa31c] ? Daily auto-commit (16/20) | Fri May 29 12:26:08 ICT 2026
   1 file changed, 4 insertions(+), 4 deletions(-)
  [17/20] Commit #7279...
  warning: in the working copy of 'abyss/README.yml', LF will be replaced by CRLF the next time Git touches it
  [main 6eceb07e] ? Daily auto-commit (17/20) | Fri May 29 12:26:09 ICT 2026
   1 file changed, 4 insertions(+), 4 deletions(-)
  [18/20] Commit #7280...
  warning: in the working copy of 'abyss/README.yml', LF will be replaced by CRLF the next time Git touches it
  [main cbb1e948] ? Daily auto-commit (18/20) | Fri May 29 12:26:10 ICT 2026
   1 file changed, 4 insertions(+), 4 deletions(-)
  [19/20] Commit #7281...
  warning: in the working copy of 'abyss/README.yml', LF will be replaced by CRLF the next time Git touches it
  [main 0099fa49] ? Daily auto-commit (19/20) | Fri May 29 12:26:10 ICT 2026
   1 file changed, 3 insertions(+), 3 deletions(-)
  [20/20] Commit #7282...
  warning: in the working copy of 'abyss/README.yml', LF will be replaced by CRLF the next time Git touches it
  [main 2122e80a] ? Daily auto-commit (20/20) | Fri May 29 12:26:11 ICT 2026
   1 file changed, 4 insertions(+), 4 deletions(-)

? Pushing ke remote...
  ? Push ke branch: main
  To https://github.com/dimasrahmandaalfarizi/commit-automation.git
     cf26ae64..2122e80a  HEAD -> main
  ? Push ke branch: abbys
  To https://github.com/dimasrahmandaalfarizi/commit-automation.git
     120ae50a..2122e80a  HEAD -> abbys

? Daily run selesai! 20 commit berhasil di-push.
[Fri May 29 12:26:20 ICT 2026] Program selesai.

[Fri 05/29/2026 12:26:20.35] ===== GitHell Daily Run END ===== 
 
