[Mon 07/13/2026 12:51:35.79] ===== GitHell v2.0 Daily Run START ===== 
[Mon 07/13/2026 12:51:35.80] Compiling GitHell.java... 
[Mon 07/13/2026 12:51:37.48] Running daily mode... 
? Config loaded: d:\Xampp\htdocs\commit-automation-project\config.properties
????????????????????????????????????????????????
?   ? GitHell v2.0 - DAILY AUTO MODE          ?
?   Multi-Repo | Smart Msg | Retry | Stats     ?
????????????????????????????????????????????????
[2026-07-13 12:51:37] Memulai daily run...


? Repo: d:\Xampp\htdocs\commit-automation-project
???????????????????????????????????????????????????????
? Git pull...
    error: cannot pull with rebase: You have unstaged changes.
    error: Please commit or stash them.
  ??  Exit code: 128
  [01/20] Commit #8277...
    warning: in the working copy of 'abyss/README.yml', LF will be replaced by CRLF the next time Git touches it
    [main c4e87603] fix: resolve edge cases [2026-07-13 #1]
     1 file changed, 4 insertions(+), 4 deletions(-)
  [02/20] Commit #8278...
    warning: in the working copy of 'abyss/README.yml', LF will be replaced by CRLF the next time Git touches it
    [main b66cfecb] chore: update project files [2026-07-13 #2]
     1 file changed, 4 insertions(+), 4 deletions(-)
  [03/20] Commit #8279...
    warning: in the working copy of 'abyss/README.yml', LF will be replaced by CRLF the next time Git touches it
    [main 1283a2f1] fix: minor bug fixes [2026-07-13 #3]
     1 file changed, 4 insertions(+), 4 deletions(-)
  [04/20] Commit #8280...
    warning: in the working copy of 'abyss/README.yml', LF will be replaced by CRLF the next time Git touches it
    [main 57ee913b] build: update build scripts [2026-07-13 #4]
     1 file changed, 4 insertions(+), 4 deletions(-)
  [05/20] Commit #8281...
    warning: in the working copy of 'abyss/README.yml', LF will be replaced by CRLF the next time Git touches it
    [main 8124afd8] chore: update dependencies [2026-07-13 #5]
     1 file changed, 4 insertions(+), 4 deletions(-)
  [06/20] Commit #8282...
    warning: in the working copy of 'abyss/README.yml', LF will be replaced by CRLF the next time Git touches it
    [main 6fc0b8d8] fix: resolve edge cases [2026-07-13 #6]
     1 file changed, 4 insertions(+), 4 deletions(-)
  [07/20] Commit #8283...
    warning: in the working copy of 'abyss/README.yml', LF will be replaced by CRLF the next time Git touches it
    [main 7b1df47d] chore: remove unused code [2026-07-13 #7]
     1 file changed, 4 insertions(+), 4 deletions(-)
  [08/20] Commit #8284...
    warning: in the working copy of 'abyss/README.yml', LF will be replaced by CRLF the next time Git touches it
    [main c4e1aa41] perf: optimize performance [2026-07-13 #8]
     1 file changed, 3 insertions(+), 3 deletions(-)
  [09/20] Commit #8285...
    warning: in the working copy of 'abyss/README.yml', LF will be replaced by CRLF the next time Git touches it
    [main 203df2e5] chore: update dependencies [2026-07-13 #9]
     1 file changed, 4 insertions(+), 4 deletions(-)
  [10/20] Commit #8286...
    warning: in the working copy of 'abyss/README.yml', LF will be replaced by CRLF the next time Git touches it
    [main 34c61876] refactor: extract common utilities [2026-07-13 #10]
     1 file changed, 4 insertions(+), 4 deletions(-)
  [11/20] Commit #8287...
    warning: in the working copy of 'abyss/README.yml', LF will be replaced by CRLF the next time Git touches it
    [main 554bf804] style: improve code formatting [2026-07-13 #11]
     1 file changed, 4 insertions(+), 4 deletions(-)
  [12/20] Commit #8288...
    warning: in the working copy of 'abyss/README.yml', LF will be replaced by CRLF the next time Git touches it
    [main 1ffce042] feat: add new utility functions [2026-07-13 #12]
     1 file changed, 4 insertions(+), 4 deletions(-)
  [13/20] Commit #8289...
    warning: in the working copy of 'abyss/README.yml', LF will be replaced by CRLF the next time Git touches it
    [main b4abe5e1] feat: enhance existing features [2026-07-13 #13]
     1 file changed, 4 insertions(+), 4 deletions(-)
  [14/20] Commit #8290...
    warning: in the working copy of 'abyss/README.yml', LF will be replaced by CRLF the next time Git touches it
    [main dcf74842] fix: minor bug fixes [2026-07-13 #14]
     1 file changed, 4 insertions(+), 4 deletions(-)
  [15/20] Commit #8291...
    warning: in the working copy of 'abyss/README.yml', LF will be replaced by CRLF the next time Git touches it
    [main 0189a437] docs: improve README [2026-07-13 #15]
     1 file changed, 4 insertions(+), 4 deletions(-)
  [16/20] Commit #8292...
    warning: in the working copy of 'abyss/README.yml', LF will be replaced by CRLF the next time Git touches it
    [main 965d70fc] docs: update documentation [2026-07-13 #16]
     1 file changed, 4 insertions(+), 4 deletions(-)
  [17/20] Commit #8293...
    warning: in the working copy of 'abyss/README.yml', LF will be replaced by CRLF the next time Git touches it
    [main 2f755e62] test: add missing test cases [2026-07-13 #17]
     1 file changed, 4 insertions(+), 4 deletions(-)
  [18/20] Commit #8294...
    warning: in the working copy of 'abyss/README.yml', LF will be replaced by CRLF the next time Git touches it
    [main b0475fbc] feat: add new utility functions [2026-07-13 #18]
     1 file changed, 4 insertions(+), 4 deletions(-)
  [19/20] Commit #8295...
    warning: in the working copy of 'abyss/README.yml', LF will be replaced by CRLF the next time Git touches it
    [main d4be4e53] fix: resolve edge cases [2026-07-13 #19]
     1 file changed, 4 insertions(+), 4 deletions(-)
  [20/20] Commit #8296...
    warning: in the working copy of 'abyss/README.yml', LF will be replaced by CRLF the next time Git touches it
    [main 65d329bb] fix: resolve edge cases [2026-07-13 #20]
     1 file changed, 4 insertions(+), 4 deletions(-)

? Pushing ke remote...
  ? Branch: main
    To https://github.com/dimasrahmandaalfarizi/commit-automation.git
     + 5746d2df...65d329bb HEAD -> main (forced update)
  ? Branch: abbys
    To https://github.com/dimasrahmandaalfarizi/commit-automation.git
     + 5746d2df...65d329bb HEAD -> abbys (forced update)

????????????????????????????????????????????????
?  ? Selesai! 20 commit | 1/1 repo | 37s
????????????????????????????????????????????????
[2026-07-13 12:52:14] Program selesai.

? Stats saved ? d:\Xampp\htdocs\commit-automation-project\stats.csv
? Windows Toast sent.
[Mon 07/13/2026 12:52:15.80] ===== GitHell v2.0 Daily Run END ===== 
 
