[Thu 07/16/2026 16:08:37.62] ===== GitHell v2.0 Daily Run START ===== 
[Thu 07/16/2026 16:08:37.62] Compiling GitHell.java... 
[Thu 07/16/2026 16:08:39.27] Running daily mode... 
? Config loaded: d:\Xampp\htdocs\commit-automation-project\config.properties
????????????????????????????????????????????????
?   ? GitHell v2.0 - DAILY AUTO MODE          ?
?   Multi-Repo | Smart Msg | Retry | Stats     ?
????????????????????????????????????????????????
[2026-07-16 16:08:39] Memulai daily run...


? Repo: d:\Xampp\htdocs\commit-automation-project
???????????????????????????????????????????????????????
? Git pull...
    error: cannot pull with rebase: You have unstaged changes.
    error: Please commit or stash them.
  ??  Exit code: 128
  [01/20] Commit #8337...
    warning: in the working copy of 'abyss/README.yml', LF will be replaced by CRLF the next time Git touches it
    [main d5612329] fix: handle error gracefully [2026-07-16 #1]
     1 file changed, 4 insertions(+), 4 deletions(-)
  [02/20] Commit #8338...
    warning: in the working copy of 'abyss/README.yml', LF will be replaced by CRLF the next time Git touches it
    [main 2e689bdf] feat: add new utility functions [2026-07-16 #2]
     1 file changed, 4 insertions(+), 4 deletions(-)
  [03/20] Commit #8339...
    warning: in the working copy of 'abyss/README.yml', LF will be replaced by CRLF the next time Git touches it
    [main 53f3ea96] ci: update automation pipeline [2026-07-16 #3]
     1 file changed, 4 insertions(+), 4 deletions(-)
  [04/20] Commit #8340...
    warning: in the working copy of 'abyss/README.yml', LF will be replaced by CRLF the next time Git touches it
    [main 97a9afa3] style: improve code formatting [2026-07-16 #4]
     1 file changed, 4 insertions(+), 4 deletions(-)
  [05/20] Commit #8341...
    warning: in the working copy of 'abyss/README.yml', LF will be replaced by CRLF the next time Git touches it
    [main 1f500a4e] refactor: improve code structure [2026-07-16 #5]
     1 file changed, 3 insertions(+), 3 deletions(-)
  [06/20] Commit #8342...
    warning: in the working copy of 'abyss/README.yml', LF will be replaced by CRLF the next time Git touches it
    [main ee24001b] refactor: reorganize file structure [2026-07-16 #6]
     1 file changed, 4 insertions(+), 4 deletions(-)
  [07/20] Commit #8343...
    warning: in the working copy of 'abyss/README.yml', LF will be replaced by CRLF the next time Git touches it
    [main 0c9de649] refactor: improve code structure [2026-07-16 #7]
     1 file changed, 4 insertions(+), 4 deletions(-)
  [08/20] Commit #8344...
    warning: in the working copy of 'abyss/README.yml', LF will be replaced by CRLF the next time Git touches it
    [main 380c6373] feat: add new utility functions [2026-07-16 #8]
     1 file changed, 4 insertions(+), 4 deletions(-)
  [09/20] Commit #8345...
    warning: in the working copy of 'abyss/README.yml', LF will be replaced by CRLF the next time Git touches it
    [main 7f5d23ef] feat: enhance existing features [2026-07-16 #9]
     1 file changed, 4 insertions(+), 4 deletions(-)
  [10/20] Commit #8346...
    warning: in the working copy of 'abyss/README.yml', LF will be replaced by CRLF the next time Git touches it
    [main 75577468] test: add missing test cases [2026-07-16 #10]
     1 file changed, 4 insertions(+), 4 deletions(-)
  [11/20] Commit #8347...
    warning: in the working copy of 'abyss/README.yml', LF will be replaced by CRLF the next time Git touches it
    [main 1ae11c12] feat: add new utility functions [2026-07-16 #11]
     1 file changed, 4 insertions(+), 4 deletions(-)
  [12/20] Commit #8348...
    warning: in the working copy of 'abyss/README.yml', LF will be replaced by CRLF the next time Git touches it
    [main e0fd61fe] refactor: extract common utilities [2026-07-16 #12]
     1 file changed, 4 insertions(+), 4 deletions(-)
  [13/20] Commit #8349...
    warning: in the working copy of 'abyss/README.yml', LF will be replaced by CRLF the next time Git touches it
    [main bc4a7dfb] build: update build scripts [2026-07-16 #13]
     1 file changed, 4 insertions(+), 4 deletions(-)
  [14/20] Commit #8350...
    warning: in the working copy of 'abyss/README.yml', LF will be replaced by CRLF the next time Git touches it
    [main 5f308735] chore: cleanup and maintenance [2026-07-16 #14]
     1 file changed, 4 insertions(+), 4 deletions(-)
  [15/20] Commit #8351...
    warning: in the working copy of 'abyss/README.yml', LF will be replaced by CRLF the next time Git touches it
    [main 6c982565] feat: add new utility functions [2026-07-16 #15]
     1 file changed, 4 insertions(+), 4 deletions(-)
  [16/20] Commit #8352...
    warning: in the working copy of 'abyss/README.yml', LF will be replaced by CRLF the next time Git touches it
    [main 9771047e] fix: handle error gracefully [2026-07-16 #16]
     1 file changed, 4 insertions(+), 4 deletions(-)
  [17/20] Commit #8353...
    warning: in the working copy of 'abyss/README.yml', LF will be replaced by CRLF the next time Git touches it
    [main 28a8271f] build: update build scripts [2026-07-16 #17]
     1 file changed, 4 insertions(+), 4 deletions(-)
  [18/20] Commit #8354...
    warning: in the working copy of 'abyss/README.yml', LF will be replaced by CRLF the next time Git touches it
    [main eab9764b] test: add missing test cases [2026-07-16 #18]
     1 file changed, 4 insertions(+), 4 deletions(-)
  [19/20] Commit #8355...
    warning: in the working copy of 'abyss/README.yml', LF will be replaced by CRLF the next time Git touches it
    [main 757500a1] docs: improve README [2026-07-16 #19]
     1 file changed, 3 insertions(+), 3 deletions(-)
  [20/20] Commit #8356...
    warning: in the working copy of 'abyss/README.yml', LF will be replaced by CRLF the next time Git touches it
    [main 10a5d2d8] chore: update project files [2026-07-16 #20]
     1 file changed, 4 insertions(+), 4 deletions(-)

? Pushing ke remote...
  ? Branch: main
    To https://github.com/dimasrahmandaalfarizi/commit-automation.git
     + cbf1e06b...10a5d2d8 HEAD -> main (forced update)
  ? Branch: abbys
    To https://github.com/dimasrahmandaalfarizi/commit-automation.git
     + cbf1e06b...10a5d2d8 HEAD -> abbys (forced update)

????????????????????????????????????????????????
?  ? Selesai! 20 commit | 1/1 repo | 36s
????????????????????????????????????????????????
[2026-07-16 16:09:15] Program selesai.

? Stats saved ? d:\Xampp\htdocs\commit-automation-project\stats.csv
? Windows Toast sent.
[Thu 07/16/2026 16:09:16.22] ===== GitHell v2.0 Daily Run END ===== 
 
