[Tue 07/21/2026 13:33:41.49] ===== GitHell v2.0 Daily Run START ===== 
[Tue 07/21/2026 13:33:41.58] Compiling GitHell.java... 
[Tue 07/21/2026 13:33:43.04] Running daily mode... 
? Config loaded: d:\Xampp\htdocs\commit-automation-project\config.properties
????????????????????????????????????????????????
?   ? GitHell v2.0 - DAILY AUTO MODE          ?
?   Multi-Repo | Smart Msg | Retry | Stats     ?
????????????????????????????????????????????????
[2026-07-21 13:33:43] Memulai daily run...


? Repo: d:\Xampp\htdocs\commit-automation-project
???????????????????????????????????????????????????????
? Git pull...
    error: cannot pull with rebase: You have unstaged changes.
    error: Please commit or stash them.
  ??  Exit code: 128
  [01/20] Commit #8437...
    warning: in the working copy of 'abyss/README.yml', LF will be replaced by CRLF the next time Git touches it
    [main 6b206ed9] fix: handle error gracefully [2026-07-21 #1]
     1 file changed, 4 insertions(+), 4 deletions(-)
  [02/20] Commit #8438...
    warning: in the working copy of 'abyss/README.yml', LF will be replaced by CRLF the next time Git touches it
    [main a3caf4cd] feat: add new utility functions [2026-07-21 #2]
     1 file changed, 4 insertions(+), 4 deletions(-)
  [03/20] Commit #8439...
    warning: in the working copy of 'abyss/README.yml', LF will be replaced by CRLF the next time Git touches it
    [main 239e4b22] test: add missing test cases [2026-07-21 #3]
     1 file changed, 4 insertions(+), 4 deletions(-)
  [04/20] Commit #8440...
    warning: in the working copy of 'abyss/README.yml', LF will be replaced by CRLF the next time Git touches it
    [main aa65bda9] chore: update dependencies [2026-07-21 #4]
     1 file changed, 4 insertions(+), 4 deletions(-)
  [05/20] Commit #8441...
    warning: in the working copy of 'abyss/README.yml', LF will be replaced by CRLF the next time Git touches it
    [main a82cdb83] feat: enhance existing features [2026-07-21 #5]
     1 file changed, 4 insertions(+), 4 deletions(-)
  [06/20] Commit #8442...
    warning: in the working copy of 'abyss/README.yml', LF will be replaced by CRLF the next time Git touches it
    [main de6d5232] fix: handle error gracefully [2026-07-21 #6]
     1 file changed, 4 insertions(+), 4 deletions(-)
  [07/20] Commit #8443...
    warning: in the working copy of 'abyss/README.yml', LF will be replaced by CRLF the next time Git touches it
    [main fdb66bbb] feat: implement new helper methods [2026-07-21 #7]
     1 file changed, 4 insertions(+), 4 deletions(-)
  [08/20] Commit #8444...
    warning: in the working copy of 'abyss/README.yml', LF will be replaced by CRLF the next time Git touches it
    [main 51a13e13] feat: add new utility functions [2026-07-21 #8]
     1 file changed, 4 insertions(+), 4 deletions(-)
  [09/20] Commit #8445...
    warning: in the working copy of 'abyss/README.yml', LF will be replaced by CRLF the next time Git touches it
    [main 928da73d] chore: update project files [2026-07-21 #9]
     1 file changed, 4 insertions(+), 4 deletions(-)
  [10/20] Commit #8446...
    warning: in the working copy of 'abyss/README.yml', LF will be replaced by CRLF the next time Git touches it
    [main 1e7c9373] test: add missing test cases [2026-07-21 #10]
     1 file changed, 4 insertions(+), 4 deletions(-)
  [11/20] Commit #8447...
    warning: in the working copy of 'abyss/README.yml', LF will be replaced by CRLF the next time Git touches it
    [main a90f81db] docs: update documentation [2026-07-21 #11]
     1 file changed, 4 insertions(+), 4 deletions(-)
  [12/20] Commit #8448...
    warning: in the working copy of 'abyss/README.yml', LF will be replaced by CRLF the next time Git touches it
    [main 5da50576] refactor: improve code structure [2026-07-21 #12]
     1 file changed, 4 insertions(+), 4 deletions(-)
  [13/20] Commit #8449...
    warning: in the working copy of 'abyss/README.yml', LF will be replaced by CRLF the next time Git touches it
    [main e5dcf6b5] feat: enhance existing features [2026-07-21 #13]
     1 file changed, 4 insertions(+), 4 deletions(-)
  [14/20] Commit #8450...
    warning: in the working copy of 'abyss/README.yml', LF will be replaced by CRLF the next time Git touches it
    [main 0c5a56dc] feat: enhance existing features [2026-07-21 #14]
     1 file changed, 4 insertions(+), 4 deletions(-)
  [15/20] Commit #8451...
    warning: in the working copy of 'abyss/README.yml', LF will be replaced by CRLF the next time Git touches it
    [main 1181b1a3] fix: minor bug fixes [2026-07-21 #15]
     1 file changed, 4 insertions(+), 4 deletions(-)
  [16/20] Commit #8452...
    warning: in the working copy of 'abyss/README.yml', LF will be replaced by CRLF the next time Git touches it
    [main 7f35626b] feat: implement new helper methods [2026-07-21 #16]
     1 file changed, 3 insertions(+), 3 deletions(-)
  [17/20] Commit #8453...
    warning: in the working copy of 'abyss/README.yml', LF will be replaced by CRLF the next time Git touches it
    [main 9ae950a6] docs: update documentation [2026-07-21 #17]
     1 file changed, 4 insertions(+), 4 deletions(-)
  [18/20] Commit #8454...
    warning: in the working copy of 'abyss/README.yml', LF will be replaced by CRLF the next time Git touches it
    [main ffa8679e] feat: add new utility functions [2026-07-21 #18]
     1 file changed, 4 insertions(+), 4 deletions(-)
  [19/20] Commit #8455...
    warning: in the working copy of 'abyss/README.yml', LF will be replaced by CRLF the next time Git touches it
    [main e230a6c6] feat: implement new helper methods [2026-07-21 #19]
     1 file changed, 4 insertions(+), 4 deletions(-)
  [20/20] Commit #8456...
    warning: in the working copy of 'abyss/README.yml', LF will be replaced by CRLF the next time Git touches it
    [main a03a204e] chore: cleanup and maintenance [2026-07-21 #20]
     1 file changed, 4 insertions(+), 4 deletions(-)

? Pushing ke remote...
  ? Branch: main
    To https://github.com/dimasrahmandaalfarizi/commit-automation.git
     + dd779f81...a03a204e HEAD -> main (forced update)
  ? Branch: abbys
    To https://github.com/dimasrahmandaalfarizi/commit-automation.git
     + dd779f81...a03a204e HEAD -> abbys (forced update)

????????????????????????????????????????????????
?  ? Selesai! 20 commit | 1/1 repo | 37s
????????????????????????????????????????????????
[2026-07-21 13:34:21] Program selesai.

? Stats saved ? d:\Xampp\htdocs\commit-automation-project\stats.csv
? Windows Toast sent.
[Tue 07/21/2026 13:34:21.82] ===== GitHell v2.0 Daily Run END ===== 
 
