[Fri 07/17/2026 19:58:53.54] ===== GitHell v2.0 Daily Run START ===== 
[Fri 07/17/2026 19:58:53.54] Compiling GitHell.java... 
[Fri 07/17/2026 19:58:54.28] Running daily mode... 
? Config loaded: d:\Xampp\htdocs\commit-automation-project\config.properties
????????????????????????????????????????????????
?   ? GitHell v2.0 - DAILY AUTO MODE          ?
?   Multi-Repo | Smart Msg | Retry | Stats     ?
????????????????????????????????????????????????
[2026-07-17 19:58:54] Memulai daily run...


? Repo: d:\Xampp\htdocs\commit-automation-project
???????????????????????????????????????????????????????
? Git pull...
    error: cannot pull with rebase: You have unstaged changes.
    error: Please commit or stash them.
  ??  Exit code: 128
  [01/20] Commit #8357...
    warning: in the working copy of 'abyss/README.yml', LF will be replaced by CRLF the next time Git touches it
    [main fb0e8128] refactor: extract common utilities [2026-07-17 #1]
     1 file changed, 4 insertions(+), 4 deletions(-)
  [02/20] Commit #8358...
    warning: in the working copy of 'abyss/README.yml', LF will be replaced by CRLF the next time Git touches it
    [main 544b5260] perf: optimize performance [2026-07-17 #2]
     1 file changed, 4 insertions(+), 4 deletions(-)
  [03/20] Commit #8359...
    warning: in the working copy of 'abyss/README.yml', LF will be replaced by CRLF the next time Git touches it
    [main 941acc69] build: update build scripts [2026-07-17 #3]
     1 file changed, 4 insertions(+), 4 deletions(-)
  [04/20] Commit #8360...
    warning: in the working copy of 'abyss/README.yml', LF will be replaced by CRLF the next time Git touches it
    [main fe64542e] chore: update dependencies [2026-07-17 #4]
     1 file changed, 4 insertions(+), 4 deletions(-)
  [05/20] Commit #8361...
    warning: in the working copy of 'abyss/README.yml', LF will be replaced by CRLF the next time Git touches it
    [main fb808965] docs: improve README [2026-07-17 #5]
     1 file changed, 4 insertions(+), 4 deletions(-)
  [06/20] Commit #8362...
    warning: in the working copy of 'abyss/README.yml', LF will be replaced by CRLF the next time Git touches it
    [main fc609113] style: improve code formatting [2026-07-17 #6]
     1 file changed, 4 insertions(+), 4 deletions(-)
  [07/20] Commit #8363...
    warning: in the working copy of 'abyss/README.yml', LF will be replaced by CRLF the next time Git touches it
    [main 20901345] chore: remove unused code [2026-07-17 #7]
     1 file changed, 4 insertions(+), 4 deletions(-)
  [08/20] Commit #8364...
    warning: in the working copy of 'abyss/README.yml', LF will be replaced by CRLF the next time Git touches it
    [main 28f26522] refactor: reorganize file structure [2026-07-17 #8]
     1 file changed, 4 insertions(+), 4 deletions(-)
  [09/20] Commit #8365...
    warning: in the working copy of 'abyss/README.yml', LF will be replaced by CRLF the next time Git touches it
    [main 0d5bfa46] fix: handle error gracefully [2026-07-17 #9]
     1 file changed, 4 insertions(+), 4 deletions(-)
  [10/20] Commit #8366...
    warning: in the working copy of 'abyss/README.yml', LF will be replaced by CRLF the next time Git touches it
    [main ab0085a4] fix: resolve edge cases [2026-07-17 #10]
     1 file changed, 4 insertions(+), 4 deletions(-)
  [11/20] Commit #8367...
    warning: in the working copy of 'abyss/README.yml', LF will be replaced by CRLF the next time Git touches it
    [main 445c082c] refactor: improve code structure [2026-07-17 #11]
     1 file changed, 4 insertions(+), 4 deletions(-)
  [12/20] Commit #8368...
    warning: in the working copy of 'abyss/README.yml', LF will be replaced by CRLF the next time Git touches it
    [main ec72bbaf] fix: minor bug fixes [2026-07-17 #12]
     1 file changed, 4 insertions(+), 4 deletions(-)
  [13/20] Commit #8369...
    warning: in the working copy of 'abyss/README.yml', LF will be replaced by CRLF the next time Git touches it
    [main 8c3f1c0c] fix: handle error gracefully [2026-07-17 #13]
     1 file changed, 4 insertions(+), 4 deletions(-)
  [14/20] Commit #8370...
    warning: in the working copy of 'abyss/README.yml', LF will be replaced by CRLF the next time Git touches it
    [main 10e0c057] chore: remove unused code [2026-07-17 #14]
     1 file changed, 4 insertions(+), 4 deletions(-)
  [15/20] Commit #8371...
    warning: in the working copy of 'abyss/README.yml', LF will be replaced by CRLF the next time Git touches it
    [main 7ca28183] feat: enhance existing features [2026-07-17 #15]
     1 file changed, 4 insertions(+), 4 deletions(-)
  [16/20] Commit #8372...
    warning: in the working copy of 'abyss/README.yml', LF will be replaced by CRLF the next time Git touches it
    [main 83d9961e] perf: optimize performance [2026-07-17 #16]
     1 file changed, 3 insertions(+), 3 deletions(-)
  [17/20] Commit #8373...
    warning: in the working copy of 'abyss/README.yml', LF will be replaced by CRLF the next time Git touches it
    [main 1d469c4e] fix: resolve edge cases [2026-07-17 #17]
     1 file changed, 4 insertions(+), 4 deletions(-)
  [18/20] Commit #8374...
    warning: in the working copy of 'abyss/README.yml', LF will be replaced by CRLF the next time Git touches it
    [main a3b16fdc] docs: improve README [2026-07-17 #18]
     1 file changed, 4 insertions(+), 4 deletions(-)
  [19/20] Commit #8375...
    warning: in the working copy of 'abyss/README.yml', LF will be replaced by CRLF the next time Git touches it
    [main 35bfeedc] test: add missing test cases [2026-07-17 #19]
     1 file changed, 4 insertions(+), 4 deletions(-)
  [20/20] Commit #8376...
    warning: in the working copy of 'abyss/README.yml', LF will be replaced by CRLF the next time Git touches it
    [main f88b1f97] fix: resolve edge cases [2026-07-17 #20]
     1 file changed, 4 insertions(+), 4 deletions(-)

? Pushing ke remote...
  ? Branch: main
    To https://github.com/dimasrahmandaalfarizi/commit-automation.git
     + 118352bb...f88b1f97 HEAD -> main (forced update)
  ? Branch: abbys
    To https://github.com/dimasrahmandaalfarizi/commit-automation.git
     + 118352bb...f88b1f97 HEAD -> abbys (forced update)

????????????????????????????????????????????????
?  ? Selesai! 20 commit | 1/1 repo | 33s
????????????????????????????????????????????????
[2026-07-17 19:59:27] Program selesai.

? Stats saved ? d:\Xampp\htdocs\commit-automation-project\stats.csv
? Windows Toast sent.
[Fri 07/17/2026 19:59:28.09] ===== GitHell v2.0 Daily Run END ===== 
 
