[Sun 07/19/2026 11:49:00.32] ===== GitHell v2.0 Daily Run START ===== 
[Sun 07/19/2026 11:49:00.35] Compiling GitHell.java... 
[Sun 07/19/2026 11:49:02.47] Running daily mode... 
? Config loaded: d:\Xampp\htdocs\commit-automation-project\config.properties
????????????????????????????????????????????????
?   ? GitHell v2.0 - DAILY AUTO MODE          ?
?   Multi-Repo | Smart Msg | Retry | Stats     ?
????????????????????????????????????????????????
[2026-07-19 11:49:02] Memulai daily run...


? Repo: d:\Xampp\htdocs\commit-automation-project
???????????????????????????????????????????????????????
? Git pull...
    error: cannot pull with rebase: You have unstaged changes.
    error: Please commit or stash them.
  ??  Exit code: 128
  [01/20] Commit #8397...
    warning: in the working copy of 'abyss/README.yml', LF will be replaced by CRLF the next time Git touches it
    [main b014d434] refactor: reorganize file structure [2026-07-19 #1]
     1 file changed, 4 insertions(+), 4 deletions(-)
  [02/20] Commit #8398...
    warning: in the working copy of 'abyss/README.yml', LF will be replaced by CRLF the next time Git touches it
    [main 5064f42c] fix: handle error gracefully [2026-07-19 #2]
     1 file changed, 4 insertions(+), 4 deletions(-)
  [03/20] Commit #8399...
    warning: in the working copy of 'abyss/README.yml', LF will be replaced by CRLF the next time Git touches it
    [main ee803b51] test: add missing test cases [2026-07-19 #3]
     1 file changed, 4 insertions(+), 4 deletions(-)
  [04/20] Commit #8400...
    warning: in the working copy of 'abyss/README.yml', LF will be replaced by CRLF the next time Git touches it
    [main 29901ae7] feat: add new utility functions [2026-07-19 #4]
     1 file changed, 4 insertions(+), 4 deletions(-)
  [05/20] Commit #8401...
    warning: in the working copy of 'abyss/README.yml', LF will be replaced by CRLF the next time Git touches it
    [main 731e7023] feat: add new utility functions [2026-07-19 #5]
     1 file changed, 3 insertions(+), 3 deletions(-)
  [06/20] Commit #8402...
    warning: in the working copy of 'abyss/README.yml', LF will be replaced by CRLF the next time Git touches it
    [main 3d23e070] chore: update project files [2026-07-19 #6]
     1 file changed, 4 insertions(+), 4 deletions(-)
  [07/20] Commit #8403...
    warning: in the working copy of 'abyss/README.yml', LF will be replaced by CRLF the next time Git touches it
    [main 58ad25eb] test: add missing test cases [2026-07-19 #7]
     1 file changed, 3 insertions(+), 3 deletions(-)
  [08/20] Commit #8404...
    warning: in the working copy of 'abyss/README.yml', LF will be replaced by CRLF the next time Git touches it
    [main edeacdc3] ci: update automation pipeline [2026-07-19 #8]
     1 file changed, 4 insertions(+), 4 deletions(-)
  [09/20] Commit #8405...
    warning: in the working copy of 'abyss/README.yml', LF will be replaced by CRLF the next time Git touches it
    [main a988c8df] style: improve code formatting [2026-07-19 #9]
     1 file changed, 4 insertions(+), 4 deletions(-)
  [10/20] Commit #8406...
    warning: in the working copy of 'abyss/README.yml', LF will be replaced by CRLF the next time Git touches it
    [main cb1b8ac1] fix: resolve edge cases [2026-07-19 #10]
     1 file changed, 4 insertions(+), 4 deletions(-)
  [11/20] Commit #8407...
    warning: in the working copy of 'abyss/README.yml', LF will be replaced by CRLF the next time Git touches it
    [main ab91c5f0] docs: update documentation [2026-07-19 #11]
     1 file changed, 3 insertions(+), 3 deletions(-)
  [12/20] Commit #8408...
    warning: in the working copy of 'abyss/README.yml', LF will be replaced by CRLF the next time Git touches it
    [main 88d192a3] build: update build scripts [2026-07-19 #12]
     1 file changed, 4 insertions(+), 4 deletions(-)
  [13/20] Commit #8409...
    warning: in the working copy of 'abyss/README.yml', LF will be replaced by CRLF the next time Git touches it
    [main 6b5ffdf9] ci: update automation pipeline [2026-07-19 #13]
     1 file changed, 3 insertions(+), 3 deletions(-)
  [14/20] Commit #8410...
    warning: in the working copy of 'abyss/README.yml', LF will be replaced by CRLF the next time Git touches it
    [main bce2fde7] feat: add new utility functions [2026-07-19 #14]
     1 file changed, 4 insertions(+), 4 deletions(-)
  [15/20] Commit #8411...
    warning: in the working copy of 'abyss/README.yml', LF will be replaced by CRLF the next time Git touches it
    [main 2c7d0ca9] fix: resolve edge cases [2026-07-19 #15]
     1 file changed, 4 insertions(+), 4 deletions(-)
  [16/20] Commit #8412...
    warning: in the working copy of 'abyss/README.yml', LF will be replaced by CRLF the next time Git touches it
    [main fbd8dfb7] feat: add new utility functions [2026-07-19 #16]
     1 file changed, 4 insertions(+), 4 deletions(-)
  [17/20] Commit #8413...
    warning: in the working copy of 'abyss/README.yml', LF will be replaced by CRLF the next time Git touches it
    [main 78dccc1d] fix: handle error gracefully [2026-07-19 #17]
     1 file changed, 4 insertions(+), 4 deletions(-)
  [18/20] Commit #8414...
    warning: in the working copy of 'abyss/README.yml', LF will be replaced by CRLF the next time Git touches it
    [main 17f836b8] chore: update project files [2026-07-19 #18]
     1 file changed, 4 insertions(+), 4 deletions(-)
  [19/20] Commit #8415...
    warning: in the working copy of 'abyss/README.yml', LF will be replaced by CRLF the next time Git touches it
    [main 856a986] feat: implement new helper methods [2026-07-19 #19]
     1 file changed, 4 insertions(+), 4 deletions(-)
  [20/20] Commit #8416...
    warning: in the working copy of 'abyss/README.yml', LF will be replaced by CRLF the next time Git touches it
    [main 497d2f43] docs: improve README [2026-07-19 #20]
     1 file changed, 4 insertions(+), 4 deletions(-)

? Pushing ke remote...
  ? Branch: main
    To https://github.com/dimasrahmandaalfarizi/commit-automation.git
       73d8b5fd..497d2f43  HEAD -> main
  ? Branch: abbys
    To https://github.com/dimasrahmandaalfarizi/commit-automation.git
       73d8b5fd..497d2f43  HEAD -> abbys

????????????????????????????????????????????????
?  ? Selesai! 20 commit | 1/1 repo | 35s
????????????????????????????????????????????????
[2026-07-19 11:49:38] Program selesai.

? Stats saved ? d:\Xampp\htdocs\commit-automation-project\stats.csv
? Windows Toast sent.
[Sun 07/19/2026 11:49:39.25] ===== GitHell v2.0 Daily Run END ===== 
 
