[Tue 07/28/2026 12:35:05.89] ===== GitHell v2.0 Daily Run START ===== 
[Tue 07/28/2026 12:35:05.91] Compiling GitHell.java... 
[Tue 07/28/2026 12:35:08.19] Running daily mode... 
? Config loaded: d:\Xampp\htdocs\commit-automation-project\config.properties
????????????????????????????????????????????????
?   ? GitHell v2.0 - DAILY AUTO MODE          ?
?   Multi-Repo | Smart Msg | Retry | Stats     ?
????????????????????????????????????????????????
[2026-07-28 12:35:08] Memulai daily run...


? Repo: d:\Xampp\htdocs\commit-automation-project
???????????????????????????????????????????????????????
? Git pull...
    error: cannot pull with rebase: You have unstaged changes.
    error: Please commit or stash them.
  ??  Exit code: 128
??  Pull gagal/konflik: Command failed with exit code: 128. Melakukan abort...
    fatal: no rebase in progress
  ??  Exit code: 128
    fatal: There is no merge to abort (MERGE_HEAD missing).
  ??  Exit code: 128
  [01/20] Commit #8577...
    warning: in the working copy of 'abyss/README.yml', LF will be replaced by CRLF the next time Git touches it
    [detached HEAD 30655163] fix: resolve edge cases [2026-07-28 #1]
     1 file changed, 4 insertions(+), 4 deletions(-)
  [02/20] Commit #8578...
    warning: in the working copy of 'abyss/README.yml', LF will be replaced by CRLF the next time Git touches it
    [detached HEAD 45da0d59] docs: improve README [2026-07-28 #2]
     1 file changed, 4 insertions(+), 4 deletions(-)
  [03/20] Commit #8579...
    warning: in the working copy of 'abyss/README.yml', LF will be replaced by CRLF the next time Git touches it
    [detached HEAD d9d2115b] fix: resolve edge cases [2026-07-28 #3]
     1 file changed, 4 insertions(+), 4 deletions(-)
  [04/20] Commit #8580...
    warning: in the working copy of 'abyss/README.yml', LF will be replaced by CRLF the next time Git touches it
    [detached HEAD a1331514] feat: enhance existing features [2026-07-28 #4]
     1 file changed, 3 insertions(+), 3 deletions(-)
  [05/20] Commit #8581...
    warning: in the working copy of 'abyss/README.yml', LF will be replaced by CRLF the next time Git touches it
    [detached HEAD ea035695] style: improve code formatting [2026-07-28 #5]
     1 file changed, 4 insertions(+), 4 deletions(-)
  [06/20] Commit #8582...
    warning: in the working copy of 'abyss/README.yml', LF will be replaced by CRLF the next time Git touches it
    [detached HEAD efc9c07e] chore: remove unused code [2026-07-28 #6]
     1 file changed, 4 insertions(+), 4 deletions(-)
  [07/20] Commit #8583...
    warning: in the working copy of 'abyss/README.yml', LF will be replaced by CRLF the next time Git touches it
    [detached HEAD 19647420] docs: improve README [2026-07-28 #7]
     1 file changed, 4 insertions(+), 4 deletions(-)
  [08/20] Commit #8584...
    warning: in the working copy of 'abyss/README.yml', LF will be replaced by CRLF the next time Git touches it
    [detached HEAD 24abf89e] feat: implement new helper methods [2026-07-28 #8]
     1 file changed, 4 insertions(+), 4 deletions(-)
  [09/20] Commit #8585...
    warning: in the working copy of 'abyss/README.yml', LF will be replaced by CRLF the next time Git touches it
    [detached HEAD 44de226b] fix: handle error gracefully [2026-07-28 #9]
     1 file changed, 4 insertions(+), 4 deletions(-)
  [10/20] Commit #8586...
    warning: in the working copy of 'abyss/README.yml', LF will be replaced by CRLF the next time Git touches it
    [detached HEAD c1f1d9f2] chore: remove unused code [2026-07-28 #10]
     1 file changed, 4 insertions(+), 4 deletions(-)
  [11/20] Commit #8587...
    warning: in the working copy of 'abyss/README.yml', LF will be replaced by CRLF the next time Git touches it
    [detached HEAD 893f8ace] chore: update dependencies [2026-07-28 #11]
     1 file changed, 4 insertions(+), 4 deletions(-)
  [12/20] Commit #8588...
    warning: in the working copy of 'abyss/README.yml', LF will be replaced by CRLF the next time Git touches it
    [detached HEAD 2cab677f] fix: resolve edge cases [2026-07-28 #12]
     1 file changed, 4 insertions(+), 4 deletions(-)
  [13/20] Commit #8589...
    warning: in the working copy of 'abyss/README.yml', LF will be replaced by CRLF the next time Git touches it
    [detached HEAD 2b1c33ae] ci: update automation pipeline [2026-07-28 #13]
     1 file changed, 4 insertions(+), 4 deletions(-)
  [14/20] Commit #8590...
    warning: in the working copy of 'abyss/README.yml', LF will be replaced by CRLF the next time Git touches it
    [detached HEAD 35d60ac2] test: add missing test cases [2026-07-28 #14]
     1 file changed, 4 insertions(+), 4 deletions(-)
  [15/20] Commit #8591...
    warning: in the working copy of 'abyss/README.yml', LF will be replaced by CRLF the next time Git touches it
    [detached HEAD b8feb23c] test: add missing test cases [2026-07-28 #15]
     1 file changed, 4 insertions(+), 4 deletions(-)
  [16/20] Commit #8592...
    warning: in the working copy of 'abyss/README.yml', LF will be replaced by CRLF the next time Git touches it
    [detached HEAD d69a9fb8] feat: implement new helper methods [2026-07-28 #16]
     1 file changed, 4 insertions(+), 4 deletions(-)
  [17/20] Commit #8593...
    warning: in the working copy of 'abyss/README.yml', LF will be replaced by CRLF the next time Git touches it
    [detached HEAD f4b86cfd] style: improve code formatting [2026-07-28 #17]
     1 file changed, 4 insertions(+), 4 deletions(-)
  [18/20] Commit #8594...
    warning: in the working copy of 'abyss/README.yml', LF will be replaced by CRLF the next time Git touches it
    [detached HEAD 2013e772] style: improve code formatting [2026-07-28 #18]
     1 file changed, 4 insertions(+), 4 deletions(-)
  [19/20] Commit #8595...
    warning: in the working copy of 'abyss/README.yml', LF will be replaced by CRLF the next time Git touches it
    [detached HEAD 8edc5cc4] fix: minor bug fixes [2026-07-28 #19]
     1 file changed, 4 insertions(+), 4 deletions(-)
  [20/20] Commit #8596...
    warning: in the working copy of 'abyss/README.yml', LF will be replaced by CRLF the next time Git touches it
    [detached HEAD a6f0998c] feat: implement new helper methods [2026-07-28 #20]
     1 file changed, 4 insertions(+), 4 deletions(-)

? Pushing ke remote...
  ? Branch: main
    To https://github.com/dimasrahmandaalfarizi/commit-automation.git
     + 9d8f714f...a6f0998c HEAD -> main (forced update)
  ? Branch: abbys
    To https://github.com/dimasrahmandaalfarizi/commit-automation.git
     + 9d8f714f...a6f0998c HEAD -> abbys (forced update)

????????????????????????????????????????????????
?  ? Selesai! 20 commit | 1/1 repo | 37s
????????????????????????????????????????????????
[2026-07-28 12:35:46] Program selesai.

? Stats saved ? d:\Xampp\htdocs\commit-automation-project\stats.csv
? Windows Toast sent.
[Tue 07/28/2026 12:35:46.95] ===== GitHell v2.0 Daily Run END ===== 
 
