[Thu 07/02/2026 10:01:24.21] ===== GitHell v2.0 Daily Run START ===== 
[Thu 07/02/2026 10:01:24.21] Compiling GitHell.java... 
[Thu 07/02/2026 10:01:25.75] Running daily mode... 
? Config loaded: d:\Xampp\htdocs\commit-automation-project\config.properties
????????????????????????????????????????????????
?   ? GitHell v2.0 - DAILY AUTO MODE          ?
?   Multi-Repo | Smart Msg | Retry | Stats     ?
????????????????????????????????????????????????
[2026-07-02 10:01:25] Memulai daily run...


? Repo: d:\Xampp\htdocs\commit-automation-project
???????????????????????????????????????????????????????
? Git pull...
    error: cannot pull with rebase: You have unstaged changes.
    error: Please commit or stash them.
  ??  Exit code: 128
  [01/20] Commit #8077...
    warning: in the working copy of 'abyss/README.yml', LF will be replaced by CRLF the next time Git touches it
    [main e0410a8f] refactor: reorganize file structure [2026-07-02 #1]
     1 file changed, 4 insertions(+), 4 deletions(-)
  [02/20] Commit #8078...
    warning: in the working copy of 'abyss/README.yml', LF will be replaced by CRLF the next time Git touches it
    [main 4d34aa4b] perf: optimize performance [2026-07-02 #2]
     1 file changed, 4 insertions(+), 4 deletions(-)
  [03/20] Commit #8079...
    warning: in the working copy of 'abyss/README.yml', LF will be replaced by CRLF the next time Git touches it
    [main 462dc36e] refactor: extract common utilities [2026-07-02 #3]
     1 file changed, 4 insertions(+), 4 deletions(-)
  [04/20] Commit #8080...
    warning: in the working copy of 'abyss/README.yml', LF will be replaced by CRLF the next time Git touches it
    [main 46c7a5ca] chore: remove unused code [2026-07-02 #4]
     1 file changed, 3 insertions(+), 3 deletions(-)
  [05/20] Commit #8081...
    warning: in the working copy of 'abyss/README.yml', LF will be replaced by CRLF the next time Git touches it
    [main 7eb27cb5] docs: improve README [2026-07-02 #5]
     1 file changed, 4 insertions(+), 4 deletions(-)
  [06/20] Commit #8082...
    warning: in the working copy of 'abyss/README.yml', LF will be replaced by CRLF the next time Git touches it
    [main 389ffeb3] feat: add new utility functions [2026-07-02 #6]
     1 file changed, 4 insertions(+), 4 deletions(-)
  [07/20] Commit #8083...
    warning: in the working copy of 'abyss/README.yml', LF will be replaced by CRLF the next time Git touches it
    [main 72f46ba5] feat: implement new helper methods [2026-07-02 #7]
     1 file changed, 3 insertions(+), 3 deletions(-)
  [08/20] Commit #8084...
    warning: in the working copy of 'abyss/README.yml', LF will be replaced by CRLF the next time Git touches it
    [main 4b49374e] ci: update automation pipeline [2026-07-02 #8]
     1 file changed, 4 insertions(+), 4 deletions(-)
  [09/20] Commit #8085...
    warning: in the working copy of 'abyss/README.yml', LF will be replaced by CRLF the next time Git touches it
    [main 0fa82325] refactor: improve code structure [2026-07-02 #9]
     1 file changed, 4 insertions(+), 4 deletions(-)
  [10/20] Commit #8086...
    warning: in the working copy of 'abyss/README.yml', LF will be replaced by CRLF the next time Git touches it
    [main 11b823c1] fix: minor bug fixes [2026-07-02 #10]
     1 file changed, 4 insertions(+), 4 deletions(-)
  [11/20] Commit #8087...
    warning: in the working copy of 'abyss/README.yml', LF will be replaced by CRLF the next time Git touches it
    [main 85b97bc7] build: update build scripts [2026-07-02 #11]
     1 file changed, 4 insertions(+), 4 deletions(-)
  [12/20] Commit #8088...
    warning: in the working copy of 'abyss/README.yml', LF will be replaced by CRLF the next time Git touches it
    [main 846e7343] feat: implement new helper methods [2026-07-02 #12]
     1 file changed, 4 insertions(+), 4 deletions(-)
  [13/20] Commit #8089...
    warning: in the working copy of 'abyss/README.yml', LF will be replaced by CRLF the next time Git touches it
    [main f602ac09] docs: improve README [2026-07-02 #13]
     1 file changed, 4 insertions(+), 4 deletions(-)
  [14/20] Commit #8090...
    warning: in the working copy of 'abyss/README.yml', LF will be replaced by CRLF the next time Git touches it
    [main 9972160a] refactor: reorganize file structure [2026-07-02 #14]
     1 file changed, 4 insertions(+), 4 deletions(-)
  [15/20] Commit #8091...
    warning: in the working copy of 'abyss/README.yml', LF will be replaced by CRLF the next time Git touches it
    [main db18631d] fix: minor bug fixes [2026-07-02 #15]
     1 file changed, 4 insertions(+), 4 deletions(-)
  [16/20] Commit #8092...
    warning: in the working copy of 'abyss/README.yml', LF will be replaced by CRLF the next time Git touches it
    [main 6153ea22] docs: update documentation [2026-07-02 #16]
     1 file changed, 4 insertions(+), 4 deletions(-)
  [17/20] Commit #8093...
    warning: in the working copy of 'abyss/README.yml', LF will be replaced by CRLF the next time Git touches it
    [main 5761b594] test: add missing test cases [2026-07-02 #17]
     1 file changed, 4 insertions(+), 4 deletions(-)
  [18/20] Commit #8094...
    warning: in the working copy of 'abyss/README.yml', LF will be replaced by CRLF the next time Git touches it
    [main 541a8f46] style: improve code formatting [2026-07-02 #18]
     1 file changed, 4 insertions(+), 4 deletions(-)
  [19/20] Commit #8095...
    warning: in the working copy of 'abyss/README.yml', LF will be replaced by CRLF the next time Git touches it
    [main 0fc50373] test: add missing test cases [2026-07-02 #19]
     1 file changed, 4 insertions(+), 4 deletions(-)
  [20/20] Commit #8096...
    warning: in the working copy of 'abyss/README.yml', LF will be replaced by CRLF the next time Git touches it
    [main 03d40bf4] fix: handle error gracefully [2026-07-02 #20]
     1 file changed, 4 insertions(+), 4 deletions(-)

? Pushing ke remote...
  ? Branch: main
    To https://github.com/dimasrahmandaalfarizi/commit-automation.git
     + 226d9118...03d40bf4 HEAD -> main (forced update)
  ? Branch: abbys
    To https://github.com/dimasrahmandaalfarizi/commit-automation.git
     + 226d9118...03d40bf4 HEAD -> abbys (forced update)

????????????????????????????????????????????????
?  ? Selesai! 20 commit | 1/1 repo | 38s
????????????????????????????????????????????????
[2026-07-02 10:02:04] Program selesai.

? Stats saved ? d:\Xampp\htdocs\commit-automation-project\stats.csv
? Windows Toast sent.
[Thu 07/02/2026 10:02:05.29] ===== GitHell v2.0 Daily Run END ===== 
 
