[Tue 06/30/2026 21:59:13.38] ===== GitHell v2.0 Daily Run START ===== 
[Tue 06/30/2026 21:59:13.39] Compiling GitHell.java... 
[Tue 06/30/2026 21:59:32.37] Running daily mode... 
? Config loaded: d:\Xampp\htdocs\commit-automation-project\config.properties
????????????????????????????????????????????????
?   ? GitHell v2.0 - DAILY AUTO MODE          ?
?   Multi-Repo | Smart Msg | Retry | Stats     ?
????????????????????????????????????????????????
[2026-06-30 21:59:33] Memulai daily run...


? Repo: d:\Xampp\htdocs\commit-automation-project
???????????????????????????????????????????????????????
? Git pull...
    From https://github.com/dimasrahmandaalfarizi/commit-automation
       1ba3d35b..6695ab45  abbys      -> origin/abbys
    Already up to date.
  [01/20] Commit #8037...
    warning: in the working copy of 'abyss/README.yml', LF will be replaced by CRLF the next time Git touches it
    [main 8c4d0f47] refactor: extract common utilities [2026-06-30 #1]
     1 file changed, 11 insertions(+), 5 deletions(-)
  [02/20] Commit #8038...
    warning: in the working copy of 'abyss/README.yml', LF will be replaced by CRLF the next time Git touches it
    [main e3f610e6] docs: improve README [2026-06-30 #2]
     1 file changed, 4 insertions(+), 4 deletions(-)
  [03/20] Commit #8039...
    warning: in the working copy of 'abyss/README.yml', LF will be replaced by CRLF the next time Git touches it
    [main 991fb502] build: update build scripts [2026-06-30 #3]
     1 file changed, 4 insertions(+), 4 deletions(-)
  [04/20] Commit #8040...
    warning: in the working copy of 'abyss/README.yml', LF will be replaced by CRLF the next time Git touches it
    [main fdc05254] ci: update automation pipeline [2026-06-30 #4]
     1 file changed, 4 insertions(+), 4 deletions(-)
  [05/20] Commit #8041...
    warning: in the working copy of 'abyss/README.yml', LF will be replaced by CRLF the next time Git touches it
    [main c5a482d] fix: resolve edge cases [2026-06-30 #5]
     1 file changed, 4 insertions(+), 4 deletions(-)
  [06/20] Commit #8042...
    warning: in the working copy of 'abyss/README.yml', LF will be replaced by CRLF the next time Git touches it
    [main fca0a751] perf: optimize performance [2026-06-30 #6]
     1 file changed, 4 insertions(+), 4 deletions(-)
  [07/20] Commit #8043...
    warning: in the working copy of 'abyss/README.yml', LF will be replaced by CRLF the next time Git touches it
    [main 9d4a15ea] refactor: reorganize file structure [2026-06-30 #7]
     1 file changed, 4 insertions(+), 4 deletions(-)
  [08/20] Commit #8044...
    warning: in the working copy of 'abyss/README.yml', LF will be replaced by CRLF the next time Git touches it
    [main 12106638] chore: update dependencies [2026-06-30 #8]
     1 file changed, 4 insertions(+), 4 deletions(-)
  [09/20] Commit #8045...
    warning: in the working copy of 'abyss/README.yml', LF will be replaced by CRLF the next time Git touches it
    [main e8ebc18f] docs: update documentation [2026-06-30 #9]
     1 file changed, 4 insertions(+), 4 deletions(-)
  [10/20] Commit #8046...
    warning: in the working copy of 'abyss/README.yml', LF will be replaced by CRLF the next time Git touches it
    [main 6fc6a56c] style: improve code formatting [2026-06-30 #10]
     1 file changed, 4 insertions(+), 4 deletions(-)
  [11/20] Commit #8047...
    warning: in the working copy of 'abyss/README.yml', LF will be replaced by CRLF the next time Git touches it
    [main fd99186b] feat: add new utility functions [2026-06-30 #11]
     1 file changed, 4 insertions(+), 4 deletions(-)
  [12/20] Commit #8048...
    warning: in the working copy of 'abyss/README.yml', LF will be replaced by CRLF the next time Git touches it
    [main f4ec6c27] refactor: reorganize file structure [2026-06-30 #12]
     1 file changed, 4 insertions(+), 4 deletions(-)
  [13/20] Commit #8049...
    warning: in the working copy of 'abyss/README.yml', LF will be replaced by CRLF the next time Git touches it
    [main 2575f27f] test: add missing test cases [2026-06-30 #13]
     1 file changed, 4 insertions(+), 4 deletions(-)
  [14/20] Commit #8050...
    warning: in the working copy of 'abyss/README.yml', LF will be replaced by CRLF the next time Git touches it
    [main 86db6b1f] docs: update documentation [2026-06-30 #14]
     1 file changed, 4 insertions(+), 4 deletions(-)
  [15/20] Commit #8051...
    warning: in the working copy of 'abyss/README.yml', LF will be replaced by CRLF the next time Git touches it
    [main 94fe7ee8] refactor: reorganize file structure [2026-06-30 #15]
     1 file changed, 4 insertions(+), 4 deletions(-)
  [16/20] Commit #8052...
    warning: in the working copy of 'abyss/README.yml', LF will be replaced by CRLF the next time Git touches it
    [main a986bdf6] chore: update project files [2026-06-30 #16]
     1 file changed, 4 insertions(+), 4 deletions(-)
  [17/20] Commit #8053...
    warning: in the working copy of 'abyss/README.yml', LF will be replaced by CRLF the next time Git touches it
    [main 3ee05c4a] docs: improve README [2026-06-30 #17]
     1 file changed, 4 insertions(+), 4 deletions(-)
  [18/20] Commit #8054...
    warning: in the working copy of 'abyss/README.yml', LF will be replaced by CRLF the next time Git touches it
    [main c788ed87] ci: update automation pipeline [2026-06-30 #18]
     1 file changed, 4 insertions(+), 4 deletions(-)
  [19/20] Commit #8055...
    warning: in the working copy of 'abyss/README.yml', LF will be replaced by CRLF the next time Git touches it
    [main faf570ea] test: add missing test cases [2026-06-30 #19]
     1 file changed, 4 insertions(+), 4 deletions(-)
  [20/20] Commit #8056...
    warning: in the working copy of 'abyss/README.yml', LF will be replaced by CRLF the next time Git touches it
    [main a4ffb986] style: improve code formatting [2026-06-30 #20]
     1 file changed, 4 insertions(+), 4 deletions(-)

? Pushing ke remote...
  ? Branch: main
    To https://github.com/dimasrahmandaalfarizi/commit-automation.git
       a41fff45..a4ffb986  HEAD -> main
  ? Branch: abbys
    To https://github.com/dimasrahmandaalfarizi/commit-automation.git
       6695ab45..a4ffb986  HEAD -> abbys

????????????????????????????????????????????????
?  ? Selesai! 20 commit | 1/1 repo | 61s
????????????????????????????????????????????????
[2026-06-30 22:00:35] Program selesai.

? Stats saved ? d:\Xampp\htdocs\commit-automation-project\stats.csv
? Windows Toast sent.
[Tue 06/30/2026 22:00:35.63] ===== GitHell v2.0 Daily Run END ===== 
 
