[Wed 07/08/2026 12:43:57.24] ===== GitHell v2.0 Daily Run START ===== 
[Wed 07/08/2026 12:43:57.25] Compiling GitHell.java... 
[Wed 07/08/2026 12:43:58.79] Running daily mode... 
? Config loaded: d:\Xampp\htdocs\commit-automation-project\config.properties
????????????????????????????????????????????????
?   ? GitHell v2.0 - DAILY AUTO MODE          ?
?   Multi-Repo | Smart Msg | Retry | Stats     ?
????????????????????????????????????????????????
[2026-07-08 12:43:58] Memulai daily run...


? Repo: d:\Xampp\htdocs\commit-automation-project
???????????????????????????????????????????????????????
? Git pull...
    error: cannot pull with rebase: You have unstaged changes.
    error: Please commit or stash them.
  ??  Exit code: 128
  [01/20] Commit #8177...
    warning: in the working copy of 'abyss/README.yml', LF will be replaced by CRLF the next time Git touches it
    [main 0c8a4c0c] chore: update dependencies [2026-07-08 #1]
     1 file changed, 4 insertions(+), 4 deletions(-)
  [02/20] Commit #8178...
    warning: in the working copy of 'abyss/README.yml', LF will be replaced by CRLF the next time Git touches it
    [main d7a1f66c] refactor: reorganize file structure [2026-07-08 #2]
     1 file changed, 4 insertions(+), 4 deletions(-)
  [03/20] Commit #8179...
    warning: in the working copy of 'abyss/README.yml', LF will be replaced by CRLF the next time Git touches it
    [main c3cb463f] docs: improve README [2026-07-08 #3]
     1 file changed, 4 insertions(+), 4 deletions(-)
  [04/20] Commit #8180...
    warning: in the working copy of 'abyss/README.yml', LF will be replaced by CRLF the next time Git touches it
    [main 2f96b1aa] ci: update automation pipeline [2026-07-08 #4]
     1 file changed, 4 insertions(+), 4 deletions(-)
  [05/20] Commit #8181...
    warning: in the working copy of 'abyss/README.yml', LF will be replaced by CRLF the next time Git touches it
    [main 1719b54a] feat: add new utility functions [2026-07-08 #5]
     1 file changed, 4 insertions(+), 4 deletions(-)
  [06/20] Commit #8182...
    warning: in the working copy of 'abyss/README.yml', LF will be replaced by CRLF the next time Git touches it
    [main f4d5d0eb] fix: resolve edge cases [2026-07-08 #6]
     1 file changed, 4 insertions(+), 4 deletions(-)
  [07/20] Commit #8183...
    warning: in the working copy of 'abyss/README.yml', LF will be replaced by CRLF the next time Git touches it
    [main 1b6fe150] chore: remove unused code [2026-07-08 #7]
     1 file changed, 4 insertions(+), 4 deletions(-)
  [08/20] Commit #8184...
    warning: in the working copy of 'abyss/README.yml', LF will be replaced by CRLF the next time Git touches it
    [main 5b2fdc5b] test: add missing test cases [2026-07-08 #8]
     1 file changed, 4 insertions(+), 4 deletions(-)
  [09/20] Commit #8185...
    warning: in the working copy of 'abyss/README.yml', LF will be replaced by CRLF the next time Git touches it
    [main 8591bbef] ci: update automation pipeline [2026-07-08 #9]
     1 file changed, 4 insertions(+), 4 deletions(-)
  [10/20] Commit #8186...
    warning: in the working copy of 'abyss/README.yml', LF will be replaced by CRLF the next time Git touches it
    [main 8649712d] fix: handle error gracefully [2026-07-08 #10]
     1 file changed, 4 insertions(+), 4 deletions(-)
  [11/20] Commit #8187...
    warning: in the working copy of 'abyss/README.yml', LF will be replaced by CRLF the next time Git touches it
    [main 43e5b0b6] chore: remove unused code [2026-07-08 #11]
     1 file changed, 4 insertions(+), 4 deletions(-)
  [12/20] Commit #8188...
    warning: in the working copy of 'abyss/README.yml', LF will be replaced by CRLF the next time Git touches it
    [main 7ade295e] chore: update dependencies [2026-07-08 #12]
     1 file changed, 4 insertions(+), 4 deletions(-)
  [13/20] Commit #8189...
    warning: in the working copy of 'abyss/README.yml', LF will be replaced by CRLF the next time Git touches it
    [main 7bbe9c2e] refactor: improve code structure [2026-07-08 #13]
     1 file changed, 4 insertions(+), 4 deletions(-)
  [14/20] Commit #8190...
    warning: in the working copy of 'abyss/README.yml', LF will be replaced by CRLF the next time Git touches it
    [main 0caa9df1] chore: update dependencies [2026-07-08 #14]
     1 file changed, 4 insertions(+), 4 deletions(-)
  [15/20] Commit #8191...
    warning: in the working copy of 'abyss/README.yml', LF will be replaced by CRLF the next time Git touches it
    [main b1d3cc59] chore: remove unused code [2026-07-08 #15]
     1 file changed, 3 insertions(+), 3 deletions(-)
  [16/20] Commit #8192...
    warning: in the working copy of 'abyss/README.yml', LF will be replaced by CRLF the next time Git touches it
    [main 4c7b50bb] refactor: improve code structure [2026-07-08 #16]
     1 file changed, 4 insertions(+), 4 deletions(-)
  [17/20] Commit #8193...
    warning: in the working copy of 'abyss/README.yml', LF will be replaced by CRLF the next time Git touches it
    [main 77871b4f] fix: handle error gracefully [2026-07-08 #17]
     1 file changed, 4 insertions(+), 4 deletions(-)
  [18/20] Commit #8194...
    warning: in the working copy of 'abyss/README.yml', LF will be replaced by CRLF the next time Git touches it
    [main 1b4ef59b] refactor: reorganize file structure [2026-07-08 #18]
     1 file changed, 4 insertions(+), 4 deletions(-)
  [19/20] Commit #8195...
    warning: in the working copy of 'abyss/README.yml', LF will be replaced by CRLF the next time Git touches it
    [main 7bfdf376] chore: remove unused code [2026-07-08 #19]
     1 file changed, 4 insertions(+), 4 deletions(-)
  [20/20] Commit #8196...
    warning: in the working copy of 'abyss/README.yml', LF will be replaced by CRLF the next time Git touches it
    [main 5e8074ba] chore: update project files [2026-07-08 #20]
     1 file changed, 4 insertions(+), 4 deletions(-)

? Pushing ke remote...
  ? Branch: main
    To https://github.com/dimasrahmandaalfarizi/commit-automation.git
     + 19e67091...5e8074ba HEAD -> main (forced update)
  ? Branch: abbys
    To https://github.com/dimasrahmandaalfarizi/commit-automation.git
     + 19e67091...5e8074ba HEAD -> abbys (forced update)

????????????????????????????????????????????????
?  ? Selesai! 20 commit | 1/1 repo | 34s
????????????????????????????????????????????????
[2026-07-08 12:44:33] Program selesai.

? Stats saved ? d:\Xampp\htdocs\commit-automation-project\stats.csv
? Windows Toast sent.
[Wed 07/08/2026 12:44:34.06] ===== GitHell v2.0 Daily Run END ===== 
 
